Component: ARM Compiler 5.05 update 1 (build 106) Tool: armlink [4d0efa]

==============================================================================

Section Cross References

    startup_stm32f407xx.o(RESET) refers to startup_stm32f407xx.o(STACK) for __initial_sp
    startup_stm32f407xx.o(RESET) refers to startup_stm32f407xx.o(.text) for Reset_Handler
    startup_stm32f407xx.o(RESET) refers to stm32f4xx_it.o(i.NMI_Handler) for NMI_Handler
    startup_stm32f407xx.o(RESET) refers to stm32f4xx_it.o(i.HardFault_Handler) for HardFault_Handler
    startup_stm32f407xx.o(RESET) refers to stm32f4xx_it.o(i.MemManage_Handler) for MemManage_Handler
    startup_stm32f407xx.o(RESET) refers to stm32f4xx_it.o(i.BusFault_Handler) for BusFault_Handler
    startup_stm32f407xx.o(RESET) refers to stm32f4xx_it.o(i.UsageFault_Handler) for UsageFault_Handler
    startup_stm32f407xx.o(RESET) refers to stm32f4xx_it.o(i.SVC_Handler) for SVC_Handler
    startup_stm32f407xx.o(RESET) refers to stm32f4xx_it.o(i.DebugMon_Handler) for DebugMon_Handler
    startup_stm32f407xx.o(RESET) refers to stm32f4xx_it.o(i.PendSV_Handler) for PendSV_Handler
    startup_stm32f407xx.o(RESET) refers to stm32f4xx_it.o(i.SysTick_Handler) for SysTick_Handler
    startup_stm32f407xx.o(RESET) refers to stm32f4xx_it.o(i.EXTI9_5_IRQHandler) for EXTI9_5_IRQHandler
    startup_stm32f407xx.o(RESET) refers to stm32f4xx_it.o(i.USART1_IRQHandler) for USART1_IRQHandler
    startup_stm32f407xx.o(RESET) refers to stm32f4xx_it.o(i.DMA2_Stream2_IRQHandler) for DMA2_Stream2_IRQHandler
    startup_stm32f407xx.o(.text) refers to system_stm32f4xx.o(i.SystemInit) for SystemInit
    startup_stm32f407xx.o(.text) refers to entry.o(.ARM.Collect$$$$00000000) for __main
    system_stm32f4xx.o(i.SystemCoreClockUpdate) refers to system_stm32f4xx.o(.data) for SystemCoreClock
    system_stm32f4xx.o(i.SystemCoreClockUpdate) refers to system_stm32f4xx.o(.constdata) for AHBPrescTable
    stm32f4xx_hal_rcc.o(i.HAL_RCC_ClockConfig) refers to stm32f4xx_hal.o(i.HAL_GetTick) for HAL_GetTick
    stm32f4xx_hal_rcc.o(i.HAL_RCC_ClockConfig) refers to stm32f4xx_hal_rcc.o(i.HAL_RCC_GetSysClockFreq) for HAL_RCC_GetSysClockFreq
    stm32f4xx_hal_rcc.o(i.HAL_RCC_ClockConfig) refers to stm32f4xx_hal.o(i.HAL_InitTick) for HAL_InitTick
    stm32f4xx_hal_rcc.o(i.HAL_RCC_ClockConfig) refers to system_stm32f4xx.o(.constdata) for AHBPrescTable
    stm32f4xx_hal_rcc.o(i.HAL_RCC_ClockConfig) refers to system_stm32f4xx.o(.data) for SystemCoreClock
    stm32f4xx_hal_rcc.o(i.HAL_RCC_GetHCLKFreq) refers to system_stm32f4xx.o(.data) for SystemCoreClock
    stm32f4xx_hal_rcc.o(i.HAL_RCC_GetPCLK1Freq) refers to stm32f4xx_hal_rcc.o(i.HAL_RCC_GetHCLKFreq) for HAL_RCC_GetHCLKFreq
    stm32f4xx_hal_rcc.o(i.HAL_RCC_GetPCLK1Freq) refers to system_stm32f4xx.o(.constdata) for APBPrescTable
    stm32f4xx_hal_rcc.o(i.HAL_RCC_GetPCLK2Freq) refers to stm32f4xx_hal_rcc.o(i.HAL_RCC_GetHCLKFreq) for HAL_RCC_GetHCLKFreq
    stm32f4xx_hal_rcc.o(i.HAL_RCC_GetPCLK2Freq) refers to system_stm32f4xx.o(.constdata) for APBPrescTable
    stm32f4xx_hal_rcc.o(i.HAL_RCC_MCOConfig) refers to stm32f4xx_hal_gpio.o(i.HAL_GPIO_Init) for HAL_GPIO_Init
    stm32f4xx_hal_rcc.o(i.HAL_RCC_NMI_IRQHandler) refers to stm32f4xx_hal_rcc.o(i.HAL_RCC_CSSCallback) for HAL_RCC_CSSCallback
    stm32f4xx_hal_rcc.o(i.HAL_RCC_OscConfig) refers to stm32f4xx_hal.o(i.HAL_GetTick) for HAL_GetTick
    stm32f4xx_hal_pwr_ex.o(i.HAL_PWREx_ControlVoltageScaling) refers to stm32f4xx_hal.o(i.HAL_GetTick) for HAL_GetTick
    stm32f4xx_hal_pwr_ex.o(i.HAL_PWREx_DisableBkUpReg) refers to stm32f4xx_hal.o(i.HAL_GetTick) for HAL_GetTick
    stm32f4xx_hal_pwr_ex.o(i.HAL_PWREx_EnableBkUpReg) refers to stm32f4xx_hal.o(i.HAL_GetTick) for HAL_GetTick
    stm32f4xx_hal.o(i.HAL_DeInit) refers to stm32f4xx_hal.o(i.HAL_MspDeInit) for HAL_MspDeInit
    stm32f4xx_hal.o(i.HAL_Delay) refers to stm32f4xx_hal.o(i.HAL_GetTick) for HAL_GetTick
    stm32f4xx_hal.o(i.HAL_GetTick) refers to stm32f4xx_hal.o(.data) for uwTick
    stm32f4xx_hal.o(i.HAL_IncTick) refers to stm32f4xx_hal.o(.data) for uwTick
    stm32f4xx_hal.o(i.HAL_Init) refers to stm32f4xx_hal_cortex.o(i.HAL_NVIC_SetPriorityGrouping) for HAL_NVIC_SetPriorityGrouping
    stm32f4xx_hal.o(i.HAL_Init) refers to stm32f4xx_hal.o(i.HAL_InitTick) for HAL_InitTick
    stm32f4xx_hal.o(i.HAL_Init) refers to stm32f4xx_hal_msp.o(i.HAL_MspInit) for HAL_MspInit
    stm32f4xx_hal.o(i.HAL_InitTick) refers to stm32f4xx_hal_cortex.o(i.HAL_SYSTICK_Config) for HAL_SYSTICK_Config
    stm32f4xx_hal.o(i.HAL_InitTick) refers to stm32f4xx_hal_cortex.o(i.HAL_NVIC_SetPriority) for HAL_NVIC_SetPriority
    stm32f4xx_hal.o(i.HAL_InitTick) refers to system_stm32f4xx.o(.data) for SystemCoreClock
    stm32f4xx_hal_uart.o(i.HAL_HalfDuplex_Init) refers to usart.o(i.HAL_UART_MspInit) for HAL_UART_MspInit
    stm32f4xx_hal_uart.o(i.HAL_HalfDuplex_Init) refers to stm32f4xx_hal_uart.o(i.UART_SetConfig) for UART_SetConfig
[...]
    Removing stm32f4xx_hal.o(i.HAL_GetUID), (28 bytes).
    Removing stm32f4xx_hal.o(i.HAL_MspDeInit), (2 bytes).
    Removing stm32f4xx_hal.o(i.HAL_MspInit), (2 bytes).
    Removing stm32f4xx_hal.o(i.HAL_ResumeTick), (18 bytes).
    Removing stm32f4xx_hal.o(i.HAL_SuspendTick), (18 bytes).
    Removing stm32f4xx_hal_tim.o(.rev16_text), (4 bytes).
    Removing stm32f4xx_hal_tim.o(.revsh_text), (4 bytes).
    Removing stm32f4xx_hal_tim.o(.rrx_text), (6 bytes).
    Removing stm32f4xx_hal_tim_ex.o(.rev16_text), (4 bytes).
    Removing stm32f4xx_hal_tim_ex.o(.revsh_text), (4 bytes).
    Removing stm32f4xx_hal_tim_ex.o(.rrx_text), (6 bytes).
    Removing stm32f4xx_hal_uart.o(.rev16_text), (4 bytes).
    Removing stm32f4xx_hal_uart.o(.revsh_text), (4 bytes).
    Removing stm32f4xx_hal_uart.o(.rrx_text), (6 bytes).
    Removing stm32f4xx_hal_uart.o(i.HAL_HalfDuplex_EnableReceiver), (68 bytes).
    Removing stm32f4xx_hal_uart.o(i.HAL_HalfDuplex_EnableTransmitter), (68 bytes).
    Removing stm32f4xx_hal_uart.o(i.HAL_HalfDuplex_Init), (118 bytes).
    Removing stm32f4xx_hal_uart.o(i.HAL_LIN_Init), (142 bytes).
    Removing stm32f4xx_hal_uart.o(i.HAL_LIN_SendBreak), (62 bytes).
    Removing stm32f4xx_hal_uart.o(i.HAL_MultiProcessor_EnterMuteMode), (62 bytes).
    Removing stm32f4xx_hal_uart.o(i.HAL_MultiProcessor_ExitMuteMode), (62 bytes).
    Removing stm32f4xx_hal_uart.o(i.HAL_MultiProcessor_Init), (154 bytes).
    Removing stm32f4xx_hal_uart.o(i.HAL_UART_Abort), (126 bytes).
    Removing stm32f4xx_hal_uart.o(i.HAL_UART_AbortCpltCallback), (2 bytes).
    Removing stm32f4xx_hal_uart.o(i.HAL_UART_AbortReceive), (80 bytes).
    Removing stm32f4xx_hal_uart.o(i.HAL_UART_AbortReceiveCpltCallback), (2 bytes).
    Removing stm32f4xx_hal_uart.o(i.HAL_UART_AbortReceive_IT), (120 bytes).
    Removing stm32f4xx_hal_uart.o(i.HAL_UART_AbortTransmit), (68 bytes).
    Removing stm32f4xx_hal_uart.o(i.HAL_UART_AbortTransmitCpltCallback), (2 bytes).
    Removing stm32f4xx_hal_uart.o(i.HAL_UART_AbortTransmit_IT), (108 bytes).
    Removing stm32f4xx_hal_uart.o(i.HAL_UART_Abort_IT), (216 bytes).
    Removing stm32f4xx_hal_uart.o(i.HAL_UART_DMAPause), (124 bytes).
    Removing stm32f4xx_hal_uart.o(i.HAL_UART_DMAResume), (126 bytes).
    Removing stm32f4xx_hal_uart.o(i.HAL_UART_DMAStop), (102 bytes).
    Removing stm32f4xx_hal_uart.o(i.HAL_UART_DeInit), (46 bytes).
    Removing stm32f4xx_hal_uart.o(i.HAL_UART_GetError), (6 bytes).
    Removing stm32f4xx_hal_uart.o(i.HAL_UART_GetState), (20 bytes).
    Removing stm32f4xx_hal_uart.o(i.HAL_UART_MspDeInit), (2 bytes).
    Removing stm32f4xx_hal_uart.o(i.HAL_UART_MspInit), (2 bytes).
    Removing stm32f4xx_hal_uart.o(i.HAL_UART_Receive), (222 bytes).
    Removing stm32f4xx_hal_uart.o(i.HAL_UART_Receive_IT), (100 bytes).
    Removing stm32f4xx_hal_uart.o(i.HAL_UART_RxCpltCallback), (2 bytes).
    Removing stm32f4xx_hal_uart.o(i.HAL_UART_Transmit_DMA), (156 bytes).
    Removing stm32f4xx_hal_uart.o(i.HAL_UART_Transmit_IT), (88 bytes).
    Removing stm32f4xx_hal_uart.o(i.HAL_UART_TxCpltCallback), (2 bytes).
    Removing stm32f4xx_hal_uart.o(i.HAL_UART_TxHalfCpltCallback), (2 bytes).
    Removing stm32f4xx_hal_uart.o(i.UART_DMARxAbortCallback), (52 bytes).
    Removing stm32f4xx_hal_uart.o(i.UART_DMARxOnlyAbortCallback), (24 bytes).
    Removing stm32f4xx_hal_uart.o(i.UART_DMATransmitCplt), (54 bytes).
    Removing stm32f4xx_hal_uart.o(i.UART_DMATxAbortCallback), (52 bytes).
    Removing stm32f4xx_hal_uart.o(i.UART_DMATxHalfCplt), (14 bytes).
    Removing stm32f4xx_hal_uart.o(i.UART_DMATxOnlyAbortCallback), (24 bytes).
    Removing stm32f4xx_hal_dma_ex.o(.rev16_text), (4 bytes).
    Removing stm32f4xx_hal_dma_ex.o(.revsh_text), (4 bytes).
    Removing stm32f4xx_hal_dma_ex.o(.rrx_text), (6 bytes).
    Removing stm32f4xx_hal_dma_ex.o(i.DMA_MultiBufferSetConfig), (32 bytes).
    Removing stm32f4xx_hal_dma_ex.o(i.HAL_DMAEx_ChangeMemory), (18 bytes).
    Removing stm32f4xx_hal_dma_ex.o(i.HAL_DMAEx_MultiBufferStart), (124 bytes).
    Removing stm32f4xx_hal_dma_ex.o(i.HAL_DMAEx_MultiBufferStart_IT), (4064 bytes).
    Removing stm32f4xx_hal_flash_ex.o(.rev16_text), (4 bytes).
    Removing stm32f4xx_hal_flash_ex.o(.revsh_text), (4 bytes).
    Removing stm32f4xx_hal_flash_ex.o(.rrx_text), (6 bytes).
    Removing stm32f4xx_hal_flash_ex.o(i.FLASH_Erase_Sector), (104 bytes).
    Removing stm32f4xx_hal_flash_ex.o(i.FLASH_FlushCaches), (120 bytes).
    Removing stm32f4xx_hal_flash_ex.o(i.FLASH_MassErase), (48 bytes).
    Removing stm32f4xx_hal_flash_ex.o(i.FLASH_OB_BOR_LevelConfig), (32 bytes).
    Removing stm32f4xx_hal_flash_ex.o(i.FLASH_OB_DisableWRP), (40 bytes).
    Removing stm32f4xx_hal_flash_ex.o(i.FLASH_OB_EnableWRP), (40 bytes).
    Removing stm32f4xx_hal_flash_ex.o(i.FLASH_OB_GetBOR), (16 bytes).
    Removing stm32f4xx_hal_flash_ex.o(i.FLASH_OB_GetRDP), (36 bytes).
    Removing stm32f4xx_hal_flash_ex.o(i.FLASH_OB_GetUser), (16 bytes).
    Removing stm32f4xx_hal_flash_ex.o(i.FLASH_OB_GetWRP), (12 bytes).
    Removing stm32f4xx_hal_flash_ex.o(i.FLASH_OB_RDP_LevelConfig), (32 bytes).
    Removing stm32f4xx_hal_flash_ex.o(i.FLASH_OB_UserConfig), (60 bytes).
    Removing stm32f4xx_hal_flash_ex.o(i.HAL_FLASHEx_Erase), (172 bytes).
    Removing stm32f4xx_hal_flash_ex.o(i.HAL_FLASHEx_Erase_IT), (120 bytes).
    Removing stm32f4xx_hal_flash_ex.o(i.HAL_FLASHEx_OBGetConfig), (34 bytes).
    Removing stm32f4xx_hal_flash_ex.o(i.HAL_FLASHEx_OBProgram), (148 bytes).
    Removing stm32f4xx_hal_pwr.o(.rev16_text), (4 bytes).
    Removing stm32f4xx_hal_pwr.o(.revsh_text), (4 bytes).
    Removing stm32f4xx_hal_pwr.o(.rrx_text), (6 bytes).
    Removing stm32f4xx_hal_pwr.o(i.HAL_PWR_ConfigPVD), (180 bytes).
    Removing stm32f4xx_hal_pwr.o(i.HAL_PWR_DeInit), (28 bytes).
    Removing stm32f4xx_hal_pwr.o(i.HAL_PWR_DisableBkUpAccess), (28 bytes).
    Removing stm32f4xx_hal_pwr.o(i.HAL_PWR_DisablePVD), (24 bytes).
    Removing stm32f4xx_hal_pwr.o(i.HAL_PWR_DisableSEVOnPend), (20 bytes).
    Removing stm32f4xx_hal_pwr.o(i.HAL_PWR_DisableSleepOnExit), (20 bytes).
    Removing stm32f4xx_hal_pwr.o(i.HAL_PWR_DisableWakeUpPin), (16 bytes).
    Removing stm32f4xx_hal_pwr.o(i.HAL_PWR_EnableBkUpAccess), (24 bytes).
    Removing stm32f4xx_hal_pwr.o(i.HAL_PWR_EnablePVD), (24 bytes).
    Removing stm32f4xx_hal_pwr.o(i.HAL_PWR_EnableSEVOnPend), (20 bytes).
    Removing stm32f4xx_hal_pwr.o(i.HAL_PWR_EnableSleepOnExit), (20 bytes).
    Removing stm32f4xx_hal_pwr.o(i.HAL_PWR_EnableWakeUpPin), (16 bytes).
    Removing stm32f4xx_hal_pwr.o(i.HAL_PWR_EnterSLEEPMode), (32 bytes).
    Removing stm32f4xx_hal_pwr.o(i.HAL_PWR_EnterSTANDBYMode), (40 bytes).
    Removing stm32f4xx_hal_pwr.o(i.HAL_PWR_EnterSTOPMode), (64 bytes).
    Removing stm32f4xx_hal_pwr.o(i.HAL_PWR_PVDCallback), (2 bytes).
    Removing stm32f4xx_hal_pwr.o(i.HAL_PWR_PVD_IRQHandler), (32 bytes).
    Removing stm32f4xx_hal_cortex.o(.rev16_text), (4 bytes).
    Removing stm32f4xx_hal_cortex.o(.revsh_text), (4 bytes).
    Removing stm32f4xx_hal_cortex.o(.rrx_text), (6 bytes).
    Removing stm32f4xx_hal_cortex.o(i.HAL_MPU_ConfigRegion), (92 bytes).
    Removing stm32f4xx_hal_cortex.o(i.HAL_MPU_Disable), (44 bytes).
    Removing stm32f4xx_hal_cortex.o(i.HAL_MPU_Enable), (64 bytes).
    Removing stm32f4xx_hal_cortex.o(i.HAL_NVIC_ClearPendingIRQ), (28 bytes).
    Removing stm32f4xx_hal_cortex.o(i.HAL_NVIC_DisableIRQ), (28 bytes).
    Removing stm32f4xx_hal_cortex.o(i.HAL_NVIC_GetActive), (40 bytes).
    Removing stm32f4xx_hal_cortex.o(i.HAL_NVIC_GetPendingIRQ), (40 bytes).
    Removing stm32f4xx_hal_cortex.o(i.HAL_NVIC_GetPriority), (148 bytes).
    Removing stm32f4xx_hal_cortex.o(i.HAL_NVIC_GetPriorityGrouping), (8 bytes).
    Removing stm32f4xx_hal_cortex.o(i.HAL_NVIC_SetPendingIRQ), (28 bytes).
    Removing stm32f4xx_hal_cortex.o(i.HAL_NVIC_SystemReset), (68 bytes).
    Removing stm32f4xx_hal_flash_ramfunc.o(.rev16_text), (4 bytes).
    Removing stm32f4xx_hal_flash_ramfunc.o(.revsh_text), (4 bytes).
    Removing stm32f4xx_hal_flash_ramfunc.o(.rrx_text), (6 bytes).
    Removing stm32f4xx_hal_gpio.o(.rev16_text), (4 bytes).
    Removing stm32f4xx_hal_gpio.o(.revsh_text), (4 bytes).
    Removing stm32f4xx_hal_gpio.o(.rrx_text), (6 bytes).
    Removing stm32f4xx_hal_gpio.o(i.HAL_GPIO_DeInit), (356 bytes).
    Removing stm32f4xx_hal_gpio.o(i.HAL_GPIO_LockPin), (46 bytes).
    Removing stm32f4xx_hal_gpio.o(i.HAL_GPIO_TogglePin), (8 bytes).
    Removing stm32f4xx_hal_flash.o(.rev16_text), (4 bytes).
    Removing stm32f4xx_hal_flash.o(.revsh_text), (4 bytes).
    Removing stm32f4xx_hal_flash.o(.rrx_text), (6 bytes).
    Removing stm32f4xx_hal_flash.o(i.FLASH_Program_Byte), (36 bytes).
    Removing stm32f4xx_hal_flash.o(i.FLASH_Program_DoubleWord), (44 bytes).
    Removing stm32f4xx_hal_flash.o(i.FLASH_Program_HalfWord), (40 bytes).
    Removing stm32f4xx_hal_flash.o(i.FLASH_Program_Word), (40 bytes).
    Removing stm32f4xx_hal_flash.o(i.FLASH_SetErrorCode), (152 bytes).
    Removing stm32f4xx_hal_flash.o(i.FLASH_WaitForLastOperation), (100 bytes).
    Removing stm32f4xx_hal_flash.o(i.HAL_FLASH_EndOfOperationCallback), (2 bytes).
    Removing stm32f4xx_hal_flash.o(i.HAL_FLASH_GetError), (12 bytes).
    Removing stm32f4xx_hal_flash.o(i.HAL_FLASH_IRQHandler), (272 bytes).
    Removing stm32f4xx_hal_flash.o(i.HAL_FLASH_Lock), (20 bytes).
    Removing stm32f4xx_hal_flash.o(i.HAL_FLASH_OB_Launch), (28 bytes).
    Removing stm32f4xx_hal_flash.o(i.HAL_FLASH_OB_Lock), (20 bytes).
    Removing stm32f4xx_hal_flash.o(i.HAL_FLASH_OB_Unlock), (44 bytes).
    Removing stm32f4xx_hal_flash.o(i.HAL_FLASH_OperationErrorCallback), (2 bytes).
    Removing stm32f4xx_hal_flash.o(i.HAL_FLASH_Program), (152 bytes).
    Removing stm32f4xx_hal_flash.o(i.HAL_FLASH_Program_IT), (136 bytes).
    Removing stm32f4xx_hal_flash.o(i.HAL_FLASH_Unlock), (44 bytes).
    Removing stm32f4xx_hal_flash.o(.bss), (32 bytes).
    Removing stm32f4xx_hal_dma.o(.rev16_text), (4 bytes).
    Removing stm32f4xx_hal_dma.o(.revsh_text), (4 bytes).
    Removing stm32f4xx_hal_dma.o(.rrx_text), (6 bytes).
    Removing stm32f4xx_hal_dma.o(i.HAL_DMA_Abort), (170 bytes).
    Removing stm32f4xx_hal_dma.o(i.HAL_DMA_DeInit), (98 bytes).
    Removing stm32f4xx_hal_dma.o(i.HAL_DMA_GetError), (6 bytes).
    Removing stm32f4xx_hal_dma.o(i.HAL_DMA_GetState), (8 bytes).
    Removing stm32f4xx_hal_dma.o(i.HAL_DMA_PollForTransfer), (356 bytes).
    Removing stm32f4xx_hal_dma.o(i.HAL_DMA_RegisterCallback), (94 bytes).
    Removing stm32f4xx_hal_dma.o(i.HAL_DMA_Start), (102 bytes).
    Removing stm32f4xx_hal_dma.o(i.HAL_DMA_UnRegisterCallback), (124 bytes).
    Removing stm32f4xx_hal_rcc_ex.o(.rev16_text), (4 bytes).
    Removing stm32f4xx_hal_rcc_ex.o(.revsh_text), (4 bytes).
    Removing stm32f4xx_hal_rcc_ex.o(.rrx_text), (6 bytes).
    Removing stm32f4xx_hal_rcc_ex.o(i.HAL_RCCEx_GetPeriphCLKConfig), (80 bytes).
    Removing stm32f4xx_hal_rcc_ex.o(i.HAL_RCCEx_GetPeriphCLKFreq), (144 bytes).
    Removing stm32f4xx_hal_rcc_ex.o(i.HAL_RCCEx_PeriphCLKConfig), (440 bytes).
    Removing stm32f4xx_hal_rcc_ex.o(i.HAL_RCC_DeInit), (116 bytes).
    Removing stm32f4xx_ll_fsmc.o(.rev16_text), (4 bytes).
    Removing stm32f4xx_ll_fsmc.o(.revsh_text), (4 bytes).
    Removing stm32f4xx_ll_fsmc.o(.rrx_text), (6 bytes).
    Removing stm32f4xx_ll_fsmc.o(i.FSMC_NAND_AttributeSpace_Timing_Init), (54 bytes).
    Removing stm32f4xx_ll_fsmc.o(i.FSMC_NAND_CommonSpace_Timing_Init), (54 bytes).
    Removing stm32f4xx_ll_fsmc.o(i.FSMC_NAND_DeInit), (66 bytes).
    Removing stm32f4xx_ll_fsmc.o(i.FSMC_NAND_ECC_Disable), (28 bytes).
    Removing stm32f4xx_ll_fsmc.o(i.FSMC_NAND_ECC_Enable), (28 bytes).
    Removing stm32f4xx_ll_fsmc.o(i.FSMC_NAND_GetECC), (88 bytes).
    Removing stm32f4xx_ll_fsmc.o(i.FSMC_NAND_Init), (76 bytes).
    Removing stm32f4xx_ll_fsmc.o(i.FSMC_NORSRAM_DeInit), (56 bytes).
    Removing stm32f4xx_ll_fsmc.o(i.FSMC_NORSRAM_WriteOperation_Disable), (18 bytes).
    Removing stm32f4xx_ll_fsmc.o(i.FSMC_NORSRAM_WriteOperation_Enable), (18 bytes).
    Removing stm32f4xx_ll_fsmc.o(i.FSMC_PCCARD_AttributeSpace_Timing_Init), (38 bytes).
    Removing stm32f4xx_ll_fsmc.o(i.FSMC_PCCARD_CommonSpace_Timing_Init), (38 bytes).
    Removing stm32f4xx_ll_fsmc.o(i.FSMC_PCCARD_DeInit), (32 bytes).
    Removing stm32f4xx_ll_fsmc.o(i.FSMC_PCCARD_IOSpace_Timing_Init), (38 bytes).
    Removing stm32f4xx_ll_fsmc.o(i.FSMC_PCCARD_Init), (44 bytes).
    Removing stm32f4xx_hal_sram.o(.rev16_text), (4 bytes).
    Removing stm32f4xx_hal_sram.o(.revsh_text), (4 bytes).
    Removing stm32f4xx_hal_sram.o(.rrx_text), (6 bytes).
    Removing stm32f4xx_hal_sram.o(i.HAL_SRAM_DMA_XferCpltCallback), (2 bytes).
    Removing stm32f4xx_hal_sram.o(i.HAL_SRAM_DMA_XferErrorCallback), (2 bytes).
    Removing stm32f4xx_hal_sram.o(i.HAL_SRAM_DeInit), (34 bytes).
    Removing stm32f4xx_hal_sram.o(i.HAL_SRAM_GetState), (8 bytes).
    Removing stm32f4xx_hal_sram.o(i.HAL_SRAM_MspDeInit), (2 bytes).
    Removing stm32f4xx_hal_sram.o(i.HAL_SRAM_MspInit), (2 bytes).
    Removing stm32f4xx_hal_sram.o(i.HAL_SRAM_Read_16b), (70 bytes).
    Removing stm32f4xx_hal_sram.o(i.HAL_SRAM_Read_32b), (68 bytes).
    Removing stm32f4xx_hal_sram.o(i.HAL_SRAM_Read_8b), (70 bytes).
    Removing stm32f4xx_hal_sram.o(i.HAL_SRAM_Read_DMA), (96 bytes).
    Removing stm32f4xx_hal_sram.o(i.HAL_SRAM_WriteOperation_Disable), (60 bytes).
    Removing stm32f4xx_hal_sram.o(i.HAL_SRAM_WriteOperation_Enable), (54 bytes).
    Removing stm32f4xx_hal_sram.o(i.HAL_SRAM_Write_16b), (82 bytes).
    Removing stm32f4xx_hal_sram.o(i.HAL_SRAM_Write_32b), (80 bytes).
    Removing stm32f4xx_hal_sram.o(i.HAL_SRAM_Write_8b), (82 bytes).
    Removing stm32f4xx_hal_sram.o(i.HAL_SRAM_Write_DMA), (108 bytes).
    Removing common.o(.rev16_text), (4 bytes).
    Removing common.o(.revsh_text), (4 bytes).
    Removing common.o(.rrx_text), (6 bytes).
    Removing common.o(i.Delay), (18 bytes).
    Removing common.o(i.Delay_ms), (24 bytes).
    Removing common.o(i.Digital4_BCD4), (98 bytes).
    Removing common.o(i.Digital6_BCD6), (144 bytes).
    Removing common.o(i.Digital8_BCD8), (196 bytes).
    Removing common.o(i.Swap_bit7_bit0), (138 bytes).
    Removing usart.o(.rev16_text), (4 bytes).
    Removing usart.o(.revsh_text), (4 bytes).
    Removing usart.o(.rrx_text), (6 bytes).
    Removing usart.o(i.HAL_UART_MspDeInit), (60 bytes).
    Removing usart.o(i.U1_Test_SendString), (100 bytes).
    Removing usart.o(.data), (1 bytes).
    Removing stm32f4xx_it.o(.rev16_text), (4 bytes).
    Removing stm32f4xx_it.o(.revsh_text), (4 bytes).
    Removing stm32f4xx_it.o(.rrx_text), (6 bytes).
    Removing gpio.o(.rev16_text), (4 bytes).
    Removing gpio.o(.revsh_text), (4 bytes).
    Removing gpio.o(.rrx_text), (6 bytes).
    Removing fsmc.o(.rev16_text), (4 bytes).
    Removing fsmc.o(.revsh_text), (4 bytes).
    Removing fsmc.o(.rrx_text), (6 bytes).
    Removing fsmc.o(i.HAL_FSMC_MspDeInit), (68 bytes).
    Removing fsmc.o(i.HAL_SRAM_MspDeInit), (10 bytes).
    Removing main.o(.rev16_text), (4 bytes).
    Removing main.o(.revsh_text), (4 bytes).
    Removing main.o(.rrx_text), (6 bytes).
    Removing dma.o(.rev16_text), (4 bytes).
    Removing dma.o(.revsh_text), (4 bytes).
    Removing dma.o(.rrx_text), (6 bytes).
    Removing stm32f4xx_hal_msp.o(.rev16_text), (4 bytes).
    Removing stm32f4xx_hal_msp.o(.revsh_text), (4 bytes).
    Removing stm32f4xx_hal_msp.o(.rrx_text), (6 bytes).
    Removing delay.o(.rev16_text), (4 bytes).
    Removing delay.o(.revsh_text), (4 bytes).
    Removing delay.o(.rrx_text), (6 bytes).
    Removing delay.o(i.delay_init), (20 bytes).
    Removing app.o(.rev16_text), (4 bytes).
    Removing app.o(.revsh_text), (4 bytes).
    Removing app.o(.rrx_text), (6 bytes).
    Removing app.o(i.pageswitch), (32 bytes).
    Removing page.o(.rev16_text), (4 bytes).
    Removing page.o(.revsh_text), (4 bytes).
    Removing page.o(.rrx_text), (6 bytes).
    Removing page.o(i.leftarrow), (36 bytes).
    Removing page.o(i.mainpage), (432 bytes).
    Removing page.o(i.reportpage), (132 bytes).
    Removing page.o(i.rightarrow), (36 bytes).
    Removing page.o(i.showgraph), (14 bytes).
    Removing displaywindows.o(.rev16_text), (4 bytes).
    Removing displaywindows.o(.revsh_text), (4 bytes).
    Removing displaywindows.o(.rrx_text), (6 bytes).
    Removing showpicture.o(.rev16_text), (4 bytes).
    Removing showpicture.o(.revsh_text), (4 bytes).
    Removing showpicture.o(.rrx_text), (6 bytes).
    Removing gui.o(.rev16_text), (4 bytes).
    Removing gui.o(.revsh_text), (4 bytes).
    Removing gui.o(.rrx_text), (6 bytes).
    Removing gui.o(i.Gui_Circle), (296 bytes).
    Removing gui.o(i.Gui_Draw_Rect), (74 bytes).
    Removing gui.o(i.showhz), (204 bytes).
    Removing lcd_drive.o(.rev16_text), (4 bytes).
    Removing lcd_drive.o(.revsh_text), (4 bytes).
    Removing lcd_drive.o(.rrx_text), (6 bytes).
    Removing lcd_drive.o(i.GetPoint), (104 bytes).
    Removing touch.o(.rev16_text), (4 bytes).
    Removing touch.o(.revsh_text), (4 bytes).
    Removing touch.o(.rrx_text), (6 bytes).
    Removing touch.o(i.Get_Test_Val), (66 bytes).

309 unused section(s) (total 18763 bytes) removed from the image.

==============================================================================

Image Symbol Table

    Local Symbols

    Symbol Name                              Value     Ov Type        Size  Object(Section)

    ../Drivers/STM32F4xx_HAL_Driver/Src/stm32f4xx_hal.c 0x00000000   Number         0  stm32f4xx_hal.o ABSOLUTE
    ../Drivers/STM32F4xx_HAL_Driver/Src/stm32f4xx_hal_cortex.c 0x00000000   Number         0  stm32f4xx_hal_cortex.o ABSOLUTE
    ../Drivers/STM32F4xx_HAL_Driver/Src/stm32f4xx_hal_dma.c 0x00000000   Number         0  stm32f4xx_hal_dma.o ABSOLUTE
    ../Drivers/STM32F4xx_HAL_Driver/Src/stm32f4xx_hal_dma_ex.c 0x00000000   Number         0  stm32f4xx_hal_dma_ex.o ABSOLUTE
    ../Drivers/STM32F4xx_HAL_Driver/Src/stm32f4xx_hal_flash.c 0x00000000   Number         0  stm32f4xx_hal_flash.o ABSOLUTE
    ../Drivers/STM32F4xx_HAL_Driver/Src/stm32f4xx_hal_flash_ex.c 0x00000000   Number         0  stm32f4xx_hal_flash_ex.o ABSOLUTE
    ../Drivers/STM32F4xx_HAL_Driver/Src/stm32f4xx_hal_flash_ramfunc.c 0x00000000   Number         0  stm32f4xx_hal_flash_ramfunc.o ABSOLUTE
    ../Drivers/STM32F4xx_HAL_Driver/Src/stm32f4xx_hal_gpio.c 0x00000000   Number         0  stm32f4xx_hal_gpio.o ABSOLUTE
    ../Drivers/STM32F4xx_HAL_Driver/Src/stm32f4xx_hal_pwr.c 0x00000000   Number         0  stm32f4xx_hal_pwr.o ABSOLUTE
    ../Drivers/STM32F4xx_HAL_Driver/Src/stm32f4xx_hal_pwr_ex.c 0x00000000   Number         0  stm32f4xx_hal_pwr_ex.o ABSOLUTE
    ../Drivers/STM32F4xx_HAL_Driver/Src/stm32f4xx_hal_rcc.c 0x00000000   Number         0  stm32f4xx_hal_rcc.o ABSOLUTE
    ../Drivers/STM32F4xx_HAL_Driver/Src/stm32f4xx_hal_rcc_ex.c 0x00000000   Number         0  stm32f4xx_hal_rcc_ex.o ABSOLUTE
    ../Drivers/STM32F4xx_HAL_Driver/Src/stm32f4xx_hal_sram.c 0x00000000   Number         0  stm32f4xx_hal_sram.o ABSOLUTE
    ../Drivers/STM32F4xx_HAL_Driver/Src/stm32f4xx_hal_tim.c 0x00000000   Number         0  stm32f4xx_hal_tim.o ABSOLUTE
    ../Drivers/STM32F4xx_HAL_Driver/Src/stm32f4xx_hal_tim_ex.c 0x00000000   Number         0  stm32f4xx_hal_tim_ex.o ABSOLUTE
    ../Drivers/STM32F4xx_HAL_Driver/Src/stm32f4xx_hal_uart.c 0x00000000   Number         0  stm32f4xx_hal_uart.o ABSOLUTE
    ../Drivers/STM32F4xx_HAL_Driver/Src/stm32f4xx_ll_fsmc.c 0x00000000   Number         0  stm32f4xx_ll_fsmc.o ABSOLUTE
    ../Src/dma.c                             0x00000000   Number         0  dma.o ABSOLUTE
    ../Src/fsmc.c                            0x00000000   Number         0  fsmc.o ABSOLUTE
    ../Src/gpio.c                            0x00000000   Number         0  gpio.o ABSOLUTE
    ../Src/main.c                            0x00000000   Number         0  main.o ABSOLUTE
    ../Src/stm32f4xx_hal_msp.c               0x00000000   Number         0  stm32f4xx_hal_msp.o ABSOLUTE
    ../Src/stm32f4xx_it.c                    0x00000000   Number         0  stm32f4xx_it.o ABSOLUTE
    ../Src/system_stm32f4xx.c                0x00000000   Number         0  system_stm32f4xx.o ABSOLUTE
    ../Src/usart.c                           0x00000000   Number         0  usart.o ABSOLUTE
    ../clib/../cmprslib/zerorunl2.c          0x00000000   Number         0  __dczerorl2.o ABSOLUTE
    ../clib/microlib/init/entry.s            0x00000000   Number         0  entry5.o ABSOLUTE
    ../clib/microlib/init/entry.s            0x00000000   Number         0  entry2.o ABSOLUTE
    ../clib/microlib/init/entry.s            0x00000000   Number         0  entry9b.o ABSOLUTE
    ../clib/microlib/init/entry.s            0x00000000   Number         0  entry10b.o ABSOLUTE
    ../clib/microlib/init/entry.s            0x00000000   Number         0  entry11a.o ABSOLUTE
    ../clib/microlib/init/entry.s            0x00000000   Number         0  entry8b.o ABSOLUTE
    ../clib/microlib/init/entry.s            0x00000000   Number         0  entry11b.o ABSOLUTE
    ../clib/microlib/init/entry.s            0x00000000   Number         0  entry9a.o ABSOLUTE
    ../clib/microlib/init/entry.s            0x00000000   Number         0  entry.o ABSOLUTE
    ../clib/microlib/init/entry.s            0x00000000   Number         0  entry8a.o ABSOLUTE
    ../clib/microlib/init/entry.s            0x00000000   Number         0  entry10a.o ABSOLUTE
    ../clib/microlib/init/entry.s            0x00000000   Number         0  entry7a.o ABSOLUTE
    ../clib/microlib/init/entry.s            0x00000000   Number         0  entry7b.o ABSOLUTE
    ../clib/microlib/string/memset.c         0x00000000   Number         0  memseta.o ABSOLUTE
    ../clib/microlib/string/strcpy.c         0x00000000   Number         0  strcpy.o ABSOLUTE
    ../clib/microlib/string/strlen.c         0x00000000   Number         0  strlen.o ABSOLUTE
    ..\Drivers\STM32F4xx_HAL_Driver\Src\stm32f4xx_hal.c 0x00000000   Number         0  stm32f4xx_hal.o ABSOLUTE
    ..\Drivers\STM32F4xx_HAL_Driver\Src\stm32f4xx_hal_cortex.c 0x00000000   Number         0  stm32f4xx_hal_cortex.o ABSOLUTE
    ..\Drivers\STM32F4xx_HAL_Driver\Src\stm32f4xx_hal_dma.c 0x00000000   Number         0  stm32f4xx_hal_dma.o ABSOLUTE
    ..\Drivers\STM32F4xx_HAL_Driver\Src\stm32f4xx_hal_dma_ex.c 0x00000000   Number         0  stm32f4xx_hal_dma_ex.o ABSOLUTE
    ..\Drivers\STM32F4xx_HAL_Driver\Src\stm32f4xx_hal_flash.c 0x00000000   Number         0  stm32f4xx_hal_flash.o ABSOLUTE
    ..\Drivers\STM32F4xx_HAL_Driver\Src\stm32f4xx_hal_flash_ex.c 0x00000000   Number         0  stm32f4xx_hal_flash_ex.o ABSOLUTE
    ..\Drivers\STM32F4xx_HAL_Driver\Src\stm32f4xx_hal_flash_ramfunc.c 0x00000000   Number         0  stm32f4xx_hal_flash_ramfunc.o ABSOLUTE
    ..\Drivers\STM32F4xx_HAL_Driver\Src\stm32f4xx_hal_gpio.c 0x00000000   Number         0  stm32f4xx_hal_gpio.o ABSOLUTE
    ..\Drivers\STM32F4xx_HAL_Driver\Src\stm32f4xx_hal_pwr.c 0x00000000   Number         0  stm32f4xx_hal_pwr.o ABSOLUTE
    ..\Drivers\STM32F4xx_HAL_Driver\Src\stm32f4xx_hal_pwr_ex.c 0x00000000   Number         0  stm32f4xx_hal_pwr_ex.o ABSOLUTE
    ..\Drivers\STM32F4xx_HAL_Driver\Src\stm32f4xx_hal_rcc.c 0x00000000   Number         0  stm32f4xx_hal_rcc.o ABSOLUTE
    ..\Drivers\STM32F4xx_HAL_Driver\Src\stm32f4xx_hal_rcc_ex.c 0x00000000   Number         0  stm32f4xx_hal_rcc_ex.o ABSOLUTE
    ..\Drivers\STM32F4xx_HAL_Driver\Src\stm32f4xx_hal_sram.c 0x00000000   Number         0  stm32f4xx_hal_sram.o ABSOLUTE
    ..\Drivers\STM32F4xx_HAL_Driver\Src\stm32f4xx_hal_tim.c 0x00000000   Number         0  stm32f4xx_hal_tim.o ABSOLUTE
    ..\Drivers\STM32F4xx_HAL_Driver\Src\stm32f4xx_hal_tim_ex.c 0x00000000   Number         0  stm32f4xx_hal_tim_ex.o ABSOLUTE
    ..\Drivers\STM32F4xx_HAL_Driver\Src\stm32f4xx_hal_uart.c 0x00000000   Number         0  stm32f4xx_hal_uart.o ABSOLUTE
    ..\Drivers\STM32F4xx_HAL_Driver\Src\stm32f4xx_ll_fsmc.c 0x00000000   Number         0  stm32f4xx_ll_fsmc.o ABSOLUTE
    ..\Src\common.c                          0x00000000   Number         0  common.o ABSOLUTE
    ..\Src\dma.c                             0x00000000   Number         0  dma.o ABSOLUTE
    ..\Src\fsmc.c                            0x00000000   Number         0  fsmc.o ABSOLUTE
    ..\Src\gpio.c                            0x00000000   Number         0  gpio.o ABSOLUTE
    ..\Src\main.c                            0x00000000   Number         0  main.o ABSOLUTE
    ..\Src\stm32f4xx_hal_msp.c               0x00000000   Number         0  stm32f4xx_hal_msp.o ABSOLUTE
    ..\Src\stm32f4xx_it.c                    0x00000000   Number         0  stm32f4xx_it.o ABSOLUTE
    ..\Src\system_stm32f4xx.c                0x00000000   Number         0  system_stm32f4xx.o ABSOLUTE
    ..\Src\usart.c                           0x00000000   Number         0  usart.o ABSOLUTE
    ..\\Src\\common.c                        0x00000000   Number         0  common.o ABSOLUTE
    ..\\app\\app.c                           0x00000000   Number         0  app.o ABSOLUTE
    ..\\app\\displaywindows.c                0x00000000   Number         0  displaywindows.o ABSOLUTE
    ..\\app\\showpicture.c                   0x00000000   Number         0  showpicture.o ABSOLUTE
    ..\\hardware\\GUI\\GUI.c                 0x00000000   Number         0  gui.o ABSOLUTE
    ..\\hardware\\delay\\delay.c             0x00000000   Number         0  delay.o ABSOLUTE
    ..\\hardware\\lcd_drive\\lcd_drive.c     0x00000000   Number         0  lcd_drive.o ABSOLUTE
    ..\\hardware\\touch\\touch.c             0x00000000   Number         0  touch.o ABSOLUTE
    ..\\page\\page.c                         0x00000000   Number         0  page.o ABSOLUTE
    ..\app\app.c                             0x00000000   Number         0  app.o ABSOLUTE
    ..\app\displaywindows.c                  0x00000000   Number         0  displaywindows.o ABSOLUTE
    ..\app\showpicture.c                     0x00000000   Number         0  showpicture.o ABSOLUTE
    ..\hardware\GUI\GUI.c                    0x00000000   Number         0  gui.o ABSOLUTE
    ..\hardware\delay\delay.c                0x00000000   Number         0  delay.o ABSOLUTE
    ..\hardware\lcd_drive\lcd_drive.c        0x00000000   Number         0  lcd_drive.o ABSOLUTE
    ..\hardware\touch\touch.c                0x00000000   Number         0  touch.o ABSOLUTE
    ..\page\page.c                           0x00000000   Number         0  page.o ABSOLUTE
    dc.s                                     0x00000000   Number         0  dc.o ABSOLUTE
    handlers.s                               0x00000000   Number         0  handlers.o ABSOLUTE
    init.s                                   0x00000000   Number         0  init.o ABSOLUTE
    startup_stm32f407xx.s                    0x00000000   Number         0  startup_stm32f407xx.o ABSOLUTE
    RESET                                    0x08000000   Section      392  startup_stm32f407xx.o(RESET)
    .ARM.Collect$$$$00000000                 0x08000188   Section        0  entry.o(.ARM.Collect$$$$00000000)
    .ARM.Collect$$$$00000001                 0x08000188   Section        4  entry2.o(.ARM.Collect$$$$00000001)
    .ARM.Collect$$$$00000004                 0x0800018c   Section        4  entry5.o(.ARM.Collect$$$$00000004)
    .ARM.Collect$$$$00000008                 0x08000190   Section        0  entry7b.o(.ARM.Collect$$$$00000008)
    .ARM.Collect$$$$0000000A                 0x08000190   Section        0  entry8b.o(.ARM.Collect$$$$0000000A)
    .ARM.Collect$$$$0000000B                 0x08000190   Section        8  entry9a.o(.ARM.Collect$$$$0000000B)
    .ARM.Collect$$$$0000000D                 0x08000198   Section        0  entry10a.o(.ARM.Collect$$$$0000000D)
    .ARM.Collect$$$$0000000F                 0x08000198   Section        0  entry11a.o(.ARM.Collect$$$$0000000F)
    .ARM.Collect$$$$00002712                 0x08000198   Section        4  entry2.o(.ARM.Collect$$$$00002712)
    __lit__00000000                          0x08000198   Data           4  entry2.o(.ARM.Collect$$$$00002712)
    .text                                    0x0800019c   Section       36  startup_stm32f407xx.o(.text)
    $v0                                      0x0800019c   Number         0  startup_stm32f407xx.o(.text)
    .text                                    0x080001c0   Section        0  strlen.o(.text)
    .text                                    0x080001d0   Section       36  init.o(.text)
    .text                                    0x080001f4   Section        0  __dczerorl2.o(.text)
    i.AppEnableRecDMA                        0x0800024c   Section        0  app.o(i.AppEnableRecDMA)
    i.AppSpectrumDisplay                     0x080002e4   Section        0  app.o(i.AppSpectrumDisplay)
    i.AppStartSample                         0x08000320   Section        0  app.o(i.AppStartSample)
    i.AppSwitch                              0x080003dc   Section        0  app.o(i.AppSwitch)
    i.App_y_axis_move                        0x08000528   Section        0  app.o(i.App_y_axis_move)
    i.BusFault_Handler                       0x080005c4   Section        0  stm32f4xx_it.o(i.BusFault_Handler)
    i.DMA2_Stream2_IRQHandler                0x080005c8   Section        0  stm32f4xx_it.o(i.DMA2_Stream2_IRQHandler)
    i.DMA_CalcBaseAndBitshift                0x080005d8   Section        0  stm32f4xx_hal_dma.o(i.DMA_CalcBaseAndBitshift)
    DMA_CalcBaseAndBitshift                  0x080005d9   Thumb Code    46  stm32f4xx_hal_dma.o(i.DMA_CalcBaseAndBitshift)
    i.DMA_CheckFifoParam                     0x0800060c   Section        0  stm32f4xx_hal_dma.o(i.DMA_CheckFifoParam)
    DMA_CheckFifoParam                       0x0800060d   Thumb Code   170  stm32f4xx_hal_dma.o(i.DMA_CheckFifoParam)
    i.DMA_SetConfig                          0x080006b6   Section        0  stm32f4xx_hal_dma.o(i.DMA_SetConfig)
    DMA_SetConfig                            0x080006b7   Thumb Code    44  stm32f4xx_hal_dma.o(i.DMA_SetConfig)
    i.DebugMon_Handler                       0x080006e2   Section        0  stm32f4xx_it.o(i.DebugMon_Handler)
    i.EXTI9_5_IRQHandler                     0x080006e4   Section        0  stm32f4xx_it.o(i.EXTI9_5_IRQHandler)
    i.FSMC_NORSRAM_Extended_Timing_Init      0x080006f0   Section        0  stm32f4xx_ll_fsmc.o(i.FSMC_NORSRAM_Extended_Timing_Init)
    i.FSMC_NORSRAM_Init                      0x08000738   Section        0  stm32f4xx_ll_fsmc.o(i.FSMC_NORSRAM_Init)
    i.FSMC_NORSRAM_Timing_Init               0x08000794   Section        0  stm32f4xx_ll_fsmc.o(i.FSMC_NORSRAM_Timing_Init)
    i.FT6206_Read_Reg                        0x080007d8   Section        0  touch.o(i.FT6206_Read_Reg)
    i.FT6336_I2C_GPIO_Init                   0x08000838   Section        0  touch.o(i.FT6336_I2C_GPIO_Init)
    i.Gui_Draw_Line                          0x08000898   Section        0  gui.o(i.Gui_Draw_Line)
    i.Gui_Draw_aPixel                        0x08000958   Section        0  gui.o(i.Gui_Draw_aPixel)
    i.HAL_DMA_Abort_IT                       0x08000974   Section        0  stm32f4xx_hal_dma.o(i.HAL_DMA_Abort_IT)
    i.HAL_DMA_IRQHandler                     0x0800099c   Section        0  stm32f4xx_hal_dma.o(i.HAL_DMA_IRQHandler)
    i.HAL_DMA_Init                           0x08000be4   Section        0  stm32f4xx_hal_dma.o(i.HAL_DMA_Init)
    i.HAL_DMA_Start_IT                       0x08000cd0   Section        0  stm32f4xx_hal_dma.o(i.HAL_DMA_Start_IT)
    i.HAL_FSMC_MspInit                       0x08000d70   Section        0  fsmc.o(i.HAL_FSMC_MspInit)
    HAL_FSMC_MspInit                         0x08000d71   Thumb Code   182  fsmc.o(i.HAL_FSMC_MspInit)
    i.HAL_GPIO_EXTI_Callback                 0x08000e38   Section        0  stm32f4xx_hal_gpio.o(i.HAL_GPIO_EXTI_Callback)
    i.HAL_GPIO_EXTI_IRQHandler               0x08000e3c   Section        0  stm32f4xx_hal_gpio.o(i.HAL_GPIO_EXTI_IRQHandler)
    i.HAL_GPIO_Init                          0x08000e58   Section        0  stm32f4xx_hal_gpio.o(i.HAL_GPIO_Init)
    i.HAL_GPIO_ReadPin                       0x08001058   Section        0  stm32f4xx_hal_gpio.o(i.HAL_GPIO_ReadPin)
    i.HAL_GPIO_WritePin                      0x08001068   Section        0  stm32f4xx_hal_gpio.o(i.HAL_GPIO_WritePin)
    i.HAL_GetTick                            0x08001074   Section        0  stm32f4xx_hal.o(i.HAL_GetTick)
    i.HAL_IncTick                            0x08001080   Section        0  stm32f4xx_hal.o(i.HAL_IncTick)
    i.HAL_Init                               0x08001090   Section        0  stm32f4xx_hal.o(i.HAL_Init)
    i.HAL_InitTick                           0x080010cc   Section        0  stm32f4xx_hal.o(i.HAL_InitTick)
    i.HAL_MspInit                            0x080010f4   Section        0  stm32f4xx_hal_msp.o(i.HAL_MspInit)
    i.HAL_NVIC_EnableIRQ                     0x0800114a   Section        0  stm32f4xx_hal_cortex.o(i.HAL_NVIC_EnableIRQ)
    i.HAL_NVIC_SetPriority                   0x08001164   Section        0  stm32f4xx_hal_cortex.o(i.HAL_NVIC_SetPriority)
    i.HAL_NVIC_SetPriorityGrouping           0x080011e0   Section        0  stm32f4xx_hal_cortex.o(i.HAL_NVIC_SetPriorityGrouping)
    i.HAL_RCC_ClockConfig                    0x08001208   Section        0  stm32f4xx_hal_rcc.o(i.HAL_RCC_ClockConfig)
    i.HAL_RCC_GetHCLKFreq                    0x080013d8   Section        0  stm32f4xx_hal_rcc.o(i.HAL_RCC_GetHCLKFreq)
    i.HAL_RCC_GetPCLK1Freq                   0x080013e4   Section        0  stm32f4xx_hal_rcc.o(i.HAL_RCC_GetPCLK1Freq)
    i.HAL_RCC_GetPCLK2Freq                   0x08001410   Section        0  stm32f4xx_hal_rcc.o(i.HAL_RCC_GetPCLK2Freq)
    i.HAL_RCC_GetSysClockFreq                0x0800143c   Section        0  stm32f4xx_hal_rcc.o(i.HAL_RCC_GetSysClockFreq)
    i.HAL_RCC_OscConfig                      0x080014f0   Section        0  stm32f4xx_hal_rcc.o(i.HAL_RCC_OscConfig)
    i.HAL_SRAM_Init                          0x0800193c   Section        0  stm32f4xx_hal_sram.o(i.HAL_SRAM_Init)
    i.HAL_SRAM_MspInit                       0x08001994   Section        0  fsmc.o(i.HAL_SRAM_MspInit)
    i.HAL_SYSTICK_CLKSourceConfig            0x0800199e   Section        0  stm32f4xx_hal_cortex.o(i.HAL_SYSTICK_CLKSourceConfig)
    i.HAL_SYSTICK_Callback                   0x080019c6   Section        0  stm32f4xx_hal_cortex.o(i.HAL_SYSTICK_Callback)
    i.HAL_SYSTICK_Config                     0x080019c8   Section        0  stm32f4xx_hal_cortex.o(i.HAL_SYSTICK_Config)
    i.HAL_SYSTICK_IRQHandler                 0x080019fc   Section        0  stm32f4xx_hal_cortex.o(i.HAL_SYSTICK_IRQHandler)
    i.HAL_UART_ErrorCallback                 0x08001a04   Section        0  stm32f4xx_hal_uart.o(i.HAL_UART_ErrorCallback)
    i.HAL_UART_IRQHandler                    0x08001a08   Section        0  stm32f4xx_hal_uart.o(i.HAL_UART_IRQHandler)
    i.HAL_UART_Init                          0x08001b54   Section        0  stm32f4xx_hal_uart.o(i.HAL_UART_Init)
    i.HAL_UART_MspInit                       0x08001bc8   Section        0  usart.o(i.HAL_UART_MspInit)
    i.HAL_UART_Receive_DMA                   0x08001d1c   Section        0  stm32f4xx_hal_uart.o(i.HAL_UART_Receive_DMA)
    i.HAL_UART_RxCpltCallback                0x08001de0   Section        0  usart.o(i.HAL_UART_RxCpltCallback)
    i.HAL_UART_RxHalfCpltCallback            0x08001df8   Section        0  stm32f4xx_hal_uart.o(i.HAL_UART_RxHalfCpltCallback)
    i.HAL_UART_Transmit                      0x08001dfa   Section        0  stm32f4xx_hal_uart.o(i.HAL_UART_Transmit)
    i.HAL_UART_TxCpltCallback                0x08001ed0   Section        0  usart.o(i.HAL_UART_TxCpltCallback)
    i.HardFault_Handler                      0x08001ed2   Section        0  stm32f4xx_it.o(i.HardFault_Handler)
    i.I2C1_Ack                               0x08001ed8   Section        0  touch.o(i.I2C1_Ack)
    i.I2C1_Delay_us                          0x08001f14   Section        0  touch.o(i.I2C1_Delay_us)
    i.I2C1_NoAck                             0x08001f24   Section        0  touch.o(i.I2C1_NoAck)
    i.I2C1_Read_Byte                         0x08001f60   Section        0  touch.o(i.I2C1_Read_Byte)
    i.I2C1_Send_Byte                         0x08001fc4   Section        0  touch.o(i.I2C1_Send_Byte)
    i.I2C1_Start                             0x08002038   Section        0  touch.o(i.I2C1_Start)
    i.I2C1_Stop                              0x08002074   Section        0  touch.o(i.I2C1_Stop)
    i.I2C1_WaitAck                           0x080020b0   Section        0  touch.o(i.I2C1_WaitAck)
    i.LCD_CTRL_GPIO_Init                     0x08002110   Section        0  lcd_drive.o(i.LCD_CTRL_GPIO_Init)
    i.LCD_Initialize                         0x080021b0   Section        0  lcd_drive.o(i.LCD_Initialize)
    i.LCD_Rst                                0x08002530   Section        0  lcd_drive.o(i.LCD_Rst)
    LCD_Rst                                  0x08002531   Thumb Code    38  lcd_drive.o(i.LCD_Rst)
    i.LCD_ShowChar                           0x0800255c   Section        0  gui.o(i.LCD_ShowChar)
    i.LCD_delay                              0x0800262c   Section        0  lcd_drive.o(i.LCD_delay)
    i.LcdDisplayBackground                   0x08002656   Section        0  displaywindows.o(i.LcdDisplayBackground)
    i.LcdDisplayWindows                      0x08002664   Section        0  displaywindows.o(i.LcdDisplayWindows)
    i.LcdShowIconName                        0x08002694   Section        0  showpicture.o(i.LcdShowIconName)
    i.LcdShowPicture                         0x080026e4   Section        0  showpicture.o(i.LcdShowPicture)
    i.Lcd_Clear_All                          0x08002744   Section        0  lcd_drive.o(i.Lcd_Clear_All)
    i.Lcd_Clear_Some_Area                    0x08002780   Section        0  lcd_drive.o(i.Lcd_Clear_Some_Area)
    i.Lcd_Set_Region                         0x08002804   Section        0  lcd_drive.o(i.Lcd_Set_Region)
    i.Lcd_Set_XY                             0x08002876   Section        0  lcd_drive.o(i.Lcd_Set_XY)
    i.MX_DMA_Init                            0x080028a8   Section        0  dma.o(i.MX_DMA_Init)
    i.MX_FSMC_Init                           0x08002900   Section        0  fsmc.o(i.MX_FSMC_Init)
    i.MX_GPIO_Init                           0x08002988   Section        0  gpio.o(i.MX_GPIO_Init)
    i.MX_NVIC_Init                           0x08002b5c   Section        0  main.o(i.MX_NVIC_Init)
    MX_NVIC_Init                             0x08002b5d   Thumb Code    52  main.o(i.MX_NVIC_Init)
    i.MX_USART1_UART_Init                    0x08002b90   Section        0  usart.o(i.MX_USART1_UART_Init)
    i.MX_USART2_UART_Init                    0x08002bdc   Section        0  usart.o(i.MX_USART2_UART_Init)
    i.MemManage_Handler                      0x08002c28   Section        0  stm32f4xx_it.o(i.MemManage_Handler)
    i.NMI_Handler                            0x08002c2c   Section        0  stm32f4xx_it.o(i.NMI_Handler)
    i.NVIC_GetPriorityGrouping               0x08002c30   Section        0  stm32f4xx_hal_cortex.o(i.NVIC_GetPriorityGrouping)
    NVIC_GetPriorityGrouping                 0x08002c31   Thumb Code    10  stm32f4xx_hal_cortex.o(i.NVIC_GetPriorityGrouping)
    i.NVIC_SetPriority                       0x08002c40   Section        0  stm32f4xx_hal_cortex.o(i.NVIC_SetPriority)
    NVIC_SetPriority                         0x08002c41   Thumb Code    32  stm32f4xx_hal_cortex.o(i.NVIC_SetPriority)
    i.PageClearAreaBelow_y_axis              0x08002c68   Section        0  page.o(i.PageClearAreaBelow_y_axis)
    i.PageClearSpectrumArea                  0x08002c82   Section        0  page.o(i.PageClearSpectrumArea)
    i.PageDisplayBeforeSample                0x08002c9c   Section        0  page.o(i.PageDisplayBeforeSample)
    i.PageDisplayIsSample                    0x08002cf0   Section        0  page.o(i.PageDisplayIsSample)
    i.PageDisplayNumBelow_y_axis             0x08002d2c   Section        0  page.o(i.PageDisplayNumBelow_y_axis)
    i.PageDisplaySpectrum                    0x08002d76   Section        0  page.o(i.PageDisplaySpectrum)
    i.PageDisplayString                      0x08002dbc   Section        0  page.o(i.PageDisplayString)
    i.PageMoveNumBelow_y_axis                0x08002e14   Section        0  page.o(i.PageMoveNumBelow_y_axis)
    i.PageMoveSpectrum                       0x08002eb0   Section        0  page.o(i.PageMoveSpectrum)
    i.PageShowAxis                           0x08002f3c   Section        0  page.o(i.PageShowAxis)
    i.PageSpectrumInit                       0x080031e4   Section        0  page.o(i.PageSpectrumInit)
    i.PendSV_Handler                         0x08003208   Section        0  stm32f4xx_it.o(i.PendSV_Handler)
    i.ReadCTP                                0x0800320c   Section        0  touch.o(i.ReadCTP)
    i.SVC_Handler                            0x0800339c   Section        0  stm32f4xx_it.o(i.SVC_Handler)
    i.SysTick_Handler                        0x0800339e   Section        0  stm32f4xx_it.o(i.SysTick_Handler)
    i.SystemClock_Config                     0x080033ac   Section        0  main.o(i.SystemClock_Config)
    i.SystemInit                             0x0800348c   Section        0  system_stm32f4xx.o(i.SystemInit)
    i.UART_DMAAbortOnError                   0x080034f0   Section        0  stm32f4xx_hal_uart.o(i.UART_DMAAbortOnError)
    UART_DMAAbortOnError                     0x080034f1   Thumb Code    20  stm32f4xx_hal_uart.o(i.UART_DMAAbortOnError)
    i.UART_DMAError                          0x08003504   Section        0  stm32f4xx_hal_uart.o(i.UART_DMAError)
    UART_DMAError                            0x08003505   Thumb Code    80  stm32f4xx_hal_uart.o(i.UART_DMAError)
    i.UART_DMAReceiveCplt                    0x08003554   Section        0  stm32f4xx_hal_uart.o(i.UART_DMAReceiveCplt)
    UART_DMAReceiveCplt                      0x08003555   Thumb Code    70  stm32f4xx_hal_uart.o(i.UART_DMAReceiveCplt)
    i.UART_DMARxHalfCplt                     0x0800359a   Section        0  stm32f4xx_hal_uart.o(i.UART_DMARxHalfCplt)
    UART_DMARxHalfCplt                       0x0800359b   Thumb Code    14  stm32f4xx_hal_uart.o(i.UART_DMARxHalfCplt)
    i.UART_EndRxTransfer                     0x080035a8   Section        0  stm32f4xx_hal_uart.o(i.UART_EndRxTransfer)
    UART_EndRxTransfer                       0x080035a9   Thumb Code    32  stm32f4xx_hal_uart.o(i.UART_EndRxTransfer)
    i.UART_EndTransmit_IT                    0x080035c8   Section        0  stm32f4xx_hal_uart.o(i.UART_EndTransmit_IT)
    UART_EndTransmit_IT                      0x080035c9   Thumb Code    32  stm32f4xx_hal_uart.o(i.UART_EndTransmit_IT)
    i.UART_EndTxTransfer                     0x080035e8   Section        0  stm32f4xx_hal_uart.o(i.UART_EndTxTransfer)
    UART_EndTxTransfer                       0x080035e9   Thumb Code    20  stm32f4xx_hal_uart.o(i.UART_EndTxTransfer)
    i.UART_Receive_IT                        0x080035fc   Section        0  stm32f4xx_hal_uart.o(i.UART_Receive_IT)
    UART_Receive_IT                          0x080035fd   Thumb Code   154  stm32f4xx_hal_uart.o(i.UART_Receive_IT)
    i.UART_SetConfig                         0x08003698   Section        0  stm32f4xx_hal_uart.o(i.UART_SetConfig)
    UART_SetConfig                           0x08003699   Thumb Code   864  stm32f4xx_hal_uart.o(i.UART_SetConfig)
    i.UART_Transmit_IT                       0x08003a00   Section        0  stm32f4xx_hal_uart.o(i.UART_Transmit_IT)
    UART_Transmit_IT                         0x08003a01   Thumb Code   104  stm32f4xx_hal_uart.o(i.UART_Transmit_IT)
    i.UART_WaitOnFlagUntilTimeout            0x08003a68   Section        0  stm32f4xx_hal_uart.o(i.UART_WaitOnFlagUntilTimeout)
    UART_WaitOnFlagUntilTimeout              0x08003a69   Thumb Code   108  stm32f4xx_hal_uart.o(i.UART_WaitOnFlagUntilTimeout)
    i.USART1_IRQHandler                      0x08003ad4   Section        0  stm32f4xx_it.o(i.USART1_IRQHandler)
    i.UsageFault_Handler                     0x08003ae4   Section        0  stm32f4xx_it.o(i.UsageFault_Handler)
    i.WriteComm                              0x08003ae8   Section        0  lcd_drive.o(i.WriteComm)
    i.WriteData                              0x08003af0   Section        0  lcd_drive.o(i.WriteData)
    i._Error_Handler                         0x08003afc   Section        0  main.o(i._Error_Handler)
    i.__scatterload_copy                     0x08003b00   Section       14  handlers.o(i.__scatterload_copy)
    i.__scatterload_null                     0x08003b0e   Section        2  handlers.o(i.__scatterload_null)
    i.__scatterload_zeroinit                 0x08003b10   Section       14  handlers.o(i.__scatterload_zeroinit)
    i.delay_ms                               0x08003b1e   Section        0  delay.o(i.delay_ms)
    i.delay_us                               0x08003b38   Section        0  delay.o(i.delay_us)
    i.main                                   0x08003b80   Section        0  main.o(i.main)
    i.touchwait                              0x08003bf8   Section        0  app.o(i.touchwait)
    .constdata                               0x08003c1c   Section       24  system_stm32f4xx.o(.constdata)
    .constdata                               0x08003c34   Section        8  stm32f4xx_hal_dma.o(.constdata)
    flagBitshiftOffset                       0x08003c34   Data           8  stm32f4xx_hal_dma.o(.constdata)
    .constdata                               0x08003c3c   Section    83528  displaywindows.o(.constdata)
    .constdata                               0x08018284   Section    54176  gui.o(.constdata)
    .conststring                             0x08025624   Section       91  page.o(.conststring)
    .data                                    0x20000000   Section        4  system_stm32f4xx.o(.data)
    .data                                    0x20000004   Section        4  stm32f4xx_hal.o(.data)
    .data                                    0x20000008   Section        8  fsmc.o(.data)
    FSMC_Initialized                         0x20000008   Data           4  fsmc.o(.data)
    FSMC_DeInitialized                       0x2000000c   Data           4  fsmc.o(.data)
    .data                                    0x20000010   Section       11  main.o(.data)
    .data                                    0x2000001c   Section        4  delay.o(.data)
    fac_us                                   0x2000001c   Data           4  delay.o(.data)
    .data                                    0x20000020   Section        5  app.o(.data)
    .data                                    0x20000028   Section     4180  page.o(.data)
    .bss                                     0x2000107c   Section      320  usart.o(.bss)
    .bss                                     0x200011bc   Section       80  fsmc.o(.bss)
    .bss                                     0x2000120c   Section     1136  main.o(.bss)
    .bss                                     0x2000167c   Section     1030  app.o(.bss)
    .bss                                     0x20001a82   Section       12  touch.o(.bss)
    ctplast                                  0x20001a82   Data          12  touch.o(.bss)
    STACK                                    0x20001a90   Section    16384  startup_stm32f407xx.o(STACK)

    Global Symbols

    Symbol Name                              Value     Ov Type        Size  Object(Section)

    BuildAttributes$$THM_ISAv4$E$P$D$K$B$S$7EM$VFPi3$EXTD16$VFPS$VFMA$PE$A:L22UL41UL21$X:L11$S22US41US21$IEEE1$IW$USESV6$~STKCKD$USESV7$~SHL$OSPACE$EBA8$MICROLIB$REQ8$PRES8$EABIv2 0x00000000   Number         0  anon$$obj.o ABSOLUTE
    __ARM_use_no_argv                        0x00000000   Number         0  main.o ABSOLUTE
    __cpp_initialize__aeabi_                  - Undefined Weak Reference
    __cxa_finalize                            - Undefined Weak Reference
    _clock_init                               - Undefined Weak Reference
    _microlib_exit                            - Undefined Weak Reference
    __Vectors_Size                           0x00000188   Number         0  startup_stm32f407xx.o ABSOLUTE
    __Vectors                                0x08000000   Data           4  startup_stm32f407xx.o(RESET)
    __Vectors_End                            0x08000188   Data           0  startup_stm32f407xx.o(RESET)
    __main                                   0x08000189   Thumb Code     0  entry.o(.ARM.Collect$$$$00000000)
    _main_stk                                0x08000189   Thumb Code     0  entry2.o(.ARM.Collect$$$$00000001)
    _main_scatterload                        0x0800018d   Thumb Code     0  entry5.o(.ARM.Collect$$$$00000004)
    __main_after_scatterload                 0x08000191   Thumb Code     0  entry5.o(.ARM.Collect$$$$00000004)
    _main_clock                              0x08000191   Thumb Code     0  entry7b.o(.ARM.Collect$$$$00000008)
    _main_cpp_init                           0x08000191   Thumb Code     0  entry8b.o(.ARM.Collect$$$$0000000A)
    _main_init                               0x08000191   Thumb Code     0  entry9a.o(.ARM.Collect$$$$0000000B)
    __rt_final_cpp                           0x08000199   Thumb Code     0  entry10a.o(.ARM.Collect$$$$0000000D)
    __rt_final_exit                          0x08000199   Thumb Code     0  entry11a.o(.ARM.Collect$$$$0000000F)
    Reset_Handler                            0x0800019d   Thumb Code     8  startup_stm32f407xx.o(.text)
    ADC_IRQHandler                           0x080001b7   Thumb Code     0  startup_stm32f407xx.o(.text)
    CAN1_RX0_IRQHandler                      0x080001b7   Thumb Code     0  startup_stm32f407xx.o(.text)
    CAN1_RX1_IRQHandler                      0x080001b7   Thumb Code     0  startup_stm32f407xx.o(.text)
    CAN1_SCE_IRQHandler                      0x080001b7   Thumb Code     0  startup_stm32f407xx.o(.text)
    CAN1_TX_IRQHandler                       0x080001b7   Thumb Code     0  startup_stm32f407xx.o(.text)
    CAN2_RX0_IRQHandler                      0x080001b7   Thumb Code     0  startup_stm32f407xx.o(.text)
    CAN2_RX1_IRQHandler                      0x080001b7   Thumb Code     0  startup_stm32f407xx.o(.text)
    CAN2_SCE_IRQHandler                      0x080001b7   Thumb Code     0  startup_stm32f407xx.o(.text)
    CAN2_TX_IRQHandler                       0x080001b7   Thumb Code     0  startup_stm32f407xx.o(.text)
    DCMI_IRQHandler                          0x080001b7   Thumb Code     0  startup_stm32f407xx.o(.text)
    DMA1_Stream0_IRQHandler                  0x080001b7   Thumb Code     0  startup_stm32f407xx.o(.text)
    DMA1_Stream1_IRQHandler                  0x080001b7   Thumb Code     0  startup_stm32f407xx.o(.text)
    DMA1_Stream2_IRQHandler                  0x080001b7   Thumb Code     0  startup_stm32f407xx.o(.text)
    DMA1_Stream3_IRQHandler                  0x080001b7   Thumb Code     0  startup_stm32f407xx.o(.text)
    DMA1_Stream4_IRQHandler                  0x080001b7   Thumb Code     0  startup_stm32f407xx.o(.text)
    DMA1_Stream5_IRQHandler                  0x080001b7   Thumb Code     0  startup_stm32f407xx.o(.text)
    DMA1_Stream6_IRQHandler                  0x080001b7   Thumb Code     0  startup_stm32f407xx.o(.text)
    DMA1_Stream7_IRQHandler                  0x080001b7   Thumb Code     0  startup_stm32f407xx.o(.text)
    DMA2_Stream0_IRQHandler                  0x080001b7   Thumb Code     0  startup_stm32f407xx.o(.text)
    DMA2_Stream1_IRQHandler                  0x080001b7   Thumb Code     0  startup_stm32f407xx.o(.text)
    DMA2_Stream3_IRQHandler                  0x080001b7   Thumb Code     0  startup_stm32f407xx.o(.text)
    DMA2_Stream4_IRQHandler                  0x080001b7   Thumb Code     0  startup_stm32f407xx.o(.text)
    DMA2_Stream5_IRQHandler                  0x080001b7   Thumb Code     0  startup_stm32f407xx.o(.text)
    DMA2_Stream6_IRQHandler                  0x080001b7   Thumb Code     0  startup_stm32f407xx.o(.text)
    DMA2_Stream7_IRQHandler                  0x080001b7   Thumb Code     0  startup_stm32f407xx.o(.text)
    ETH_IRQHandler                           0x080001b7   Thumb Code     0  startup_stm32f407xx.o(.text)
    ETH_WKUP_IRQHandler                      0x080001b7   Thumb Code     0  startup_stm32f407xx.o(.text)
    EXTI0_IRQHandler                         0x080001b7   Thumb Code     0  startup_stm32f407xx.o(.text)
    EXTI15_10_IRQHandler                     0x080001b7   Thumb Code     0  startup_stm32f407xx.o(.text)
    EXTI1_IRQHandler                         0x080001b7   Thumb Code     0  startup_stm32f407xx.o(.text)
    EXTI2_IRQHandler                         0x080001b7   Thumb Code     0  startup_stm32f407xx.o(.text)
    EXTI3_IRQHandler                         0x080001b7   Thumb Code     0  startup_stm32f407xx.o(.text)
    EXTI4_IRQHandler                         0x080001b7   Thumb Code     0  startup_stm32f407xx.o(.text)
    FLASH_IRQHandler                         0x080001b7   Thumb Code     0  startup_stm32f407xx.o(.text)
    FMC_IRQHandler                           0x080001b7   Thumb Code     0  startup_stm32f407xx.o(.text)
    FPU_IRQHandler                           0x080001b7   Thumb Code     0  startup_stm32f407xx.o(.text)
    HASH_RNG_IRQHandler                      0x080001b7   Thumb Code     0  startup_stm32f407xx.o(.text)
    I2C1_ER_IRQHandler                       0x080001b7   Thumb Code     0  startup_stm32f407xx.o(.text)
    I2C1_EV_IRQHandler                       0x080001b7   Thumb Code     0  startup_stm32f407xx.o(.text)
    I2C2_ER_IRQHandler                       0x080001b7   Thumb Code     0  startup_stm32f407xx.o(.text)
    I2C2_EV_IRQHandler                       0x080001b7   Thumb Code     0  startup_stm32f407xx.o(.text)
    I2C3_ER_IRQHandler                       0x080001b7   Thumb Code     0  startup_stm32f407xx.o(.text)
    I2C3_EV_IRQHandler                       0x080001b7   Thumb Code     0  startup_stm32f407xx.o(.text)
    OTG_FS_IRQHandler                        0x080001b7   Thumb Code     0  startup_stm32f407xx.o(.text)
    OTG_FS_WKUP_IRQHandler                   0x080001b7   Thumb Code     0  startup_stm32f407xx.o(.text)
    OTG_HS_EP1_IN_IRQHandler                 0x080001b7   Thumb Code     0  startup_stm32f407xx.o(.text)
    OTG_HS_EP1_OUT_IRQHandler                0x080001b7   Thumb Code     0  startup_stm32f407xx.o(.text)
    OTG_HS_IRQHandler                        0x080001b7   Thumb Code     0  startup_stm32f407xx.o(.text)
    OTG_HS_WKUP_IRQHandler                   0x080001b7   Thumb Code     0  startup_stm32f407xx.o(.text)
    PVD_IRQHandler                           0x080001b7   Thumb Code     0  startup_stm32f407xx.o(.text)
    RCC_IRQHandler                           0x080001b7   Thumb Code     0  startup_stm32f407xx.o(.text)
    RTC_Alarm_IRQHandler                     0x080001b7   Thumb Code     0  startup_stm32f407xx.o(.text)
    RTC_WKUP_IRQHandler                      0x080001b7   Thumb Code     0  startup_stm32f407xx.o(.text)
    SDIO_IRQHandler                          0x080001b7   Thumb Code     0  startup_stm32f407xx.o(.text)
    SPI1_IRQHandler                          0x080001b7   Thumb Code     0  startup_stm32f407xx.o(.text)
    SPI2_IRQHandler                          0x080001b7   Thumb Code     0  startup_stm32f407xx.o(.text)
    SPI3_IRQHandler                          0x080001b7   Thumb Code     0  startup_stm32f407xx.o(.text)
    TAMP_STAMP_IRQHandler                    0x080001b7   Thumb Code     0  startup_stm32f407xx.o(.text)
    TIM1_BRK_TIM9_IRQHandler                 0x080001b7   Thumb Code     0  startup_stm32f407xx.o(.text)
    TIM1_CC_IRQHandler                       0x080001b7   Thumb Code     0  startup_stm32f407xx.o(.text)
    TIM1_TRG_COM_TIM11_IRQHandler            0x080001b7   Thumb Code     0  startup_stm32f407xx.o(.text)
    TIM1_UP_TIM10_IRQHandler                 0x080001b7   Thumb Code     0  startup_stm32f407xx.o(.text)
    TIM2_IRQHandler                          0x080001b7   Thumb Code     0  startup_stm32f407xx.o(.text)
    TIM3_IRQHandler                          0x080001b7   Thumb Code     0  startup_stm32f407xx.o(.text)
    TIM4_IRQHandler                          0x080001b7   Thumb Code     0  startup_stm32f407xx.o(.text)
    TIM5_IRQHandler                          0x080001b7   Thumb Code     0  startup_stm32f407xx.o(.text)
    TIM6_DAC_IRQHandler                      0x080001b7   Thumb Code     0  startup_stm32f407xx.o(.text)
    TIM7_IRQHandler                          0x080001b7   Thumb Code     0  startup_stm32f407xx.o(.text)
    TIM8_BRK_TIM12_IRQHandler                0x080001b7   Thumb Code     0  startup_stm32f407xx.o(.text)
    TIM8_CC_IRQHandler                       0x080001b7   Thumb Code     0  startup_stm32f407xx.o(.text)
    TIM8_TRG_COM_TIM14_IRQHandler            0x080001b7   Thumb Code     0  startup_stm32f407xx.o(.text)
    TIM8_UP_TIM13_IRQHandler                 0x080001b7   Thumb Code     0  startup_stm32f407xx.o(.text)
    UART4_IRQHandler                         0x080001b7   Thumb Code     0  startup_stm32f407xx.o(.text)
    UART5_IRQHandler                         0x080001b7   Thumb Code     0  startup_stm32f407xx.o(.text)
    USART2_IRQHandler                        0x080001b7   Thumb Code     0  startup_stm32f407xx.o(.text)
    USART3_IRQHandler                        0x080001b7   Thumb Code     0  startup_stm32f407xx.o(.text)
    USART6_IRQHandler                        0x080001b7   Thumb Code     0  startup_stm32f407xx.o(.text)
    WWDG_IRQHandler                          0x080001b7   Thumb Code     0  startup_stm32f407xx.o(.text)
    strlen                                   0x080001c1   Thumb Code    14  strlen.o(.text)
    __scatterload                            0x080001d1   Thumb Code    28  init.o(.text)
    __scatterload_rt2                        0x080001d1   Thumb Code     0  init.o(.text)
    __decompress                             0x080001f5   Thumb Code     0  __dczerorl2.o(.text)
    __decompress1                            0x080001f5   Thumb Code    86  __dczerorl2.o(.text)
    AppEnableRecDMA                          0x0800024d   Thumb Code    98  app.o(i.AppEnableRecDMA)
    AppSpectrumDisplay                       0x080002e5   Thumb Code    50  app.o(i.AppSpectrumDisplay)
    AppStartSample                           0x08000321   Thumb Code   120  app.o(i.AppStartSample)
    AppSwitch                                0x080003dd   Thumb Code   298  app.o(i.AppSwitch)
    App_y_axis_move                          0x08000529   Thumb Code   138  app.o(i.App_y_axis_move)
    BusFault_Handler                         0x080005c5   Thumb Code     4  stm32f4xx_it.o(i.BusFault_Handler)
    DMA2_Stream2_IRQHandler                  0x080005c9   Thumb Code    10  stm32f4xx_it.o(i.DMA2_Stream2_IRQHandler)
    DebugMon_Handler                         0x080006e3   Thumb Code     2  stm32f4xx_it.o(i.DebugMon_Handler)
    EXTI9_5_IRQHandler                       0x080006e5   Thumb Code    12  stm32f4xx_it.o(i.EXTI9_5_IRQHandler)
    FSMC_NORSRAM_Extended_Timing_Init        0x080006f1   Thumb Code    66  stm32f4xx_ll_fsmc.o(i.FSMC_NORSRAM_Extended_Timing_Init)
    FSMC_NORSRAM_Init                        0x08000739   Thumb Code    88  stm32f4xx_ll_fsmc.o(i.FSMC_NORSRAM_Init)
    FSMC_NORSRAM_Timing_Init                 0x08000795   Thumb Code    68  stm32f4xx_ll_fsmc.o(i.FSMC_NORSRAM_Timing_Init)
    FT6206_Read_Reg                          0x080007d9   Thumb Code    94  touch.o(i.FT6206_Read_Reg)
    FT6336_I2C_GPIO_Init                     0x08000839   Thumb Code    88  touch.o(i.FT6336_I2C_GPIO_Init)
    Gui_Draw_Line                            0x08000899   Thumb Code   190  gui.o(i.Gui_Draw_Line)
    Gui_Draw_aPixel                          0x08000959   Thumb Code    22  gui.o(i.Gui_Draw_aPixel)
    HAL_DMA_Abort_IT                         0x08000975   Thumb Code    40  stm32f4xx_hal_dma.o(i.HAL_DMA_Abort_IT)
    HAL_DMA_IRQHandler                       0x0800099d   Thumb Code   574  stm32f4xx_hal_dma.o(i.HAL_DMA_IRQHandler)
    HAL_DMA_Init                             0x08000be5   Thumb Code   232  stm32f4xx_hal_dma.o(i.HAL_DMA_Init)
    HAL_DMA_Start_IT                         0x08000cd1   Thumb Code   158  stm32f4xx_hal_dma.o(i.HAL_DMA_Start_IT)
    HAL_GPIO_EXTI_Callback                   0x08000e39   Thumb Code     2  stm32f4xx_hal_gpio.o(i.HAL_GPIO_EXTI_Callback)
    HAL_GPIO_EXTI_IRQHandler                 0x08000e3d   Thumb Code    24  stm32f4xx_hal_gpio.o(i.HAL_GPIO_EXTI_IRQHandler)
    HAL_GPIO_Init                            0x08000e59   Thumb Code   466  stm32f4xx_hal_gpio.o(i.HAL_GPIO_Init)
    HAL_GPIO_ReadPin                         0x08001059   Thumb Code    16  stm32f4xx_hal_gpio.o(i.HAL_GPIO_ReadPin)
    HAL_GPIO_WritePin                        0x08001069   Thumb Code    12  stm32f4xx_hal_gpio.o(i.HAL_GPIO_WritePin)
    HAL_GetTick                              0x08001075   Thumb Code     6  stm32f4xx_hal.o(i.HAL_GetTick)
    HAL_IncTick                              0x08001081   Thumb Code    12  stm32f4xx_hal.o(i.HAL_IncTick)
    HAL_Init                                 0x08001091   Thumb Code    54  stm32f4xx_hal.o(i.HAL_Init)
    HAL_InitTick                             0x080010cd   Thumb Code    36  stm32f4xx_hal.o(i.HAL_InitTick)
    HAL_MspInit                              0x080010f5   Thumb Code    86  stm32f4xx_hal_msp.o(i.HAL_MspInit)
    HAL_NVIC_EnableIRQ                       0x0800114b   Thumb Code    26  stm32f4xx_hal_cortex.o(i.HAL_NVIC_EnableIRQ)
    HAL_NVIC_SetPriority                     0x08001165   Thumb Code   124  stm32f4xx_hal_cortex.o(i.HAL_NVIC_SetPriority)
    HAL_NVIC_SetPriorityGrouping             0x080011e1   Thumb Code    32  stm32f4xx_hal_cortex.o(i.HAL_NVIC_SetPriorityGrouping)
    HAL_RCC_ClockConfig                      0x08001209   Thumb Code   446  stm32f4xx_hal_rcc.o(i.HAL_RCC_ClockConfig)
    HAL_RCC_GetHCLKFreq                      0x080013d9   Thumb Code     6  stm32f4xx_hal_rcc.o(i.HAL_RCC_GetHCLKFreq)
    HAL_RCC_GetPCLK1Freq                     0x080013e5   Thumb Code    36  stm32f4xx_hal_rcc.o(i.HAL_RCC_GetPCLK1Freq)
    HAL_RCC_GetPCLK2Freq                     0x08001411   Thumb Code    36  stm32f4xx_hal_rcc.o(i.HAL_RCC_GetPCLK2Freq)
    HAL_RCC_GetSysClockFreq                  0x0800143d   Thumb Code   168  stm32f4xx_hal_rcc.o(i.HAL_RCC_GetSysClockFreq)
    HAL_RCC_OscConfig                        0x080014f1   Thumb Code  1090  stm32f4xx_hal_rcc.o(i.HAL_RCC_OscConfig)
    HAL_SRAM_Init                            0x0800193d   Thumb Code    88  stm32f4xx_hal_sram.o(i.HAL_SRAM_Init)
    HAL_SRAM_MspInit                         0x08001995   Thumb Code    10  fsmc.o(i.HAL_SRAM_MspInit)
    HAL_SYSTICK_CLKSourceConfig              0x0800199f   Thumb Code    40  stm32f4xx_hal_cortex.o(i.HAL_SYSTICK_CLKSourceConfig)
    HAL_SYSTICK_Callback                     0x080019c7   Thumb Code     2  stm32f4xx_hal_cortex.o(i.HAL_SYSTICK_Callback)
    HAL_SYSTICK_Config                       0x080019c9   Thumb Code    52  stm32f4xx_hal_cortex.o(i.HAL_SYSTICK_Config)
    HAL_SYSTICK_IRQHandler                   0x080019fd   Thumb Code     8  stm32f4xx_hal_cortex.o(i.HAL_SYSTICK_IRQHandler)
    HAL_UART_ErrorCallback                   0x08001a05   Thumb Code     2  stm32f4xx_hal_uart.o(i.HAL_UART_ErrorCallback)
    HAL_UART_IRQHandler                      0x08001a09   Thumb Code   326  stm32f4xx_hal_uart.o(i.HAL_UART_IRQHandler)
    HAL_UART_Init                            0x08001b55   Thumb Code   114  stm32f4xx_hal_uart.o(i.HAL_UART_Init)
    HAL_UART_MspInit                         0x08001bc9   Thumb Code   292  usart.o(i.HAL_UART_MspInit)
    HAL_UART_Receive_DMA                     0x08001d1d   Thumb Code   182  stm32f4xx_hal_uart.o(i.HAL_UART_Receive_DMA)
    HAL_UART_RxCpltCallback                  0x08001de1   Thumb Code    16  usart.o(i.HAL_UART_RxCpltCallback)
    HAL_UART_RxHalfCpltCallback              0x08001df9   Thumb Code     2  stm32f4xx_hal_uart.o(i.HAL_UART_RxHalfCpltCallback)
    HAL_UART_Transmit                        0x08001dfb   Thumb Code   214  stm32f4xx_hal_uart.o(i.HAL_UART_Transmit)
    HAL_UART_TxCpltCallback                  0x08001ed1   Thumb Code     2  usart.o(i.HAL_UART_TxCpltCallback)
    HardFault_Handler                        0x08001ed3   Thumb Code     4  stm32f4xx_it.o(i.HardFault_Handler)
    I2C1_Ack                                 0x08001ed9   Thumb Code    56  touch.o(i.I2C1_Ack)
    I2C1_Delay_us                            0x08001f15   Thumb Code    14  touch.o(i.I2C1_Delay_us)
    I2C1_NoAck                               0x08001f25   Thumb Code    56  touch.o(i.I2C1_NoAck)
    I2C1_Read_Byte                           0x08001f61   Thumb Code    94  touch.o(i.I2C1_Read_Byte)
    I2C1_Send_Byte                           0x08001fc5   Thumb Code   110  touch.o(i.I2C1_Send_Byte)
    I2C1_Start                               0x08002039   Thumb Code    56  touch.o(i.I2C1_Start)
    I2C1_Stop                                0x08002075   Thumb Code    56  touch.o(i.I2C1_Stop)
    I2C1_WaitAck                             0x080020b1   Thumb Code    92  touch.o(i.I2C1_WaitAck)
    LCD_CTRL_GPIO_Init                       0x08002111   Thumb Code   146  lcd_drive.o(i.LCD_CTRL_GPIO_Init)
    LCD_Initialize                           0x080021b1   Thumb Code   892  lcd_drive.o(i.LCD_Initialize)
    LCD_ShowChar                             0x0800255d   Thumb Code   192  gui.o(i.LCD_ShowChar)
    LCD_delay                                0x0800262d   Thumb Code    42  lcd_drive.o(i.LCD_delay)
    LcdDisplayBackground                     0x08002657   Thumb Code    12  displaywindows.o(i.LcdDisplayBackground)
    LcdDisplayWindows                        0x08002665   Thumb Code    30  displaywindows.o(i.LcdDisplayWindows)
    LcdShowIconName                          0x08002695   Thumb Code    74  showpicture.o(i.LcdShowIconName)
    LcdShowPicture                           0x080026e5   Thumb Code    90  showpicture.o(i.LcdShowPicture)
    Lcd_Clear_All                            0x08002745   Thumb Code    56  lcd_drive.o(i.Lcd_Clear_All)
    Lcd_Clear_Some_Area                      0x08002781   Thumb Code   126  lcd_drive.o(i.Lcd_Clear_Some_Area)
    Lcd_Set_Region                           0x08002805   Thumb Code   114  lcd_drive.o(i.Lcd_Set_Region)
    Lcd_Set_XY                               0x08002877   Thumb Code    50  lcd_drive.o(i.Lcd_Set_XY)
    MX_DMA_Init                              0x080028a9   Thumb Code    82  dma.o(i.MX_DMA_Init)
    MX_FSMC_Init                             0x08002901   Thumb Code   112  fsmc.o(i.MX_FSMC_Init)
    MX_GPIO_Init                             0x08002989   Thumb Code   444  gpio.o(i.MX_GPIO_Init)
    MX_USART1_UART_Init                      0x08002b91   Thumb Code    50  usart.o(i.MX_USART1_UART_Init)
    MX_USART2_UART_Init                      0x08002bdd   Thumb Code    50  usart.o(i.MX_USART2_UART_Init)
    MemManage_Handler                        0x08002c29   Thumb Code     4  stm32f4xx_it.o(i.MemManage_Handler)
    NMI_Handler                              0x08002c2d   Thumb Code     2  stm32f4xx_it.o(i.NMI_Handler)
    PageClearAreaBelow_y_axis                0x08002c69   Thumb Code    26  page.o(i.PageClearAreaBelow_y_axis)
    PageClearSpectrumArea                    0x08002c83   Thumb Code    24  page.o(i.PageClearSpectrumArea)
    PageDisplayBeforeSample                  0x08002c9d   Thumb Code    36  page.o(i.PageDisplayBeforeSample)
    PageDisplayIsSample                      0x08002cf1   Thumb Code    38  page.o(i.PageDisplayIsSample)
    PageDisplayNumBelow_y_axis               0x08002d2d   Thumb Code    74  page.o(i.PageDisplayNumBelow_y_axis)
    PageDisplaySpectrum                      0x08002d77   Thumb Code    70  page.o(i.PageDisplaySpectrum)
    PageDisplayString                        0x08002dbd   Thumb Code    88  page.o(i.PageDisplayString)
    PageMoveNumBelow_y_axis                  0x08002e15   Thumb Code   140  page.o(i.PageMoveNumBelow_y_axis)
    PageMoveSpectrum                         0x08002eb1   Thumb Code   130  page.o(i.PageMoveSpectrum)
    PageShowAxis                             0x08002f3d   Thumb Code   670  page.o(i.PageShowAxis)
    PageSpectrumInit                         0x080031e5   Thumb Code    36  page.o(i.PageSpectrumInit)
    PendSV_Handler                           0x08003209   Thumb Code     2  stm32f4xx_it.o(i.PendSV_Handler)
    ReadCTP                                  0x0800320d   Thumb Code   396  touch.o(i.ReadCTP)
    SVC_Handler                              0x0800339d   Thumb Code     2  stm32f4xx_it.o(i.SVC_Handler)
    SysTick_Handler                          0x0800339f   Thumb Code    12  stm32f4xx_it.o(i.SysTick_Handler)
    SystemClock_Config                       0x080033ad   Thumb Code   198  main.o(i.SystemClock_Config)
    SystemInit                               0x0800348d   Thumb Code    82  system_stm32f4xx.o(i.SystemInit)
    USART1_IRQHandler                        0x08003ad5   Thumb Code    10  stm32f4xx_it.o(i.USART1_IRQHandler)
    UsageFault_Handler                       0x08003ae5   Thumb Code     4  stm32f4xx_it.o(i.UsageFault_Handler)
    WriteComm                                0x08003ae9   Thumb Code     8  lcd_drive.o(i.WriteComm)
    WriteData                                0x08003af1   Thumb Code     6  lcd_drive.o(i.WriteData)
    _Error_Handler                           0x08003afd   Thumb Code     4  main.o(i._Error_Handler)
    __scatterload_copy                       0x08003b01   Thumb Code    14  handlers.o(i.__scatterload_copy)
    __scatterload_null                       0x08003b0f   Thumb Code     2  handlers.o(i.__scatterload_null)
    __scatterload_zeroinit                   0x08003b11   Thumb Code    14  handlers.o(i.__scatterload_zeroinit)
    delay_ms                                 0x08003b1f   Thumb Code    24  delay.o(i.delay_ms)
    delay_us                                 0x08003b39   Thumb Code    68  delay.o(i.delay_us)
    main                                     0x08003b81   Thumb Code   102  main.o(i.main)
    touchwait                                0x08003bf9   Thumb Code    32  app.o(i.touchwait)
    AHBPrescTable                            0x08003c1c   Data          16  system_stm32f4xx.o(.constdata)
    APBPrescTable                            0x08003c2c   Data           8  system_stm32f4xx.o(.constdata)
    gImage_background                        0x08003c3c   Data       76800  displaywindows.o(.constdata)
    gImage_Spectrum                          0x0801683c   Data        6728  displaywindows.o(.constdata)
    asc32                                    0x08018284   Data        6080  gui.o(.constdata)
    asc64                                    0x08019a44   Data       24320  gui.o(.constdata)
    hz80                                     0x0801f944   Data       12000  gui.o(.constdata)
    hz64                                     0x08022824   Data       11776  gui.o(.constdata)
    Region$$Table$$Base                      0x08025680   Number         0  anon$$obj.o(Region$$Table)
    Region$$Table$$Limit                     0x080256a0   Number         0  anon$$obj.o(Region$$Table)
    SystemCoreClock                          0x20000000   Data           4  system_stm32f4xx.o(.data)
    uwTick                                   0x20000004   Data           4  stm32f4xx_hal.o(.data)
    U1_Rec_Point                             0x20000010   Data           2  main.o(.data)
    setminute                                0x20000012   Data           1  main.o(.data)
    POINT_COLOR                              0x20000014   Data           2  main.o(.data)
    BACK_COLOR                               0x20000016   Data           2  main.o(.data)
    MainFuntionSelect                        0x20000018   Data           1  main.o(.data)
    MainDispalyBackground                    0x20000019   Data           1  main.o(.data)
    touchoffset                              0x2000001a   Data           1  main.o(.data)
    AppStartSampleArray                      0x20000020   Data           4  app.o(.data)
    AppReceiveDmaFinish                      0x20000024   Data           1  app.o(.data)
    DisplayNumArray                          0x20000028   Data          84  page.o(.data)
    test_data                                0x2000007c   Data        4096  page.o(.data)
    huart1                                   0x2000107c   Data          64  usart.o(.bss)
    hdma_usart1_rx                           0x200010bc   Data          96  usart.o(.bss)
    huart2                                   0x2000111c   Data          64  usart.o(.bss)
    hdma_usart2_rx                           0x2000115c   Data          96  usart.o(.bss)
    hsram1                                   0x200011bc   Data          80  fsmc.o(.bss)
    U1_Rec_Buffer                            0x2000120c   Data        1024  main.o(.bss)
    U1_Send_Buffer                           0x2000160c   Data         100  main.o(.bss)
    ctpxy                                    0x20001670   Data          12  main.o(.bss)
    AppSpecRecData                           0x2000167c   Data        1030  app.o(.bss)
    __initial_sp                             0x20005a90   Data           0  startup_stm32f407xx.o(STACK)



==============================================================================

Memory Map of the image

  Image Entry point : 0x08000189

  Load Region LR_IROM1 (Base: 0x08000000, Size: 0x0002671c, Max: 0x00080000, ABSOLUTE, COMPRESSED[0x000257b8])

    Execution Region ER_IROM1 (Base: 0x08000000, Size: 0x000256a0, Max: 0x00080000, ABSOLUTE)

    Base Addr    Size         Type   Attr      Idx    E Section Name        Object

    0x08000000   0x00000188   Data   RO            3    RESET               startup_stm32f407xx.o
    0x08000188   0x00000000   Code   RO         2790  * .ARM.Collect$$$$00000000  mc_w.l(entry.o)
    0x08000188   0x00000004   Code   RO         2799    .ARM.Collect$$$$00000001  mc_w.l(entry2.o)
    0x0800018c   0x00000004   Code   RO         2802    .ARM.Collect$$$$00000004  mc_w.l(entry5.o)
    0x08000190   0x00000000   Code   RO         2804    .ARM.Collect$$$$00000008  mc_w.l(entry7b.o)
    0x08000190   0x00000000   Code   RO         2806    .ARM.Collect$$$$0000000A  mc_w.l(entry8b.o)
    0x08000190   0x00000008   Code   RO         2807    .ARM.Collect$$$$0000000B  mc_w.l(entry9a.o)
    0x08000198   0x00000000   Code   RO         2809    .ARM.Collect$$$$0000000D  mc_w.l(entry10a.o)
    0x08000198   0x00000000   Code   RO         2811    .ARM.Collect$$$$0000000F  mc_w.l(entry11a.o)
    0x08000198   0x00000004   Code   RO         2800    .ARM.Collect$$$$00002712  mc_w.l(entry2.o)
    0x0800019c   0x00000024   Code   RO            4    .text               startup_stm32f407xx.o
    0x080001c0   0x0000000e   Code   RO         2795    .text               mc_w.l(strlen.o)
    0x080001ce   0x00000002   PAD
    0x080001d0   0x00000024   Code   RO         2813    .text               mc_w.l(init.o)
    0x080001f4   0x00000056   Code   RO         2823    .text               mc_w.l(__dczerorl2.o)
    0x0800024a   0x00000002   PAD
    0x0800024c   0x00000098   Code   RO         2297    i.AppEnableRecDMA   app.o
    0x080002e4   0x0000003c   Code   RO         2298    i.AppSpectrumDisplay  app.o
    0x08000320   0x000000bc   Code   RO         2299    i.AppStartSample    app.o
    0x080003dc   0x0000014c   Code   RO         2300    i.AppSwitch         app.o
    0x08000528   0x0000009c   Code   RO         2301    i.App_y_axis_move   app.o
    0x080005c4   0x00000004   Code   RO         1956    i.BusFault_Handler  stm32f4xx_it.o
    0x080005c8   0x00000010   Code   RO         1957    i.DMA2_Stream2_IRQHandler  stm32f4xx_it.o
    0x080005d8   0x00000034   Code   RO         1428    i.DMA_CalcBaseAndBitshift  stm32f4xx_hal_dma.o
    0x0800060c   0x000000aa   Code   RO         1429    i.DMA_CheckFifoParam  stm32f4xx_hal_dma.o
    0x080006b6   0x0000002c   Code   RO         1430    i.DMA_SetConfig     stm32f4xx_hal_dma.o
    0x080006e2   0x00000002   Code   RO         1958    i.DebugMon_Handler  stm32f4xx_it.o
    0x080006e4   0x0000000c   Code   RO         1959    i.EXTI9_5_IRQHandler  stm32f4xx_it.o
    0x080006f0   0x00000048   Code   RO         1584    i.FSMC_NORSRAM_Extended_Timing_Init  stm32f4xx_ll_fsmc.o
    0x08000738   0x0000005c   Code   RO         1585    i.FSMC_NORSRAM_Init  stm32f4xx_ll_fsmc.o
    0x08000794   0x00000044   Code   RO         1586    i.FSMC_NORSRAM_Timing_Init  stm32f4xx_ll_fsmc.o
    0x080007d8   0x0000005e   Code   RO         2701    i.FT6206_Read_Reg   touch.o
    0x08000836   0x00000002   PAD
    0x08000838   0x00000060   Code   RO         2702    i.FT6336_I2C_GPIO_Init  touch.o
    0x08000898   0x000000be   Code   RO         2555    i.Gui_Draw_Line     gui.o
    0x08000956   0x00000002   PAD
    0x08000958   0x0000001c   Code   RO         2557    i.Gui_Draw_aPixel   gui.o
    0x08000974   0x00000028   Code   RO         1432    i.HAL_DMA_Abort_IT  stm32f4xx_hal_dma.o
    0x0800099c   0x00000248   Code   RO         1436    i.HAL_DMA_IRQHandler  stm32f4xx_hal_dma.o
    0x08000be4   0x000000ec   Code   RO         1437    i.HAL_DMA_Init      stm32f4xx_hal_dma.o
    0x08000cd0   0x0000009e   Code   RO         1441    i.HAL_DMA_Start_IT  stm32f4xx_hal_dma.o
    0x08000d6e   0x00000002   PAD
    0x08000d70   0x000000c8   Code   RO         2078    i.HAL_FSMC_MspInit  fsmc.o
    0x08000e38   0x00000002   Code   RO         1245    i.HAL_GPIO_EXTI_Callback  stm32f4xx_hal_gpio.o
    0x08000e3a   0x00000002   PAD
    0x08000e3c   0x0000001c   Code   RO         1246    i.HAL_GPIO_EXTI_IRQHandler  stm32f4xx_hal_gpio.o
    0x08000e58   0x00000200   Code   RO         1247    i.HAL_GPIO_Init     stm32f4xx_hal_gpio.o
    0x08001058   0x00000010   Code   RO         1249    i.HAL_GPIO_ReadPin  stm32f4xx_hal_gpio.o
    0x08001068   0x0000000c   Code   RO         1251    i.HAL_GPIO_WritePin  stm32f4xx_hal_gpio.o
    0x08001074   0x0000000c   Code   RO          313    i.HAL_GetTick       stm32f4xx_hal.o
    0x08001080   0x00000010   Code   RO          315    i.HAL_IncTick       stm32f4xx_hal.o
    0x08001090   0x0000003c   Code   RO          316    i.HAL_Init          stm32f4xx_hal.o
    0x080010cc   0x00000028   Code   RO          317    i.HAL_InitTick      stm32f4xx_hal.o
    0x080010f4   0x00000056   Code   RO         2235    i.HAL_MspInit       stm32f4xx_hal_msp.o
    0x0800114a   0x0000001a   Code   RO         1091    i.HAL_NVIC_EnableIRQ  stm32f4xx_hal_cortex.o
    0x08001164   0x0000007c   Code   RO         1097    i.HAL_NVIC_SetPriority  stm32f4xx_hal_cortex.o
    0x080011e0   0x00000028   Code   RO         1098    i.HAL_NVIC_SetPriorityGrouping  stm32f4xx_hal_cortex.o
    0x08001208   0x000001d0   Code   RO          141    i.HAL_RCC_ClockConfig  stm32f4xx_hal_rcc.o
    0x080013d8   0x0000000c   Code   RO          146    i.HAL_RCC_GetHCLKFreq  stm32f4xx_hal_rcc.o
    0x080013e4   0x0000002c   Code   RO          148    i.HAL_RCC_GetPCLK1Freq  stm32f4xx_hal_rcc.o
    0x08001410   0x0000002c   Code   RO          149    i.HAL_RCC_GetPCLK2Freq  stm32f4xx_hal_rcc.o
    0x0800143c   0x000000b4   Code   RO          150    i.HAL_RCC_GetSysClockFreq  stm32f4xx_hal_rcc.o
    0x080014f0   0x0000044c   Code   RO          153    i.HAL_RCC_OscConfig  stm32f4xx_hal_rcc.o
    0x0800193c   0x00000058   Code   RO         1706    i.HAL_SRAM_Init     stm32f4xx_hal_sram.o
    0x08001994   0x0000000a   Code   RO         2080    i.HAL_SRAM_MspInit  fsmc.o
    0x0800199e   0x00000028   Code   RO         1100    i.HAL_SYSTICK_CLKSourceConfig  stm32f4xx_hal_cortex.o
    0x080019c6   0x00000002   Code   RO         1101    i.HAL_SYSTICK_Callback  stm32f4xx_hal_cortex.o
    0x080019c8   0x00000034   Code   RO         1102    i.HAL_SYSTICK_Config  stm32f4xx_hal_cortex.o
    0x080019fc   0x00000008   Code   RO         1103    i.HAL_SYSTICK_IRQHandler  stm32f4xx_hal_cortex.o
    0x08001a04   0x00000002   Code   RO          510    i.HAL_UART_ErrorCallback  stm32f4xx_hal_uart.o
    0x08001a06   0x00000002   PAD
    0x08001a08   0x0000014c   Code   RO          513    i.HAL_UART_IRQHandler  stm32f4xx_hal_uart.o
    0x08001b54   0x00000072   Code   RO          514    i.HAL_UART_Init     stm32f4xx_hal_uart.o
    0x08001bc6   0x00000002   PAD
    0x08001bc8   0x00000154   Code   RO         1880    i.HAL_UART_MspInit  usart.o
    0x08001d1c   0x000000c4   Code   RO          518    i.HAL_UART_Receive_DMA  stm32f4xx_hal_uart.o
    0x08001de0   0x00000018   Code   RO         1881    i.HAL_UART_RxCpltCallback  usart.o
    0x08001df8   0x00000002   Code   RO          521    i.HAL_UART_RxHalfCpltCallback  stm32f4xx_hal_uart.o
    0x08001dfa   0x000000d6   Code   RO          522    i.HAL_UART_Transmit  stm32f4xx_hal_uart.o
    0x08001ed0   0x00000002   Code   RO         1882    i.HAL_UART_TxCpltCallback  usart.o
    0x08001ed2   0x00000004   Code   RO         1960    i.HardFault_Handler  stm32f4xx_it.o
    0x08001ed6   0x00000002   PAD
    0x08001ed8   0x0000003c   Code   RO         2704    i.I2C1_Ack          touch.o
    0x08001f14   0x0000000e   Code   RO         2705    i.I2C1_Delay_us     touch.o
    0x08001f22   0x00000002   PAD
    0x08001f24   0x0000003c   Code   RO         2706    i.I2C1_NoAck        touch.o
    0x08001f60   0x00000064   Code   RO         2707    i.I2C1_Read_Byte    touch.o
    0x08001fc4   0x00000074   Code   RO         2708    i.I2C1_Send_Byte    touch.o
    0x08002038   0x0000003c   Code   RO         2709    i.I2C1_Start        touch.o
    0x08002074   0x0000003c   Code   RO         2710    i.I2C1_Stop         touch.o
    0x080020b0   0x00000060   Code   RO         2711    i.I2C1_WaitAck      touch.o
    0x08002110   0x000000a0   Code   RO         2619    i.LCD_CTRL_GPIO_Init  lcd_drive.o
    0x080021b0   0x00000380   Code   RO         2620    i.LCD_Initialize    lcd_drive.o
    0x08002530   0x0000002c   Code   RO         2621    i.LCD_Rst           lcd_drive.o
    0x0800255c   0x000000d0   Code   RO         2558    i.LCD_ShowChar      gui.o
    0x0800262c   0x0000002a   Code   RO         2622    i.LCD_delay         lcd_drive.o
    0x08002656   0x0000000c   Code   RO         2487    i.LcdDisplayBackground  displaywindows.o
    0x08002662   0x00000002   PAD
    0x08002664   0x00000030   Code   RO         2488    i.LcdDisplayWindows  displaywindows.o
    0x08002694   0x00000050   Code   RO         2523    i.LcdShowIconName   showpicture.o
    0x080026e4   0x00000060   Code   RO         2524    i.LcdShowPicture    showpicture.o
    0x08002744   0x0000003c   Code   RO         2623    i.Lcd_Clear_All     lcd_drive.o
    0x08002780   0x00000084   Code   RO         2624    i.Lcd_Clear_Some_Area  lcd_drive.o
    0x08002804   0x00000072   Code   RO         2625    i.Lcd_Set_Region    lcd_drive.o
    0x08002876   0x00000032   Code   RO         2626    i.Lcd_Set_XY        lcd_drive.o
    0x080028a8   0x00000058   Code   RO         2211    i.MX_DMA_Init       dma.o
    0x08002900   0x00000088   Code   RO         2081    i.MX_FSMC_Init      fsmc.o
    0x08002988   0x000001d4   Code   RO         2053    i.MX_GPIO_Init      gpio.o
    0x08002b5c   0x00000034   Code   RO         2130    i.MX_NVIC_Init      main.o
    0x08002b90   0x0000004c   Code   RO         1883    i.MX_USART1_UART_Init  usart.o
    0x08002bdc   0x0000004c   Code   RO         1884    i.MX_USART2_UART_Init  usart.o
    0x08002c28   0x00000004   Code   RO         1961    i.MemManage_Handler  stm32f4xx_it.o
    0x08002c2c   0x00000002   Code   RO         1962    i.NMI_Handler       stm32f4xx_it.o
    0x08002c2e   0x00000002   PAD
    0x08002c30   0x00000010   Code   RO         1104    i.NVIC_GetPriorityGrouping  stm32f4xx_hal_cortex.o
    0x08002c40   0x00000028   Code   RO         1105    i.NVIC_SetPriority  stm32f4xx_hal_cortex.o
    0x08002c68   0x0000001a   Code   RO         2365    i.PageClearAreaBelow_y_axis  page.o
    0x08002c82   0x00000018   Code   RO         2366    i.PageClearSpectrumArea  page.o
    0x08002c9a   0x00000002   PAD
    0x08002c9c   0x00000054   Code   RO         2367    i.PageDisplayBeforeSample  page.o
    0x08002cf0   0x0000003c   Code   RO         2368    i.PageDisplayIsSample  page.o
    0x08002d2c   0x0000004a   Code   RO         2369    i.PageDisplayNumBelow_y_axis  page.o
    0x08002d76   0x00000046   Code   RO         2370    i.PageDisplaySpectrum  page.o
    0x08002dbc   0x00000058   Code   RO         2371    i.PageDisplayString  page.o
    0x08002e14   0x0000009c   Code   RO         2372    i.PageMoveNumBelow_y_axis  page.o
    0x08002eb0   0x0000008c   Code   RO         2373    i.PageMoveSpectrum  page.o
    0x08002f3c   0x000002a8   Code   RO         2374    i.PageShowAxis      page.o
    0x080031e4   0x00000024   Code   RO         2375    i.PageSpectrumInit  page.o
    0x08003208   0x00000002   Code   RO         1963    i.PendSV_Handler    stm32f4xx_it.o
    0x0800320a   0x00000002   PAD
    0x0800320c   0x00000190   Code   RO         2712    i.ReadCTP           touch.o
    0x0800339c   0x00000002   Code   RO         1964    i.SVC_Handler       stm32f4xx_it.o
    0x0800339e   0x0000000c   Code   RO         1965    i.SysTick_Handler   stm32f4xx_it.o
    0x080033aa   0x00000002   PAD
    0x080033ac   0x000000e0   Code   RO         2131    i.SystemClock_Config  main.o
    0x0800348c   0x00000064   Code   RO           14    i.SystemInit        system_stm32f4xx.o
    0x080034f0   0x00000014   Code   RO          527    i.UART_DMAAbortOnError  stm32f4xx_hal_uart.o
    0x08003504   0x00000050   Code   RO          528    i.UART_DMAError     stm32f4xx_hal_uart.o
    0x08003554   0x00000046   Code   RO          529    i.UART_DMAReceiveCplt  stm32f4xx_hal_uart.o
    0x0800359a   0x0000000e   Code   RO          531    i.UART_DMARxHalfCplt  stm32f4xx_hal_uart.o
    0x080035a8   0x00000020   Code   RO          537    i.UART_EndRxTransfer  stm32f4xx_hal_uart.o
    0x080035c8   0x00000020   Code   RO          538    i.UART_EndTransmit_IT  stm32f4xx_hal_uart.o
    0x080035e8   0x00000014   Code   RO          539    i.UART_EndTxTransfer  stm32f4xx_hal_uart.o
    0x080035fc   0x0000009a   Code   RO          540    i.UART_Receive_IT   stm32f4xx_hal_uart.o
    0x08003696   0x00000002   PAD
    0x08003698   0x00000368   Code   RO          541    i.UART_SetConfig    stm32f4xx_hal_uart.o
    0x08003a00   0x00000068   Code   RO          542    i.UART_Transmit_IT  stm32f4xx_hal_uart.o
    0x08003a68   0x0000006c   Code   RO          543    i.UART_WaitOnFlagUntilTimeout  stm32f4xx_hal_uart.o
    0x08003ad4   0x00000010   Code   RO         1966    i.USART1_IRQHandler  stm32f4xx_it.o
    0x08003ae4   0x00000004   Code   RO         1967    i.UsageFault_Handler  stm32f4xx_it.o
    0x08003ae8   0x00000008   Code   RO         2627    i.WriteComm         lcd_drive.o
    0x08003af0   0x0000000c   Code   RO         2628    i.WriteData         lcd_drive.o
    0x08003afc   0x00000004   Code   RO         2132    i._Error_Handler    main.o
    0x08003b00   0x0000000e   Code   RO         2817    i.__scatterload_copy  mc_w.l(handlers.o)
    0x08003b0e   0x00000002   Code   RO         2818    i.__scatterload_null  mc_w.l(handlers.o)
    0x08003b10   0x0000000e   Code   RO         2819    i.__scatterload_zeroinit  mc_w.l(handlers.o)
    0x08003b1e   0x00000018   Code   RO         2260    i.delay_ms          delay.o
    0x08003b36   0x00000002   PAD
    0x08003b38   0x00000048   Code   RO         2261    i.delay_us          delay.o
    0x08003b80   0x00000078   Code   RO         2133    i.main              main.o
    0x08003bf8   0x00000024   Code   RO         2303    i.touchwait         app.o
    0x08003c1c   0x00000018   Data   RO           15    .constdata          system_stm32f4xx.o
    0x08003c34   0x00000008   Data   RO         1443    .constdata          stm32f4xx_hal_dma.o
    0x08003c3c   0x00014648   Data   RO         2489    .constdata          displaywindows.o
    0x08018284   0x0000d3a0   Data   RO         2560    .constdata          gui.o
    0x08025624   0x0000005b   Data   RO         2381    .conststring        page.o
    0x0802567f   0x00000001   PAD
    0x08025680   0x00000020   Data   RO         2815    Region$$Table       anon$$obj.o


    Execution Region RW_IRAM1 (Base: 0x20000000, Size: 0x00005a90, Max: 0x00020000, ABSOLUTE, COMPRESSED[0x00000118])

    Base Addr    Size         Type   Attr      Idx    E Section Name        Object

    0x20000000   0x00000004   Data   RW           16    .data               system_stm32f4xx.o
    0x20000004   0x00000004   Data   RW          322    .data               stm32f4xx_hal.o
    0x20000008   0x00000008   Data   RW         2083    .data               fsmc.o
    0x20000010   0x0000000b   Data   RW         2135    .data               main.o
    0x2000001b   0x00000001   PAD
    0x2000001c   0x00000004   Data   RW         2262    .data               delay.o
    0x20000020   0x00000005   Data   RW         2305    .data               app.o
    0x20000025   0x00000003   PAD
    0x20000028   0x00001054   Data   RW         2382    .data               page.o
    0x2000107c   0x00000140   Zero   RW         1886    .bss                usart.o
    0x200011bc   0x00000050   Zero   RW         2082    .bss                fsmc.o
    0x2000120c   0x00000470   Zero   RW         2134    .bss                main.o
    0x2000167c   0x00000406   Zero   RW         2304    .bss                app.o
    0x20001a82   0x0000000c   Zero   RW         2713    .bss                touch.o
    0x20001a8e   0x00000002   PAD
    0x20001a90   0x00004000   Zero   RW            1    STACK               startup_stm32f407xx.o


==============================================================================

Image component sizes


      Code (inc. data)   RO Data    RW Data    ZI Data      Debug   Object Name

       924        188          0          5       1030       4748   app.o
        96          4          0          4          0       1414   delay.o
        60         18      83528          0          0       1587   displaywindows.o
        88          6          0          0          0        806   dma.o
       346         42          0          8         80       2363   fsmc.o
       468         24          0          0          0       1243   gpio.o
       426         22      54176          0          0       3337   gui.o
      1518         40          0          0          0       7130   lcd_drive.o
       400         44          0         11       1136       6158   main.o
      1438        106         91       4180          0       8182   page.o
       176         12          0          0          0       2005   showpicture.o
        36          8        392          0      16384        840   startup_stm32f407xx.o
       128         20          0          4          0       3883   stm32f4xx_hal.o
       348         22          0          0          0      32685   stm32f4xx_hal_cortex.o
      1284         20          8          0          0       6198   stm32f4xx_hal_dma.o
       570         50          0          0          0       4223   stm32f4xx_hal_gpio.o
        86          0          0          0          0        522   stm32f4xx_hal_msp.o
      1844         80          0          0          0       5516   stm32f4xx_hal_rcc.o
        88          0          0          0          0       1192   stm32f4xx_hal_sram.o
      2366         28          0          0          0      12464   stm32f4xx_hal_uart.o
        80         12          0          0          0       5729   stm32f4xx_it.o
       232         10          0          0          0       2731   stm32f4xx_ll_fsmc.o
       100         18         24          4          0     663707   system_stm32f4xx.o
      1156         44          0          0         12       7241   touch.o
       518        108          0          0        320       3815   usart.o

    ----------------------------------------------------------------------
     14806        926     138252       4220      18964     789719   Object Totals
         0          0         32          0          0          0   (incl. Generated)
        30          0          1          4          2          0   (incl. Padding)

    ----------------------------------------------------------------------

      Code (inc. data)   RO Data    RW Data    ZI Data      Debug   Library Member Name

        86          0          0          0          0          0   __dczerorl2.o
         0          0          0          0          0          0   entry.o
         0          0          0          0          0          0   entry10a.o
         0          0          0          0          0          0   entry11a.o
         8          4          0          0          0          0   entry2.o
         4          0          0          0          0          0   entry5.o
         0          0          0          0          0          0   entry7b.o
         0          0          0          0          0          0   entry8b.o
         8          4          0          0          0          0   entry9a.o
        30          0          0          0          0          0   handlers.o
        36          8          0          0          0         68   init.o
        14          0          0          0          0         68   strlen.o

    ----------------------------------------------------------------------
       190         16          0          0          0        136   Library Totals
         4          0          0          0          0          0   (incl. Padding)

    ----------------------------------------------------------------------

      Code (inc. data)   RO Data    RW Data    ZI Data      Debug   Library Name

       186         16          0          0          0        136   mc_w.l

    ----------------------------------------------------------------------
       190         16          0          0          0        136   Library Totals

    ----------------------------------------------------------------------

==============================================================================


      Code (inc. data)   RO Data    RW Data    ZI Data      Debug   

     14996        942     138252       4220      18964     778039   Grand Totals
     14996        942     138252        280      18964     778039   ELF Image Totals (compressed)
     14996        942     138252        280          0          0   ROM Totals

==============================================================================

    Total RO  Size (Code + RO Data)               153248 ( 149.66kB)
    Total RW  Size (RW Data + ZI Data)             23184 (  22.64kB)
    Total ROM Size (Code + RO Data + RW Data)     153528 ( 149.93kB)

==============================================================================

