Component: ARM Compiler 5.05 update 1 (build 106) Tool: armlink [4d0efa]

==============================================================================

Section Cross References

    startup_stm32f407xx.o(RESET) refers to startup_stm32f407xx.o(STACK) for __initial_sp
    startup_stm32f407xx.o(RESET) refers to startup_stm32f407xx.o(.text) for Reset_Handler
    startup_stm32f407xx.o(RESET) refers to stm32f4xx_it.o(i.NMI_Handler) for NMI_Handler
    startup_stm32f407xx.o(RESET) refers to stm32f4xx_it.o(i.HardFault_Handler) for HardFault_Handler
    startup_stm32f407xx.o(RESET) refers to stm32f4xx_it.o(i.MemManage_Handler) for MemManage_Handler
    startup_stm32f407xx.o(RESET) refers to stm32f4xx_it.o(i.BusFault_Handler) for BusFault_Handler
    startup_stm32f407xx.o(RESET) refers to stm32f4xx_it.o(i.UsageFault_Handler) for UsageFault_Handler
    startup_stm32f407xx.o(RESET) refers to stm32f4xx_it.o(i.SVC_Handler) for SVC_Handler
    startup_stm32f407xx.o(RESET) refers to stm32f4xx_it.o(i.DebugMon_Handler) for DebugMon_Handler
    startup_stm32f407xx.o(RESET) refers to stm32f4xx_it.o(i.PendSV_Handler) for PendSV_Handler
    startup_stm32f407xx.o(RESET) refers to stm32f4xx_it.o(i.SysTick_Handler) for SysTick_Handler
    startup_stm32f407xx.o(RESET) refers to stm32f4xx_it.o(i.EXTI9_5_IRQHandler) for EXTI9_5_IRQHandler
    startup_stm32f407xx.o(RESET) refers to stm32f4xx_it.o(i.USART1_IRQHandler) for USART1_IRQHandler
    startup_stm32f407xx.o(RESET) refers to stm32f4xx_it.o(i.DMA2_Stream2_IRQHandler) for DMA2_Stream2_IRQHandler
    startup_stm32f407xx.o(.text) refers to system_stm32f4xx.o(i.SystemInit) for SystemInit
    startup_stm32f407xx.o(.text) refers to entry.o(.ARM.Collect$$$$00000000) for __main
    system_stm32f4xx.o(i.SystemCoreClockUpdate) refers to system_stm32f4xx.o(.data) for SystemCoreClock
    system_stm32f4xx.o(i.SystemCoreClockUpdate) refers to system_stm32f4xx.o(.constdata) for AHBPrescTable
    stm32f4xx_hal_rcc.o(i.HAL_RCC_ClockConfig) refers to stm32f4xx_hal.o(i.HAL_GetTick) for HAL_GetTick
    stm32f4xx_hal_rcc.o(i.HAL_RCC_ClockConfig) refers to stm32f4xx_hal_rcc.o(i.HAL_RCC_GetSysClockFreq) for HAL_RCC_GetSysClockFreq
    stm32f4xx_hal_rcc.o(i.HAL_RCC_ClockConfig) refers to stm32f4xx_hal.o(i.HAL_InitTick) for HAL_InitTick
    stm32f4xx_hal_rcc.o(i.HAL_RCC_ClockConfig) refers to system_stm32f4xx.o(.constdata) for AHBPrescTable
    stm32f4xx_hal_rcc.o(i.HAL_RCC_ClockConfig) refers to system_stm32f4xx.o(.data) for SystemCoreClock
    stm32f4xx_hal_rcc.o(i.HAL_RCC_GetHCLKFreq) refers to system_stm32f4xx.o(.data) for SystemCoreClock
    stm32f4xx_hal_rcc.o(i.HAL_RCC_GetPCLK1Freq) refers to stm32f4xx_hal_rcc.o(i.HAL_RCC_GetHCLKFreq) for HAL_RCC_GetHCLKFreq
    stm32f4xx_hal_rcc.o(i.HAL_RCC_GetPCLK1Freq) refers to system_stm32f4xx.o(.constdata) for APBPrescTable
    stm32f4xx_hal_rcc.o(i.HAL_RCC_GetPCLK2Freq) refers to stm32f4xx_hal_rcc.o(i.HAL_RCC_GetHCLKFreq) for HAL_RCC_GetHCLKFreq
    stm32f4xx_hal_rcc.o(i.HAL_RCC_GetPCLK2Freq) refers to system_stm32f4xx.o(.constdata) for APBPrescTable
    stm32f4xx_hal_rcc.o(i.HAL_RCC_MCOConfig) refers to stm32f4xx_hal_gpio.o(i.HAL_GPIO_Init) for HAL_GPIO_Init
    stm32f4xx_hal_rcc.o(i.HAL_RCC_NMI_IRQHandler) refers to stm32f4xx_hal_rcc.o(i.HAL_RCC_CSSCallback) for HAL_RCC_CSSCallback
    stm32f4xx_hal_rcc.o(i.HAL_RCC_OscConfig) refers to stm32f4xx_hal.o(i.HAL_GetTick) for HAL_GetTick
    stm32f4xx_hal_pwr_ex.o(i.HAL_PWREx_ControlVoltageScaling) refers to stm32f4xx_hal.o(i.HAL_GetTick) for HAL_GetTick
    stm32f4xx_hal_pwr_ex.o(i.HAL_PWREx_DisableBkUpReg) refers to stm32f4xx_hal.o(i.HAL_GetTick) for HAL_GetTick
    stm32f4xx_hal_pwr_ex.o(i.HAL_PWREx_EnableBkUpReg) refers to stm32f4xx_hal.o(i.HAL_GetTick) for HAL_GetTick
    stm32f4xx_hal.o(i.HAL_DeInit) refers to stm32f4xx_hal.o(i.HAL_MspDeInit) for HAL_MspDeInit
    stm32f4xx_hal.o(i.HAL_Delay) refers to stm32f4xx_hal.o(i.HAL_GetTick) for HAL_GetTick
    stm32f4xx_hal.o(i.HAL_GetTick) refers to stm32f4xx_hal.o(.data) for uwTick
    stm32f4xx_hal.o(i.HAL_IncTick) refers to stm32f4xx_hal.o(.data) for uwTick
    stm32f4xx_hal.o(i.HAL_Init) refers to stm32f4xx_hal_cortex.o(i.HAL_NVIC_SetPriorityGrouping) for HAL_NVIC_SetPriorityGrouping
    stm32f4xx_hal.o(i.HAL_Init) refers to stm32f4xx_hal.o(i.HAL_InitTick) for HAL_InitTick
    stm32f4xx_hal.o(i.HAL_Init) refers to stm32f4xx_hal_msp.o(i.HAL_MspInit) for HAL_MspInit
    stm32f4xx_hal.o(i.HAL_InitTick) refers to stm32f4xx_hal_cortex.o(i.HAL_SYSTICK_Config) for HAL_SYSTICK_Config
    stm32f4xx_hal.o(i.HAL_InitTick) refers to stm32f4xx_hal_cortex.o(i.HAL_NVIC_SetPriority) for HAL_NVIC_SetPriority
    stm32f4xx_hal.o(i.HAL_InitTick) refers to system_stm32f4xx.o(.data) for SystemCoreClock
    stm32f4xx_hal_uart.o(i.HAL_HalfDuplex_Init) refers to usart.o(i.HAL_UART_MspInit) for HAL_UART_MspInit
    stm32f4xx_hal_uart.o(i.HAL_HalfDuplex_Init) refers to stm32f4xx_hal_uart.o(i.UART_SetConfig) for UART_SetConfig
[...]
    Removing stm32f4xx_hal_rcc.o(.rrx_text), (6 bytes).
    Removing stm32f4xx_hal_rcc.o(i.HAL_RCC_CSSCallback), (2 bytes).
    Removing stm32f4xx_hal_rcc.o(i.HAL_RCC_DeInit), (2 bytes).
    Removing stm32f4xx_hal_rcc.o(i.HAL_RCC_DisableCSS), (12 bytes).
    Removing stm32f4xx_hal_rcc.o(i.HAL_RCC_EnableCSS), (12 bytes).
    Removing stm32f4xx_hal_rcc.o(i.HAL_RCC_GetClockConfig), (68 bytes).
    Removing stm32f4xx_hal_rcc.o(i.HAL_RCC_GetOscConfig), (296 bytes).
    Removing stm32f4xx_hal_rcc.o(i.HAL_RCC_MCOConfig), (192 bytes).
    Removing stm32f4xx_hal_rcc.o(i.HAL_RCC_NMI_IRQHandler), (32 bytes).
    Removing stm32f4xx_hal_pwr_ex.o(.rev16_text), (4 bytes).
    Removing stm32f4xx_hal_pwr_ex.o(.revsh_text), (4 bytes).
    Removing stm32f4xx_hal_pwr_ex.o(.rrx_text), (6 bytes).
    Removing stm32f4xx_hal_pwr_ex.o(i.HAL_PWREx_ControlVoltageScaling), (120 bytes).
    Removing stm32f4xx_hal_pwr_ex.o(i.HAL_PWREx_DisableBkUpReg), (76 bytes).
    Removing stm32f4xx_hal_pwr_ex.o(i.HAL_PWREx_DisableFlashPowerDown), (28 bytes).
    Removing stm32f4xx_hal_pwr_ex.o(i.HAL_PWREx_EnableBkUpReg), (76 bytes).
    Removing stm32f4xx_hal_pwr_ex.o(i.HAL_PWREx_EnableFlashPowerDown), (24 bytes).
    Removing stm32f4xx_hal_pwr_ex.o(i.HAL_PWREx_GetVoltageRange), (16 bytes).
    Removing stm32f4xx_hal.o(.rev16_text), (4 bytes).
    Removing stm32f4xx_hal.o(.revsh_text), (4 bytes).
    Removing stm32f4xx_hal.o(.rrx_text), (6 bytes).
    Removing stm32f4xx_hal.o(i.HAL_DBGMCU_DisableDBGSleepMode), (20 bytes).
    Removing stm32f4xx_hal.o(i.HAL_DBGMCU_DisableDBGStandbyMode), (20 bytes).
    Removing stm32f4xx_hal.o(i.HAL_DBGMCU_DisableDBGStopMode), (20 bytes).
    Removing stm32f4xx_hal.o(i.HAL_DBGMCU_EnableDBGSleepMode), (20 bytes).
    Removing stm32f4xx_hal.o(i.HAL_DBGMCU_EnableDBGStandbyMode), (20 bytes).
    Removing stm32f4xx_hal.o(i.HAL_DBGMCU_EnableDBGStopMode), (20 bytes).
    Removing stm32f4xx_hal.o(i.HAL_DeInit), (68 bytes).
    Removing stm32f4xx_hal.o(i.HAL_Delay), (30 bytes).
    Removing stm32f4xx_hal.o(i.HAL_DisableCompensationCell), (28 bytes).
    Removing stm32f4xx_hal.o(i.HAL_EnableCompensationCell), (28 bytes).
    Removing stm32f4xx_hal.o(i.HAL_GetDEVID), (16 bytes).
    Removing stm32f4xx_hal.o(i.HAL_GetHalVersion), (8 bytes).
    Removing stm32f4xx_hal.o(i.HAL_GetREVID), (12 bytes).
    Removing stm32f4xx_hal.o(i.HAL_GetUID), (28 bytes).
    Removing stm32f4xx_hal.o(i.HAL_MspDeInit), (2 bytes).
    Removing stm32f4xx_hal.o(i.HAL_MspInit), (2 bytes).
    Removing stm32f4xx_hal.o(i.HAL_ResumeTick), (18 bytes).
    Removing stm32f4xx_hal.o(i.HAL_SuspendTick), (18 bytes).
    Removing stm32f4xx_hal_tim.o(.rev16_text), (4 bytes).
    Removing stm32f4xx_hal_tim.o(.revsh_text), (4 bytes).
    Removing stm32f4xx_hal_tim.o(.rrx_text), (6 bytes).
    Removing stm32f4xx_hal_tim_ex.o(.rev16_text), (4 bytes).
    Removing stm32f4xx_hal_tim_ex.o(.revsh_text), (4 bytes).
    Removing stm32f4xx_hal_tim_ex.o(.rrx_text), (6 bytes).
    Removing stm32f4xx_hal_uart.o(.rev16_text), (4 bytes).
    Removing stm32f4xx_hal_uart.o(.revsh_text), (4 bytes).
    Removing stm32f4xx_hal_uart.o(.rrx_text), (6 bytes).
    Removing stm32f4xx_hal_uart.o(i.HAL_HalfDuplex_EnableReceiver), (68 bytes).
    Removing stm32f4xx_hal_uart.o(i.HAL_HalfDuplex_EnableTransmitter), (68 bytes).
    Removing stm32f4xx_hal_uart.o(i.HAL_HalfDuplex_Init), (118 bytes).
    Removing stm32f4xx_hal_uart.o(i.HAL_LIN_Init), (142 bytes).
    Removing stm32f4xx_hal_uart.o(i.HAL_LIN_SendBreak), (62 bytes).
    Removing stm32f4xx_hal_uart.o(i.HAL_MultiProcessor_EnterMuteMode), (62 bytes).
    Removing stm32f4xx_hal_uart.o(i.HAL_MultiProcessor_ExitMuteMode), (62 bytes).
    Removing stm32f4xx_hal_uart.o(i.HAL_MultiProcessor_Init), (154 bytes).
    Removing stm32f4xx_hal_uart.o(i.HAL_UART_Abort), (126 bytes).
    Removing stm32f4xx_hal_uart.o(i.HAL_UART_AbortCpltCallback), (2 bytes).
    Removing stm32f4xx_hal_uart.o(i.HAL_UART_AbortReceive), (80 bytes).
    Removing stm32f4xx_hal_uart.o(i.HAL_UART_AbortReceiveCpltCallback), (2 bytes).
    Removing stm32f4xx_hal_uart.o(i.HAL_UART_AbortReceive_IT), (120 bytes).
    Removing stm32f4xx_hal_uart.o(i.HAL_UART_AbortTransmit), (68 bytes).
    Removing stm32f4xx_hal_uart.o(i.HAL_UART_AbortTransmitCpltCallback), (2 bytes).
    Removing stm32f4xx_hal_uart.o(i.HAL_UART_AbortTransmit_IT), (108 bytes).
    Removing stm32f4xx_hal_uart.o(i.HAL_UART_Abort_IT), (216 bytes).
    Removing stm32f4xx_hal_uart.o(i.HAL_UART_DMAPause), (124 bytes).
    Removing stm32f4xx_hal_uart.o(i.HAL_UART_DMAResume), (126 bytes).
    Removing stm32f4xx_hal_uart.o(i.HAL_UART_DMAStop), (102 bytes).
    Removing stm32f4xx_hal_uart.o(i.HAL_UART_DeInit), (46 bytes).
    Removing stm32f4xx_hal_uart.o(i.HAL_UART_GetError), (6 bytes).
    Removing stm32f4xx_hal_uart.o(i.HAL_UART_GetState), (20 bytes).
    Removing stm32f4xx_hal_uart.o(i.HAL_UART_MspDeInit), (2 bytes).
    Removing stm32f4xx_hal_uart.o(i.HAL_UART_MspInit), (2 bytes).
    Removing stm32f4xx_hal_uart.o(i.HAL_UART_Receive), (222 bytes).
    Removing stm32f4xx_hal_uart.o(i.HAL_UART_Receive_IT), (100 bytes).
    Removing stm32f4xx_hal_uart.o(i.HAL_UART_RxCpltCallback), (2 bytes).
    Removing stm32f4xx_hal_uart.o(i.HAL_UART_Transmit), (214 bytes).
    Removing stm32f4xx_hal_uart.o(i.HAL_UART_Transmit_DMA), (156 bytes).
    Removing stm32f4xx_hal_uart.o(i.HAL_UART_TxCpltCallback), (2 bytes).
    Removing stm32f4xx_hal_uart.o(i.HAL_UART_TxHalfCpltCallback), (2 bytes).
    Removing stm32f4xx_hal_uart.o(i.UART_DMARxAbortCallback), (52 bytes).
    Removing stm32f4xx_hal_uart.o(i.UART_DMARxOnlyAbortCallback), (24 bytes).
    Removing stm32f4xx_hal_uart.o(i.UART_DMATransmitCplt), (54 bytes).
    Removing stm32f4xx_hal_uart.o(i.UART_DMATxAbortCallback), (52 bytes).
    Removing stm32f4xx_hal_uart.o(i.UART_DMATxHalfCplt), (14 bytes).
    Removing stm32f4xx_hal_uart.o(i.UART_DMATxOnlyAbortCallback), (24 bytes).
    Removing stm32f4xx_hal_uart.o(i.UART_WaitOnFlagUntilTimeout), (108 bytes).
    Removing stm32f4xx_hal_dma_ex.o(.rev16_text), (4 bytes).
    Removing stm32f4xx_hal_dma_ex.o(.revsh_text), (4 bytes).
    Removing stm32f4xx_hal_dma_ex.o(.rrx_text), (6 bytes).
    Removing stm32f4xx_hal_dma_ex.o(i.DMA_MultiBufferSetConfig), (32 bytes).
    Removing stm32f4xx_hal_dma_ex.o(i.HAL_DMAEx_ChangeMemory), (18 bytes).
    Removing stm32f4xx_hal_dma_ex.o(i.HAL_DMAEx_MultiBufferStart), (124 bytes).
    Removing stm32f4xx_hal_dma_ex.o(i.HAL_DMAEx_MultiBufferStart_IT), (4064 bytes).
    Removing stm32f4xx_hal_flash_ex.o(.rev16_text), (4 bytes).
    Removing stm32f4xx_hal_flash_ex.o(.revsh_text), (4 bytes).
    Removing stm32f4xx_hal_flash_ex.o(.rrx_text), (6 bytes).
    Removing stm32f4xx_hal_flash_ex.o(i.FLASH_Erase_Sector), (104 bytes).
    Removing stm32f4xx_hal_flash_ex.o(i.FLASH_FlushCaches), (120 bytes).
    Removing stm32f4xx_hal_flash_ex.o(i.FLASH_MassErase), (48 bytes).
    Removing stm32f4xx_hal_flash_ex.o(i.FLASH_OB_BOR_LevelConfig), (32 bytes).
    Removing stm32f4xx_hal_flash_ex.o(i.FLASH_OB_DisableWRP), (40 bytes).
    Removing stm32f4xx_hal_flash_ex.o(i.FLASH_OB_EnableWRP), (40 bytes).
    Removing stm32f4xx_hal_flash_ex.o(i.FLASH_OB_GetBOR), (16 bytes).
    Removing stm32f4xx_hal_flash_ex.o(i.FLASH_OB_GetRDP), (36 bytes).
    Removing stm32f4xx_hal_flash_ex.o(i.FLASH_OB_GetUser), (16 bytes).
    Removing stm32f4xx_hal_flash_ex.o(i.FLASH_OB_GetWRP), (12 bytes).
    Removing stm32f4xx_hal_flash_ex.o(i.FLASH_OB_RDP_LevelConfig), (32 bytes).
    Removing stm32f4xx_hal_flash_ex.o(i.FLASH_OB_UserConfig), (60 bytes).
    Removing stm32f4xx_hal_flash_ex.o(i.HAL_FLASHEx_Erase), (172 bytes).
    Removing stm32f4xx_hal_flash_ex.o(i.HAL_FLASHEx_Erase_IT), (120 bytes).
    Removing stm32f4xx_hal_flash_ex.o(i.HAL_FLASHEx_OBGetConfig), (34 bytes).
    Removing stm32f4xx_hal_flash_ex.o(i.HAL_FLASHEx_OBProgram), (148 bytes).
    Removing stm32f4xx_hal_pwr.o(.rev16_text), (4 bytes).
    Removing stm32f4xx_hal_pwr.o(.revsh_text), (4 bytes).
    Removing stm32f4xx_hal_pwr.o(.rrx_text), (6 bytes).
    Removing stm32f4xx_hal_pwr.o(i.HAL_PWR_ConfigPVD), (180 bytes).
    Removing stm32f4xx_hal_pwr.o(i.HAL_PWR_DeInit), (28 bytes).
    Removing stm32f4xx_hal_pwr.o(i.HAL_PWR_DisableBkUpAccess), (28 bytes).
    Removing stm32f4xx_hal_pwr.o(i.HAL_PWR_DisablePVD), (24 bytes).
    Removing stm32f4xx_hal_pwr.o(i.HAL_PWR_DisableSEVOnPend), (20 bytes).
    Removing stm32f4xx_hal_pwr.o(i.HAL_PWR_DisableSleepOnExit), (20 bytes).
    Removing stm32f4xx_hal_pwr.o(i.HAL_PWR_DisableWakeUpPin), (16 bytes).
    Removing stm32f4xx_hal_pwr.o(i.HAL_PWR_EnableBkUpAccess), (24 bytes).
    Removing stm32f4xx_hal_pwr.o(i.HAL_PWR_EnablePVD), (24 bytes).
    Removing stm32f4xx_hal_pwr.o(i.HAL_PWR_EnableSEVOnPend), (20 bytes).
    Removing stm32f4xx_hal_pwr.o(i.HAL_PWR_EnableSleepOnExit), (20 bytes).
    Removing stm32f4xx_hal_pwr.o(i.HAL_PWR_EnableWakeUpPin), (16 bytes).
    Removing stm32f4xx_hal_pwr.o(i.HAL_PWR_EnterSLEEPMode), (32 bytes).
    Removing stm32f4xx_hal_pwr.o(i.HAL_PWR_EnterSTANDBYMode), (40 bytes).
    Removing stm32f4xx_hal_pwr.o(i.HAL_PWR_EnterSTOPMode), (64 bytes).
    Removing stm32f4xx_hal_pwr.o(i.HAL_PWR_PVDCallback), (2 bytes).
    Removing stm32f4xx_hal_pwr.o(i.HAL_PWR_PVD_IRQHandler), (32 bytes).
    Removing stm32f4xx_hal_cortex.o(.rev16_text), (4 bytes).
    Removing stm32f4xx_hal_cortex.o(.revsh_text), (4 bytes).
    Removing stm32f4xx_hal_cortex.o(.rrx_text), (6 bytes).
    Removing stm32f4xx_hal_cortex.o(i.HAL_MPU_ConfigRegion), (92 bytes).
    Removing stm32f4xx_hal_cortex.o(i.HAL_MPU_Disable), (44 bytes).
    Removing stm32f4xx_hal_cortex.o(i.HAL_MPU_Enable), (64 bytes).
    Removing stm32f4xx_hal_cortex.o(i.HAL_NVIC_ClearPendingIRQ), (28 bytes).
    Removing stm32f4xx_hal_cortex.o(i.HAL_NVIC_DisableIRQ), (28 bytes).
    Removing stm32f4xx_hal_cortex.o(i.HAL_NVIC_GetActive), (40 bytes).
    Removing stm32f4xx_hal_cortex.o(i.HAL_NVIC_GetPendingIRQ), (40 bytes).
    Removing stm32f4xx_hal_cortex.o(i.HAL_NVIC_GetPriority), (148 bytes).
    Removing stm32f4xx_hal_cortex.o(i.HAL_NVIC_GetPriorityGrouping), (8 bytes).
    Removing stm32f4xx_hal_cortex.o(i.HAL_NVIC_SetPendingIRQ), (28 bytes).
    Removing stm32f4xx_hal_cortex.o(i.HAL_NVIC_SystemReset), (68 bytes).
    Removing stm32f4xx_hal_flash_ramfunc.o(.rev16_text), (4 bytes).
    Removing stm32f4xx_hal_flash_ramfunc.o(.revsh_text), (4 bytes).
    Removing stm32f4xx_hal_flash_ramfunc.o(.rrx_text), (6 bytes).
    Removing stm32f4xx_hal_gpio.o(.rev16_text), (4 bytes).
    Removing stm32f4xx_hal_gpio.o(.revsh_text), (4 bytes).
    Removing stm32f4xx_hal_gpio.o(.rrx_text), (6 bytes).
    Removing stm32f4xx_hal_gpio.o(i.HAL_GPIO_DeInit), (356 bytes).
    Removing stm32f4xx_hal_gpio.o(i.HAL_GPIO_LockPin), (46 bytes).
    Removing stm32f4xx_hal_gpio.o(i.HAL_GPIO_TogglePin), (8 bytes).
    Removing stm32f4xx_hal_flash.o(.rev16_text), (4 bytes).
    Removing stm32f4xx_hal_flash.o(.revsh_text), (4 bytes).
    Removing stm32f4xx_hal_flash.o(.rrx_text), (6 bytes).
    Removing stm32f4xx_hal_flash.o(i.FLASH_Program_Byte), (36 bytes).
    Removing stm32f4xx_hal_flash.o(i.FLASH_Program_DoubleWord), (44 bytes).
    Removing stm32f4xx_hal_flash.o(i.FLASH_Program_HalfWord), (40 bytes).
    Removing stm32f4xx_hal_flash.o(i.FLASH_Program_Word), (40 bytes).
    Removing stm32f4xx_hal_flash.o(i.FLASH_SetErrorCode), (152 bytes).
    Removing stm32f4xx_hal_flash.o(i.FLASH_WaitForLastOperation), (100 bytes).
    Removing stm32f4xx_hal_flash.o(i.HAL_FLASH_EndOfOperationCallback), (2 bytes).
    Removing stm32f4xx_hal_flash.o(i.HAL_FLASH_GetError), (12 bytes).
    Removing stm32f4xx_hal_flash.o(i.HAL_FLASH_IRQHandler), (272 bytes).
    Removing stm32f4xx_hal_flash.o(i.HAL_FLASH_Lock), (20 bytes).
    Removing stm32f4xx_hal_flash.o(i.HAL_FLASH_OB_Launch), (28 bytes).
    Removing stm32f4xx_hal_flash.o(i.HAL_FLASH_OB_Lock), (20 bytes).
    Removing stm32f4xx_hal_flash.o(i.HAL_FLASH_OB_Unlock), (44 bytes).
    Removing stm32f4xx_hal_flash.o(i.HAL_FLASH_OperationErrorCallback), (2 bytes).
    Removing stm32f4xx_hal_flash.o(i.HAL_FLASH_Program), (152 bytes).
    Removing stm32f4xx_hal_flash.o(i.HAL_FLASH_Program_IT), (136 bytes).
    Removing stm32f4xx_hal_flash.o(i.HAL_FLASH_Unlock), (44 bytes).
    Removing stm32f4xx_hal_flash.o(.bss), (32 bytes).
    Removing stm32f4xx_hal_dma.o(.rev16_text), (4 bytes).
    Removing stm32f4xx_hal_dma.o(.revsh_text), (4 bytes).
    Removing stm32f4xx_hal_dma.o(.rrx_text), (6 bytes).
    Removing stm32f4xx_hal_dma.o(i.HAL_DMA_Abort), (170 bytes).
    Removing stm32f4xx_hal_dma.o(i.HAL_DMA_DeInit), (98 bytes).
    Removing stm32f4xx_hal_dma.o(i.HAL_DMA_GetError), (6 bytes).
    Removing stm32f4xx_hal_dma.o(i.HAL_DMA_GetState), (8 bytes).
    Removing stm32f4xx_hal_dma.o(i.HAL_DMA_PollForTransfer), (356 bytes).
    Removing stm32f4xx_hal_dma.o(i.HAL_DMA_RegisterCallback), (94 bytes).
    Removing stm32f4xx_hal_dma.o(i.HAL_DMA_Start), (102 bytes).
    Removing stm32f4xx_hal_dma.o(i.HAL_DMA_UnRegisterCallback), (124 bytes).
    Removing stm32f4xx_hal_rcc_ex.o(.rev16_text), (4 bytes).
    Removing stm32f4xx_hal_rcc_ex.o(.revsh_text), (4 bytes).
    Removing stm32f4xx_hal_rcc_ex.o(.rrx_text), (6 bytes).
    Removing stm32f4xx_hal_rcc_ex.o(i.HAL_RCCEx_GetPeriphCLKConfig), (80 bytes).
    Removing stm32f4xx_hal_rcc_ex.o(i.HAL_RCCEx_GetPeriphCLKFreq), (144 bytes).
    Removing stm32f4xx_hal_rcc_ex.o(i.HAL_RCCEx_PeriphCLKConfig), (440 bytes).
    Removing stm32f4xx_hal_rcc_ex.o(i.HAL_RCC_DeInit), (116 bytes).
    Removing stm32f4xx_ll_fsmc.o(.rev16_text), (4 bytes).
    Removing stm32f4xx_ll_fsmc.o(.revsh_text), (4 bytes).
    Removing stm32f4xx_ll_fsmc.o(.rrx_text), (6 bytes).
    Removing stm32f4xx_ll_fsmc.o(i.FSMC_NAND_AttributeSpace_Timing_Init), (54 bytes).
    Removing stm32f4xx_ll_fsmc.o(i.FSMC_NAND_CommonSpace_Timing_Init), (54 bytes).
    Removing stm32f4xx_ll_fsmc.o(i.FSMC_NAND_DeInit), (66 bytes).
    Removing stm32f4xx_ll_fsmc.o(i.FSMC_NAND_ECC_Disable), (28 bytes).
    Removing stm32f4xx_ll_fsmc.o(i.FSMC_NAND_ECC_Enable), (28 bytes).
    Removing stm32f4xx_ll_fsmc.o(i.FSMC_NAND_GetECC), (88 bytes).
    Removing stm32f4xx_ll_fsmc.o(i.FSMC_NAND_Init), (76 bytes).
    Removing stm32f4xx_ll_fsmc.o(i.FSMC_NORSRAM_DeInit), (56 bytes).
    Removing stm32f4xx_ll_fsmc.o(i.FSMC_NORSRAM_WriteOperation_Disable), (18 bytes).
    Removing stm32f4xx_ll_fsmc.o(i.FSMC_NORSRAM_WriteOperation_Enable), (18 bytes).
    Removing stm32f4xx_ll_fsmc.o(i.FSMC_PCCARD_AttributeSpace_Timing_Init), (38 bytes).
    Removing stm32f4xx_ll_fsmc.o(i.FSMC_PCCARD_CommonSpace_Timing_Init), (38 bytes).
    Removing stm32f4xx_ll_fsmc.o(i.FSMC_PCCARD_DeInit), (32 bytes).
    Removing stm32f4xx_ll_fsmc.o(i.FSMC_PCCARD_IOSpace_Timing_Init), (38 bytes).
    Removing stm32f4xx_ll_fsmc.o(i.FSMC_PCCARD_Init), (44 bytes).
    Removing stm32f4xx_hal_sram.o(.rev16_text), (4 bytes).
    Removing stm32f4xx_hal_sram.o(.revsh_text), (4 bytes).
    Removing stm32f4xx_hal_sram.o(.rrx_text), (6 bytes).
    Removing stm32f4xx_hal_sram.o(i.HAL_SRAM_DMA_XferCpltCallback), (2 bytes).
    Removing stm32f4xx_hal_sram.o(i.HAL_SRAM_DMA_XferErrorCallback), (2 bytes).
    Removing stm32f4xx_hal_sram.o(i.HAL_SRAM_DeInit), (34 bytes).
    Removing stm32f4xx_hal_sram.o(i.HAL_SRAM_GetState), (8 bytes).
    Removing stm32f4xx_hal_sram.o(i.HAL_SRAM_MspDeInit), (2 bytes).
    Removing stm32f4xx_hal_sram.o(i.HAL_SRAM_MspInit), (2 bytes).
    Removing stm32f4xx_hal_sram.o(i.HAL_SRAM_Read_16b), (70 bytes).
    Removing stm32f4xx_hal_sram.o(i.HAL_SRAM_Read_32b), (68 bytes).
    Removing stm32f4xx_hal_sram.o(i.HAL_SRAM_Read_8b), (70 bytes).
    Removing stm32f4xx_hal_sram.o(i.HAL_SRAM_Read_DMA), (96 bytes).
    Removing stm32f4xx_hal_sram.o(i.HAL_SRAM_WriteOperation_Disable), (60 bytes).
    Removing stm32f4xx_hal_sram.o(i.HAL_SRAM_WriteOperation_Enable), (54 bytes).
    Removing stm32f4xx_hal_sram.o(i.HAL_SRAM_Write_16b), (82 bytes).
    Removing stm32f4xx_hal_sram.o(i.HAL_SRAM_Write_32b), (80 bytes).
    Removing stm32f4xx_hal_sram.o(i.HAL_SRAM_Write_8b), (82 bytes).
    Removing stm32f4xx_hal_sram.o(i.HAL_SRAM_Write_DMA), (108 bytes).
    Removing common.o(.rev16_text), (4 bytes).
    Removing common.o(.revsh_text), (4 bytes).
    Removing common.o(.rrx_text), (6 bytes).
    Removing common.o(i.Delay), (18 bytes).
    Removing common.o(i.Delay_ms), (24 bytes).
    Removing common.o(i.Digital4_BCD4), (98 bytes).
    Removing common.o(i.Digital6_BCD6), (144 bytes).
    Removing common.o(i.Digital8_BCD8), (196 bytes).
    Removing common.o(i.Swap_bit7_bit0), (138 bytes).
    Removing usart.o(.rev16_text), (4 bytes).
    Removing usart.o(.revsh_text), (4 bytes).
    Removing usart.o(.rrx_text), (6 bytes).
    Removing usart.o(i.HAL_UART_MspDeInit), (60 bytes).
    Removing usart.o(i.U1_Test_SendString), (100 bytes).
    Removing usart.o(.data), (1 bytes).
    Removing stm32f4xx_it.o(.rev16_text), (4 bytes).
    Removing stm32f4xx_it.o(.revsh_text), (4 bytes).
    Removing stm32f4xx_it.o(.rrx_text), (6 bytes).
    Removing gpio.o(.rev16_text), (4 bytes).
    Removing gpio.o(.revsh_text), (4 bytes).
    Removing gpio.o(.rrx_text), (6 bytes).
    Removing fsmc.o(.rev16_text), (4 bytes).
    Removing fsmc.o(.revsh_text), (4 bytes).
    Removing fsmc.o(.rrx_text), (6 bytes).
    Removing fsmc.o(i.HAL_FSMC_MspDeInit), (68 bytes).
    Removing fsmc.o(i.HAL_SRAM_MspDeInit), (10 bytes).
    Removing main.o(.rev16_text), (4 bytes).
    Removing main.o(.revsh_text), (4 bytes).
    Removing main.o(.rrx_text), (6 bytes).
    Removing dma.o(.rev16_text), (4 bytes).
    Removing dma.o(.revsh_text), (4 bytes).
    Removing dma.o(.rrx_text), (6 bytes).
    Removing stm32f4xx_hal_msp.o(.rev16_text), (4 bytes).
    Removing stm32f4xx_hal_msp.o(.revsh_text), (4 bytes).
    Removing stm32f4xx_hal_msp.o(.rrx_text), (6 bytes).
    Removing delay.o(.rev16_text), (4 bytes).
    Removing delay.o(.revsh_text), (4 bytes).
    Removing delay.o(.rrx_text), (6 bytes).
    Removing app.o(.rev16_text), (4 bytes).
    Removing app.o(.revsh_text), (4 bytes).
    Removing app.o(.rrx_text), (6 bytes).
    Removing page.o(.rev16_text), (4 bytes).
    Removing page.o(.revsh_text), (4 bytes).
    Removing page.o(.rrx_text), (6 bytes).
    Removing gui.o(.rev16_text), (4 bytes).
    Removing gui.o(.revsh_text), (4 bytes).
    Removing gui.o(.rrx_text), (6 bytes).
    Removing gui.o(i.Gui_Circle), (296 bytes).
    Removing gui.o(i.Gui_Draw_Rect), (74 bytes).
    Removing lcd_drive.o(.rev16_text), (4 bytes).
    Removing lcd_drive.o(.revsh_text), (4 bytes).
    Removing lcd_drive.o(.rrx_text), (6 bytes).
    Removing lcd_drive.o(i.GetPoint), (104 bytes).
    Removing touch.o(.rev16_text), (4 bytes).
    Removing touch.o(.revsh_text), (4 bytes).
    Removing touch.o(.rrx_text), (6 bytes).
    Removing touch.o(i.Get_Test_Val), (66 bytes).

296 unused section(s) (total 18063 bytes) removed from the image.

==============================================================================

Image Symbol Table

    Local Symbols

    Symbol Name                              Value     Ov Type        Size  Object(Section)

    ../Drivers/STM32F4xx_HAL_Driver/Src/stm32f4xx_hal.c 0x00000000   Number         0  stm32f4xx_hal.o ABSOLUTE
    ../Drivers/STM32F4xx_HAL_Driver/Src/stm32f4xx_hal_cortex.c 0x00000000   Number         0  stm32f4xx_hal_cortex.o ABSOLUTE
    ../Drivers/STM32F4xx_HAL_Driver/Src/stm32f4xx_hal_dma.c 0x00000000   Number         0  stm32f4xx_hal_dma.o ABSOLUTE
    ../Drivers/STM32F4xx_HAL_Driver/Src/stm32f4xx_hal_dma_ex.c 0x00000000   Number         0  stm32f4xx_hal_dma_ex.o ABSOLUTE
    ../Drivers/STM32F4xx_HAL_Driver/Src/stm32f4xx_hal_flash.c 0x00000000   Number         0  stm32f4xx_hal_flash.o ABSOLUTE
    ../Drivers/STM32F4xx_HAL_Driver/Src/stm32f4xx_hal_flash_ex.c 0x00000000   Number         0  stm32f4xx_hal_flash_ex.o ABSOLUTE
    ../Drivers/STM32F4xx_HAL_Driver/Src/stm32f4xx_hal_flash_ramfunc.c 0x00000000   Number         0  stm32f4xx_hal_flash_ramfunc.o ABSOLUTE
    ../Drivers/STM32F4xx_HAL_Driver/Src/stm32f4xx_hal_gpio.c 0x00000000   Number         0  stm32f4xx_hal_gpio.o ABSOLUTE
    ../Drivers/STM32F4xx_HAL_Driver/Src/stm32f4xx_hal_pwr.c 0x00000000   Number         0  stm32f4xx_hal_pwr.o ABSOLUTE
    ../Drivers/STM32F4xx_HAL_Driver/Src/stm32f4xx_hal_pwr_ex.c 0x00000000   Number         0  stm32f4xx_hal_pwr_ex.o ABSOLUTE
    ../Drivers/STM32F4xx_HAL_Driver/Src/stm32f4xx_hal_rcc.c 0x00000000   Number         0  stm32f4xx_hal_rcc.o ABSOLUTE
    ../Drivers/STM32F4xx_HAL_Driver/Src/stm32f4xx_hal_rcc_ex.c 0x00000000   Number         0  stm32f4xx_hal_rcc_ex.o ABSOLUTE
    ../Drivers/STM32F4xx_HAL_Driver/Src/stm32f4xx_hal_sram.c 0x00000000   Number         0  stm32f4xx_hal_sram.o ABSOLUTE
    ../Drivers/STM32F4xx_HAL_Driver/Src/stm32f4xx_hal_tim.c 0x00000000   Number         0  stm32f4xx_hal_tim.o ABSOLUTE
    ../Drivers/STM32F4xx_HAL_Driver/Src/stm32f4xx_hal_tim_ex.c 0x00000000   Number         0  stm32f4xx_hal_tim_ex.o ABSOLUTE
    ../Drivers/STM32F4xx_HAL_Driver/Src/stm32f4xx_hal_uart.c 0x00000000   Number         0  stm32f4xx_hal_uart.o ABSOLUTE
    ../Drivers/STM32F4xx_HAL_Driver/Src/stm32f4xx_ll_fsmc.c 0x00000000   Number         0  stm32f4xx_ll_fsmc.o ABSOLUTE
    ../Src/dma.c                             0x00000000   Number         0  dma.o ABSOLUTE
    ../Src/fsmc.c                            0x00000000   Number         0  fsmc.o ABSOLUTE
    ../Src/gpio.c                            0x00000000   Number         0  gpio.o ABSOLUTE
    ../Src/main.c                            0x00000000   Number         0  main.o ABSOLUTE
    ../Src/stm32f4xx_hal_msp.c               0x00000000   Number         0  stm32f4xx_hal_msp.o ABSOLUTE
    ../Src/stm32f4xx_it.c                    0x00000000   Number         0  stm32f4xx_it.o ABSOLUTE
    ../Src/system_stm32f4xx.c                0x00000000   Number         0  system_stm32f4xx.o ABSOLUTE
    ../Src/usart.c                           0x00000000   Number         0  usart.o ABSOLUTE
    ../clib/microlib/init/entry.s            0x00000000   Number         0  entry8a.o ABSOLUTE
    ../clib/microlib/init/entry.s            0x00000000   Number         0  entry7b.o ABSOLUTE
    ../clib/microlib/init/entry.s            0x00000000   Number         0  entry8b.o ABSOLUTE
    ../clib/microlib/init/entry.s            0x00000000   Number         0  entry9a.o ABSOLUTE
    ../clib/microlib/init/entry.s            0x00000000   Number         0  entry9b.o ABSOLUTE
    ../clib/microlib/init/entry.s            0x00000000   Number         0  entry10a.o ABSOLUTE
    ../clib/microlib/init/entry.s            0x00000000   Number         0  entry10b.o ABSOLUTE
    ../clib/microlib/init/entry.s            0x00000000   Number         0  entry7a.o ABSOLUTE
    ../clib/microlib/init/entry.s            0x00000000   Number         0  entry11a.o ABSOLUTE
    ../clib/microlib/init/entry.s            0x00000000   Number         0  entry5.o ABSOLUTE
    ../clib/microlib/init/entry.s            0x00000000   Number         0  entry2.o ABSOLUTE
    ../clib/microlib/init/entry.s            0x00000000   Number         0  entry11b.o ABSOLUTE
    ../clib/microlib/init/entry.s            0x00000000   Number         0  entry.o ABSOLUTE
    ../clib/microlib/longlong.c              0x00000000   Number         0  llshl.o ABSOLUTE
    ../clib/microlib/longlong.c              0x00000000   Number         0  llushr.o ABSOLUTE
    ../clib/microlib/longlong.c              0x00000000   Number         0  llsshr.o ABSOLUTE
    ../clib/microlib/string/memset.c         0x00000000   Number         0  memseta.o ABSOLUTE
    ../clib/microlib/string/strcpy.c         0x00000000   Number         0  strcpy.o ABSOLUTE
    ../clib/microlib/string/strlen.c         0x00000000   Number         0  strlen.o ABSOLUTE
    ../clib/microlib/stubs.s                 0x00000000   Number         0  iusefp.o ABSOLUTE
    ../fplib/microlib/fpadd.c                0x00000000   Number         0  dadd.o ABSOLUTE
    ../fplib/microlib/fpdiv.c                0x00000000   Number         0  ddiv.o ABSOLUTE
    ../fplib/microlib/fpepilogue.c           0x00000000   Number         0  depilogue.o ABSOLUTE
    ../fplib/microlib/fpfix.c                0x00000000   Number         0  dfixui.o ABSOLUTE
    ../fplib/microlib/fpflt.c                0x00000000   Number         0  dfltui.o ABSOLUTE
    ../fplib/microlib/fpflt.c                0x00000000   Number         0  dflti.o ABSOLUTE
    ../fplib/microlib/fpmul.c                0x00000000   Number         0  dmul.o ABSOLUTE
    ..\Drivers\STM32F4xx_HAL_Driver\Src\stm32f4xx_hal.c 0x00000000   Number         0  stm32f4xx_hal.o ABSOLUTE
    ..\Drivers\STM32F4xx_HAL_Driver\Src\stm32f4xx_hal_cortex.c 0x00000000   Number         0  stm32f4xx_hal_cortex.o ABSOLUTE
    ..\Drivers\STM32F4xx_HAL_Driver\Src\stm32f4xx_hal_dma.c 0x00000000   Number         0  stm32f4xx_hal_dma.o ABSOLUTE
    ..\Drivers\STM32F4xx_HAL_Driver\Src\stm32f4xx_hal_dma_ex.c 0x00000000   Number         0  stm32f4xx_hal_dma_ex.o ABSOLUTE
    ..\Drivers\STM32F4xx_HAL_Driver\Src\stm32f4xx_hal_flash.c 0x00000000   Number         0  stm32f4xx_hal_flash.o ABSOLUTE
    ..\Drivers\STM32F4xx_HAL_Driver\Src\stm32f4xx_hal_flash_ex.c 0x00000000   Number         0  stm32f4xx_hal_flash_ex.o ABSOLUTE
    ..\Drivers\STM32F4xx_HAL_Driver\Src\stm32f4xx_hal_flash_ramfunc.c 0x00000000   Number         0  stm32f4xx_hal_flash_ramfunc.o ABSOLUTE
    ..\Drivers\STM32F4xx_HAL_Driver\Src\stm32f4xx_hal_gpio.c 0x00000000   Number         0  stm32f4xx_hal_gpio.o ABSOLUTE
    ..\Drivers\STM32F4xx_HAL_Driver\Src\stm32f4xx_hal_pwr.c 0x00000000   Number         0  stm32f4xx_hal_pwr.o ABSOLUTE
    ..\Drivers\STM32F4xx_HAL_Driver\Src\stm32f4xx_hal_pwr_ex.c 0x00000000   Number         0  stm32f4xx_hal_pwr_ex.o ABSOLUTE
    ..\Drivers\STM32F4xx_HAL_Driver\Src\stm32f4xx_hal_rcc.c 0x00000000   Number         0  stm32f4xx_hal_rcc.o ABSOLUTE
    ..\Drivers\STM32F4xx_HAL_Driver\Src\stm32f4xx_hal_rcc_ex.c 0x00000000   Number         0  stm32f4xx_hal_rcc_ex.o ABSOLUTE
    ..\Drivers\STM32F4xx_HAL_Driver\Src\stm32f4xx_hal_sram.c 0x00000000   Number         0  stm32f4xx_hal_sram.o ABSOLUTE
    ..\Drivers\STM32F4xx_HAL_Driver\Src\stm32f4xx_hal_tim.c 0x00000000   Number         0  stm32f4xx_hal_tim.o ABSOLUTE
    ..\Drivers\STM32F4xx_HAL_Driver\Src\stm32f4xx_hal_tim_ex.c 0x00000000   Number         0  stm32f4xx_hal_tim_ex.o ABSOLUTE
    ..\Drivers\STM32F4xx_HAL_Driver\Src\stm32f4xx_hal_uart.c 0x00000000   Number         0  stm32f4xx_hal_uart.o ABSOLUTE
    ..\Drivers\STM32F4xx_HAL_Driver\Src\stm32f4xx_ll_fsmc.c 0x00000000   Number         0  stm32f4xx_ll_fsmc.o ABSOLUTE
    ..\Src\common.c                          0x00000000   Number         0  common.o ABSOLUTE
    ..\Src\dma.c                             0x00000000   Number         0  dma.o ABSOLUTE
    ..\Src\fsmc.c                            0x00000000   Number         0  fsmc.o ABSOLUTE
    ..\Src\gpio.c                            0x00000000   Number         0  gpio.o ABSOLUTE
    ..\Src\main.c                            0x00000000   Number         0  main.o ABSOLUTE
    ..\Src\stm32f4xx_hal_msp.c               0x00000000   Number         0  stm32f4xx_hal_msp.o ABSOLUTE
    ..\Src\stm32f4xx_it.c                    0x00000000   Number         0  stm32f4xx_it.o ABSOLUTE
    ..\Src\system_stm32f4xx.c                0x00000000   Number         0  system_stm32f4xx.o ABSOLUTE
    ..\Src\usart.c                           0x00000000   Number         0  usart.o ABSOLUTE
    ..\\Src\\common.c                        0x00000000   Number         0  common.o ABSOLUTE
    ..\\app\\app.c                           0x00000000   Number         0  app.o ABSOLUTE
    ..\\hardware\\GUI\\GUI.c                 0x00000000   Number         0  gui.o ABSOLUTE
    ..\\hardware\\delay\\delay.c             0x00000000   Number         0  delay.o ABSOLUTE
    ..\\hardware\\lcd_drive\\lcd_drive.c     0x00000000   Number         0  lcd_drive.o ABSOLUTE
    ..\\hardware\\touch\\touch.c             0x00000000   Number         0  touch.o ABSOLUTE
    ..\\page\\page.c                         0x00000000   Number         0  page.o ABSOLUTE
    ..\app\app.c                             0x00000000   Number         0  app.o ABSOLUTE
    ..\hardware\GUI\GUI.c                    0x00000000   Number         0  gui.o ABSOLUTE
    ..\hardware\delay\delay.c                0x00000000   Number         0  delay.o ABSOLUTE
    ..\hardware\lcd_drive\lcd_drive.c        0x00000000   Number         0  lcd_drive.o ABSOLUTE
    ..\hardware\touch\touch.c                0x00000000   Number         0  touch.o ABSOLUTE
    ..\page\page.c                           0x00000000   Number         0  page.o ABSOLUTE
    dc.s                                     0x00000000   Number         0  dc.o ABSOLUTE
    handlers.s                               0x00000000   Number         0  handlers.o ABSOLUTE
    init.s                                   0x00000000   Number         0  init.o ABSOLUTE
    startup_stm32f407xx.s                    0x00000000   Number         0  startup_stm32f407xx.o ABSOLUTE
    RESET                                    0x08000000   Section      392  startup_stm32f407xx.o(RESET)
    .ARM.Collect$$$$00000000                 0x08000188   Section        0  entry.o(.ARM.Collect$$$$00000000)
    .ARM.Collect$$$$00000001                 0x08000188   Section        4  entry2.o(.ARM.Collect$$$$00000001)
    .ARM.Collect$$$$00000004                 0x0800018c   Section        4  entry5.o(.ARM.Collect$$$$00000004)
    .ARM.Collect$$$$00000008                 0x08000190   Section        0  entry7b.o(.ARM.Collect$$$$00000008)
    .ARM.Collect$$$$0000000A                 0x08000190   Section        0  entry8b.o(.ARM.Collect$$$$0000000A)
    .ARM.Collect$$$$0000000B                 0x08000190   Section        8  entry9a.o(.ARM.Collect$$$$0000000B)
    .ARM.Collect$$$$0000000D                 0x08000198   Section        0  entry10a.o(.ARM.Collect$$$$0000000D)
    .ARM.Collect$$$$0000000F                 0x08000198   Section        0  entry11a.o(.ARM.Collect$$$$0000000F)
    .ARM.Collect$$$$00002712                 0x08000198   Section        4  entry2.o(.ARM.Collect$$$$00002712)
    __lit__00000000                          0x08000198   Data           4  entry2.o(.ARM.Collect$$$$00002712)
    .text                                    0x0800019c   Section       36  startup_stm32f407xx.o(.text)
    $v0                                      0x0800019c   Number         0  startup_stm32f407xx.o(.text)
    .text                                    0x080001c0   Section        0  dadd.o(.text)
    .text                                    0x0800030e   Section        0  dmul.o(.text)
    .text                                    0x080003f2   Section        0  ddiv.o(.text)
    .text                                    0x080004d0   Section        0  dflti.o(.text)
    .text                                    0x080004f2   Section        0  dfltui.o(.text)
    .text                                    0x0800050c   Section        0  dfixui.o(.text)
    .text                                    0x0800053e   Section        0  llshl.o(.text)
    .text                                    0x0800055c   Section        0  llushr.o(.text)
    .text                                    0x0800057c   Section        0  llsshr.o(.text)
    .text                                    0x080005a0   Section        0  depilogue.o(.text)
    .text                                    0x080005a0   Section        0  iusefp.o(.text)
    .text                                    0x0800065c   Section       36  init.o(.text)
    i.BusFault_Handler                       0x08000680   Section        0  stm32f4xx_it.o(i.BusFault_Handler)
    i.DMA2_Stream2_IRQHandler                0x08000684   Section        0  stm32f4xx_it.o(i.DMA2_Stream2_IRQHandler)
    i.DMA_CalcBaseAndBitshift                0x08000694   Section        0  stm32f4xx_hal_dma.o(i.DMA_CalcBaseAndBitshift)
    DMA_CalcBaseAndBitshift                  0x08000695   Thumb Code    46  stm32f4xx_hal_dma.o(i.DMA_CalcBaseAndBitshift)
    i.DMA_CheckFifoParam                     0x080006c8   Section        0  stm32f4xx_hal_dma.o(i.DMA_CheckFifoParam)
    DMA_CheckFifoParam                       0x080006c9   Thumb Code   170  stm32f4xx_hal_dma.o(i.DMA_CheckFifoParam)
    i.DMA_SetConfig                          0x08000772   Section        0  stm32f4xx_hal_dma.o(i.DMA_SetConfig)
    DMA_SetConfig                            0x08000773   Thumb Code    44  stm32f4xx_hal_dma.o(i.DMA_SetConfig)
    i.DebugMon_Handler                       0x0800079e   Section        0  stm32f4xx_it.o(i.DebugMon_Handler)
    i.EXTI9_5_IRQHandler                     0x080007a0   Section        0  stm32f4xx_it.o(i.EXTI9_5_IRQHandler)
    i.FSMC_NORSRAM_Extended_Timing_Init      0x080007ac   Section        0  stm32f4xx_ll_fsmc.o(i.FSMC_NORSRAM_Extended_Timing_Init)
    i.FSMC_NORSRAM_Init                      0x080007f4   Section        0  stm32f4xx_ll_fsmc.o(i.FSMC_NORSRAM_Init)
    i.FSMC_NORSRAM_Timing_Init               0x08000850   Section        0  stm32f4xx_ll_fsmc.o(i.FSMC_NORSRAM_Timing_Init)
    i.FT6206_Read_Reg                        0x08000894   Section        0  touch.o(i.FT6206_Read_Reg)
    i.FT6336_I2C_GPIO_Init                   0x080008f4   Section        0  touch.o(i.FT6336_I2C_GPIO_Init)
    i.Gui_Draw_Line                          0x08000954   Section        0  gui.o(i.Gui_Draw_Line)
    i.Gui_Draw_aPixel                        0x08000a14   Section        0  gui.o(i.Gui_Draw_aPixel)
    i.HAL_DMA_Abort_IT                       0x08000a30   Section        0  stm32f4xx_hal_dma.o(i.HAL_DMA_Abort_IT)
    i.HAL_DMA_IRQHandler                     0x08000a58   Section        0  stm32f4xx_hal_dma.o(i.HAL_DMA_IRQHandler)
    i.HAL_DMA_Init                           0x08000ca0   Section        0  stm32f4xx_hal_dma.o(i.HAL_DMA_Init)
    i.HAL_DMA_Start_IT                       0x08000d8c   Section        0  stm32f4xx_hal_dma.o(i.HAL_DMA_Start_IT)
    i.HAL_FSMC_MspInit                       0x08000e2c   Section        0  fsmc.o(i.HAL_FSMC_MspInit)
    HAL_FSMC_MspInit                         0x08000e2d   Thumb Code   182  fsmc.o(i.HAL_FSMC_MspInit)
    i.HAL_GPIO_EXTI_Callback                 0x08000ef4   Section        0  stm32f4xx_hal_gpio.o(i.HAL_GPIO_EXTI_Callback)
    i.HAL_GPIO_EXTI_IRQHandler               0x08000ef8   Section        0  stm32f4xx_hal_gpio.o(i.HAL_GPIO_EXTI_IRQHandler)
    i.HAL_GPIO_Init                          0x08000f14   Section        0  stm32f4xx_hal_gpio.o(i.HAL_GPIO_Init)
    i.HAL_GPIO_ReadPin                       0x08001114   Section        0  stm32f4xx_hal_gpio.o(i.HAL_GPIO_ReadPin)
    i.HAL_GPIO_WritePin                      0x08001124   Section        0  stm32f4xx_hal_gpio.o(i.HAL_GPIO_WritePin)
    i.HAL_GetTick                            0x08001130   Section        0  stm32f4xx_hal.o(i.HAL_GetTick)
    i.HAL_IncTick                            0x0800113c   Section        0  stm32f4xx_hal.o(i.HAL_IncTick)
    i.HAL_Init                               0x0800114c   Section        0  stm32f4xx_hal.o(i.HAL_Init)
    i.HAL_InitTick                           0x08001188   Section        0  stm32f4xx_hal.o(i.HAL_InitTick)
    i.HAL_MspInit                            0x080011b0   Section        0  stm32f4xx_hal_msp.o(i.HAL_MspInit)
    i.HAL_NVIC_EnableIRQ                     0x08001206   Section        0  stm32f4xx_hal_cortex.o(i.HAL_NVIC_EnableIRQ)
    i.HAL_NVIC_SetPriority                   0x08001220   Section        0  stm32f4xx_hal_cortex.o(i.HAL_NVIC_SetPriority)
    i.HAL_NVIC_SetPriorityGrouping           0x0800129c   Section        0  stm32f4xx_hal_cortex.o(i.HAL_NVIC_SetPriorityGrouping)
    i.HAL_RCC_ClockConfig                    0x080012c4   Section        0  stm32f4xx_hal_rcc.o(i.HAL_RCC_ClockConfig)
    i.HAL_RCC_GetHCLKFreq                    0x08001494   Section        0  stm32f4xx_hal_rcc.o(i.HAL_RCC_GetHCLKFreq)
    i.HAL_RCC_GetPCLK1Freq                   0x080014a0   Section        0  stm32f4xx_hal_rcc.o(i.HAL_RCC_GetPCLK1Freq)
    i.HAL_RCC_GetPCLK2Freq                   0x080014cc   Section        0  stm32f4xx_hal_rcc.o(i.HAL_RCC_GetPCLK2Freq)
    i.HAL_RCC_GetSysClockFreq                0x080014f8   Section        0  stm32f4xx_hal_rcc.o(i.HAL_RCC_GetSysClockFreq)
    i.HAL_RCC_OscConfig                      0x080015ac   Section        0  stm32f4xx_hal_rcc.o(i.HAL_RCC_OscConfig)
    i.HAL_SRAM_Init                          0x080019f8   Section        0  stm32f4xx_hal_sram.o(i.HAL_SRAM_Init)
    i.HAL_SRAM_MspInit                       0x08001a50   Section        0  fsmc.o(i.HAL_SRAM_MspInit)
    i.HAL_SYSTICK_CLKSourceConfig            0x08001a5a   Section        0  stm32f4xx_hal_cortex.o(i.HAL_SYSTICK_CLKSourceConfig)
    i.HAL_SYSTICK_Callback                   0x08001a82   Section        0  stm32f4xx_hal_cortex.o(i.HAL_SYSTICK_Callback)
    i.HAL_SYSTICK_Config                     0x08001a84   Section        0  stm32f4xx_hal_cortex.o(i.HAL_SYSTICK_Config)
    i.HAL_SYSTICK_IRQHandler                 0x08001ab8   Section        0  stm32f4xx_hal_cortex.o(i.HAL_SYSTICK_IRQHandler)
    i.HAL_UART_ErrorCallback                 0x08001ac0   Section        0  stm32f4xx_hal_uart.o(i.HAL_UART_ErrorCallback)
    i.HAL_UART_IRQHandler                    0x08001ac4   Section        0  stm32f4xx_hal_uart.o(i.HAL_UART_IRQHandler)
    i.HAL_UART_Init                          0x08001c10   Section        0  stm32f4xx_hal_uart.o(i.HAL_UART_Init)
    i.HAL_UART_MspInit                       0x08001c84   Section        0  usart.o(i.HAL_UART_MspInit)
    i.HAL_UART_Receive_DMA                   0x08001d40   Section        0  stm32f4xx_hal_uart.o(i.HAL_UART_Receive_DMA)
    i.HAL_UART_RxCpltCallback                0x08001e04   Section        0  usart.o(i.HAL_UART_RxCpltCallback)
    i.HAL_UART_RxHalfCpltCallback            0x08001e06   Section        0  stm32f4xx_hal_uart.o(i.HAL_UART_RxHalfCpltCallback)
    i.HAL_UART_Transmit_IT                   0x08001e08   Section        0  stm32f4xx_hal_uart.o(i.HAL_UART_Transmit_IT)
    i.HAL_UART_TxCpltCallback                0x08001e60   Section        0  usart.o(i.HAL_UART_TxCpltCallback)
    i.HardFault_Handler                      0x08001e62   Section        0  stm32f4xx_it.o(i.HardFault_Handler)
    i.I2C1_Ack                               0x08001e68   Section        0  touch.o(i.I2C1_Ack)
    i.I2C1_Delay_us                          0x08001ea4   Section        0  touch.o(i.I2C1_Delay_us)
    i.I2C1_NoAck                             0x08001eb4   Section        0  touch.o(i.I2C1_NoAck)
    i.I2C1_Read_Byte                         0x08001ef0   Section        0  touch.o(i.I2C1_Read_Byte)
    i.I2C1_Send_Byte                         0x08001f54   Section        0  touch.o(i.I2C1_Send_Byte)
    i.I2C1_Start                             0x08001fc8   Section        0  touch.o(i.I2C1_Start)
    i.I2C1_Stop                              0x08002004   Section        0  touch.o(i.I2C1_Stop)
    i.I2C1_WaitAck                           0x08002040   Section        0  touch.o(i.I2C1_WaitAck)
    i.LCD_CTRL_GPIO_Init                     0x080020a0   Section        0  lcd_drive.o(i.LCD_CTRL_GPIO_Init)
    i.LCD_Initialize                         0x08002140   Section        0  lcd_drive.o(i.LCD_Initialize)
    i.LCD_Rst                                0x080024c0   Section        0  lcd_drive.o(i.LCD_Rst)
    LCD_Rst                                  0x080024c1   Thumb Code    38  lcd_drive.o(i.LCD_Rst)
    i.LCD_ShowChar                           0x080024ec   Section        0  gui.o(i.LCD_ShowChar)
    i.LCD_delay                              0x080025bc   Section        0  lcd_drive.o(i.LCD_delay)
    i.Lcd_Clear_All                          0x080025e8   Section        0  lcd_drive.o(i.Lcd_Clear_All)
    i.Lcd_Clear_Some_Area                    0x08002624   Section        0  lcd_drive.o(i.Lcd_Clear_Some_Area)
    i.Lcd_Set_Region                         0x080026a8   Section        0  lcd_drive.o(i.Lcd_Set_Region)
    i.Lcd_Set_XY                             0x0800271a   Section        0  lcd_drive.o(i.Lcd_Set_XY)
    i.MX_DMA_Init                            0x0800274c   Section        0  dma.o(i.MX_DMA_Init)
    i.MX_FSMC_Init                           0x08002784   Section        0  fsmc.o(i.MX_FSMC_Init)
    i.MX_GPIO_Init                           0x0800280c   Section        0  gpio.o(i.MX_GPIO_Init)
    i.MX_NVIC_Init                           0x080029e0   Section        0  main.o(i.MX_NVIC_Init)
    MX_NVIC_Init                             0x080029e1   Thumb Code    36  main.o(i.MX_NVIC_Init)
    i.MX_USART1_UART_Init                    0x08002a04   Section        0  usart.o(i.MX_USART1_UART_Init)
    i.MemManage_Handler                      0x08002a50   Section        0  stm32f4xx_it.o(i.MemManage_Handler)
    i.NMI_Handler                            0x08002a54   Section        0  stm32f4xx_it.o(i.NMI_Handler)
    i.NVIC_GetPriorityGrouping               0x08002a58   Section        0  stm32f4xx_hal_cortex.o(i.NVIC_GetPriorityGrouping)
    NVIC_GetPriorityGrouping                 0x08002a59   Thumb Code    10  stm32f4xx_hal_cortex.o(i.NVIC_GetPriorityGrouping)
    i.NVIC_SetPriority                       0x08002a68   Section        0  stm32f4xx_hal_cortex.o(i.NVIC_SetPriority)
    NVIC_SetPriority                         0x08002a69   Thumb Code    32  stm32f4xx_hal_cortex.o(i.NVIC_SetPriority)
    i.PendSV_Handler                         0x08002a90   Section        0  stm32f4xx_it.o(i.PendSV_Handler)
    i.ReadCTP                                0x08002a94   Section        0  touch.o(i.ReadCTP)
    i.SVC_Handler                            0x08002c24   Section        0  stm32f4xx_it.o(i.SVC_Handler)
    i.SysTick_Handler                        0x08002c26   Section        0  stm32f4xx_it.o(i.SysTick_Handler)
    i.SystemClock_Config                     0x08002c34   Section        0  main.o(i.SystemClock_Config)
    i.SystemInit                             0x08002d14   Section        0  system_stm32f4xx.o(i.SystemInit)
    i.UART_DMAAbortOnError                   0x08002d78   Section        0  stm32f4xx_hal_uart.o(i.UART_DMAAbortOnError)
    UART_DMAAbortOnError                     0x08002d79   Thumb Code    20  stm32f4xx_hal_uart.o(i.UART_DMAAbortOnError)
    i.UART_DMAError                          0x08002d8c   Section        0  stm32f4xx_hal_uart.o(i.UART_DMAError)
    UART_DMAError                            0x08002d8d   Thumb Code    80  stm32f4xx_hal_uart.o(i.UART_DMAError)
    i.UART_DMAReceiveCplt                    0x08002ddc   Section        0  stm32f4xx_hal_uart.o(i.UART_DMAReceiveCplt)
    UART_DMAReceiveCplt                      0x08002ddd   Thumb Code    70  stm32f4xx_hal_uart.o(i.UART_DMAReceiveCplt)
    i.UART_DMARxHalfCplt                     0x08002e22   Section        0  stm32f4xx_hal_uart.o(i.UART_DMARxHalfCplt)
    UART_DMARxHalfCplt                       0x08002e23   Thumb Code    14  stm32f4xx_hal_uart.o(i.UART_DMARxHalfCplt)
    i.UART_EndRxTransfer                     0x08002e30   Section        0  stm32f4xx_hal_uart.o(i.UART_EndRxTransfer)
    UART_EndRxTransfer                       0x08002e31   Thumb Code    32  stm32f4xx_hal_uart.o(i.UART_EndRxTransfer)
    i.UART_EndTransmit_IT                    0x08002e50   Section        0  stm32f4xx_hal_uart.o(i.UART_EndTransmit_IT)
    UART_EndTransmit_IT                      0x08002e51   Thumb Code    32  stm32f4xx_hal_uart.o(i.UART_EndTransmit_IT)
    i.UART_EndTxTransfer                     0x08002e70   Section        0  stm32f4xx_hal_uart.o(i.UART_EndTxTransfer)
    UART_EndTxTransfer                       0x08002e71   Thumb Code    20  stm32f4xx_hal_uart.o(i.UART_EndTxTransfer)
    i.UART_Receive_IT                        0x08002e84   Section        0  stm32f4xx_hal_uart.o(i.UART_Receive_IT)
    UART_Receive_IT                          0x08002e85   Thumb Code   154  stm32f4xx_hal_uart.o(i.UART_Receive_IT)
    i.UART_SetConfig                         0x08002f20   Section        0  stm32f4xx_hal_uart.o(i.UART_SetConfig)
    UART_SetConfig                           0x08002f21   Thumb Code   864  stm32f4xx_hal_uart.o(i.UART_SetConfig)
    i.UART_Transmit_IT                       0x08003288   Section        0  stm32f4xx_hal_uart.o(i.UART_Transmit_IT)
    UART_Transmit_IT                         0x08003289   Thumb Code   104  stm32f4xx_hal_uart.o(i.UART_Transmit_IT)
    i.USART1_IRQHandler                      0x080032f0   Section        0  stm32f4xx_it.o(i.USART1_IRQHandler)
    i.UsageFault_Handler                     0x08003300   Section        0  stm32f4xx_it.o(i.UsageFault_Handler)
    i.WriteComm                              0x08003304   Section        0  lcd_drive.o(i.WriteComm)
    i.WriteData                              0x0800330c   Section        0  lcd_drive.o(i.WriteData)
    i._Error_Handler                         0x08003318   Section        0  main.o(i._Error_Handler)
    i.__scatterload_copy                     0x0800331c   Section       14  handlers.o(i.__scatterload_copy)
    i.__scatterload_null                     0x0800332a   Section        2  handlers.o(i.__scatterload_null)
    i.__scatterload_zeroinit                 0x0800332c   Section       14  handlers.o(i.__scatterload_zeroinit)
    i.appswitch                              0x0800333c   Section        0  app.o(i.appswitch)
    i.delay_init                             0x080036d4   Section        0  delay.o(i.delay_init)
    i.delay_ms                               0x080036e8   Section        0  delay.o(i.delay_ms)
    i.delay_us                               0x08003700   Section        0  delay.o(i.delay_us)
    i.graphpage                              0x08003748   Section        0  page.o(i.graphpage)
    i.leftarrow                              0x08003836   Section        0  page.o(i.leftarrow)
    i.main                                   0x0800385c   Section        0  main.o(i.main)
    i.mainpage                               0x080038cc   Section        0  page.o(i.mainpage)
    i.pageswitch                             0x08003a7c   Section        0  app.o(i.pageswitch)
    i.reportpage                             0x08003aa4   Section        0  page.o(i.reportpage)
    i.rightarrow                             0x08003b28   Section        0  page.o(i.rightarrow)
    i.showaxis                               0x08003b4c   Section        0  page.o(i.showaxis)
    i.showgraph                              0x08003fcc   Section        0  page.o(i.showgraph)
    i.showhz                                 0x08004100   Section        0  gui.o(i.showhz)
    i.touchwait                              0x080041cc   Section        0  app.o(i.touchwait)
    .constdata                               0x080041f0   Section       24  system_stm32f4xx.o(.constdata)
    .constdata                               0x08004208   Section        8  stm32f4xx_hal_dma.o(.constdata)
    flagBitshiftOffset                       0x08004208   Data           8  stm32f4xx_hal_dma.o(.constdata)
    .constdata                               0x08004210   Section    54176  gui.o(.constdata)
    .data                                    0x20000000   Section        4  system_stm32f4xx.o(.data)
    .data                                    0x20000004   Section        4  stm32f4xx_hal.o(.data)
    .data                                    0x20000008   Section        8  fsmc.o(.data)
    FSMC_Initialized                         0x20000008   Data           4  fsmc.o(.data)
    FSMC_DeInitialized                       0x2000000c   Data           4  fsmc.o(.data)
    .data                                    0x20000010   Section        7  main.o(.data)
    .data                                    0x20000018   Section        4  delay.o(.data)
    fac_us                                   0x20000018   Data           4  delay.o(.data)
    .bss                                     0x2000001c   Section      160  usart.o(.bss)
    .bss                                     0x200000bc   Section       80  fsmc.o(.bss)
    .bss                                     0x2000010c   Section      368  main.o(.bss)
    .bss                                     0x2000027c   Section       12  touch.o(.bss)
    ctplast                                  0x2000027c   Data          12  touch.o(.bss)
    STACK                                    0x20000288   Section    16384  startup_stm32f407xx.o(STACK)

    Global Symbols

    Symbol Name                              Value     Ov Type        Size  Object(Section)

    BuildAttributes$$THM_ISAv4$E$P$D$K$B$S$7EM$VFPi3$EXTD16$VFPS$VFMA$PE$A:L22UL41UL21$X:L11$S22US41US21$IEEE1$IW$USESV6$~STKCKD$USESV7$~SHL$OSPACE$ROPI$EBA8$MICROLIB$REQ8$PRES8$EABIv2 0x00000000   Number         0  anon$$obj.o ABSOLUTE
    __ARM_use_no_argv                        0x00000000   Number         0  main.o ABSOLUTE
    __cpp_initialize__aeabi_                  - Undefined Weak Reference
    __cxa_finalize                            - Undefined Weak Reference
    __decompress                              - Undefined Weak Reference
    _clock_init                               - Undefined Weak Reference
    _microlib_exit                            - Undefined Weak Reference
    __Vectors_Size                           0x00000188   Number         0  startup_stm32f407xx.o ABSOLUTE
    __Vectors                                0x08000000   Data           4  startup_stm32f407xx.o(RESET)
    __Vectors_End                            0x08000188   Data           0  startup_stm32f407xx.o(RESET)
    __main                                   0x08000189   Thumb Code     0  entry.o(.ARM.Collect$$$$00000000)
    _main_stk                                0x08000189   Thumb Code     0  entry2.o(.ARM.Collect$$$$00000001)
    _main_scatterload                        0x0800018d   Thumb Code     0  entry5.o(.ARM.Collect$$$$00000004)
    __main_after_scatterload                 0x08000191   Thumb Code     0  entry5.o(.ARM.Collect$$$$00000004)
    _main_clock                              0x08000191   Thumb Code     0  entry7b.o(.ARM.Collect$$$$00000008)
    _main_cpp_init                           0x08000191   Thumb Code     0  entry8b.o(.ARM.Collect$$$$0000000A)
    _main_init                               0x08000191   Thumb Code     0  entry9a.o(.ARM.Collect$$$$0000000B)
    __rt_final_cpp                           0x08000199   Thumb Code     0  entry10a.o(.ARM.Collect$$$$0000000D)
    __rt_final_exit                          0x08000199   Thumb Code     0  entry11a.o(.ARM.Collect$$$$0000000F)
    Reset_Handler                            0x0800019d   Thumb Code     8  startup_stm32f407xx.o(.text)
    ADC_IRQHandler                           0x080001b7   Thumb Code     0  startup_stm32f407xx.o(.text)
    CAN1_RX0_IRQHandler                      0x080001b7   Thumb Code     0  startup_stm32f407xx.o(.text)
    CAN1_RX1_IRQHandler                      0x080001b7   Thumb Code     0  startup_stm32f407xx.o(.text)
    CAN1_SCE_IRQHandler                      0x080001b7   Thumb Code     0  startup_stm32f407xx.o(.text)
    CAN1_TX_IRQHandler                       0x080001b7   Thumb Code     0  startup_stm32f407xx.o(.text)
    CAN2_RX0_IRQHandler                      0x080001b7   Thumb Code     0  startup_stm32f407xx.o(.text)
    CAN2_RX1_IRQHandler                      0x080001b7   Thumb Code     0  startup_stm32f407xx.o(.text)
    CAN2_SCE_IRQHandler                      0x080001b7   Thumb Code     0  startup_stm32f407xx.o(.text)
    CAN2_TX_IRQHandler                       0x080001b7   Thumb Code     0  startup_stm32f407xx.o(.text)
    DCMI_IRQHandler                          0x080001b7   Thumb Code     0  startup_stm32f407xx.o(.text)
    DMA1_Stream0_IRQHandler                  0x080001b7   Thumb Code     0  startup_stm32f407xx.o(.text)
    DMA1_Stream1_IRQHandler                  0x080001b7   Thumb Code     0  startup_stm32f407xx.o(.text)
    DMA1_Stream2_IRQHandler                  0x080001b7   Thumb Code     0  startup_stm32f407xx.o(.text)
    DMA1_Stream3_IRQHandler                  0x080001b7   Thumb Code     0  startup_stm32f407xx.o(.text)
    DMA1_Stream4_IRQHandler                  0x080001b7   Thumb Code     0  startup_stm32f407xx.o(.text)
    DMA1_Stream5_IRQHandler                  0x080001b7   Thumb Code     0  startup_stm32f407xx.o(.text)
    DMA1_Stream6_IRQHandler                  0x080001b7   Thumb Code     0  startup_stm32f407xx.o(.text)
    DMA1_Stream7_IRQHandler                  0x080001b7   Thumb Code     0  startup_stm32f407xx.o(.text)
    DMA2_Stream0_IRQHandler                  0x080001b7   Thumb Code     0  startup_stm32f407xx.o(.text)
    DMA2_Stream1_IRQHandler                  0x080001b7   Thumb Code     0  startup_stm32f407xx.o(.text)
    DMA2_Stream3_IRQHandler                  0x080001b7   Thumb Code     0  startup_stm32f407xx.o(.text)
    DMA2_Stream4_IRQHandler                  0x080001b7   Thumb Code     0  startup_stm32f407xx.o(.text)
    DMA2_Stream5_IRQHandler                  0x080001b7   Thumb Code     0  startup_stm32f407xx.o(.text)
    DMA2_Stream6_IRQHandler                  0x080001b7   Thumb Code     0  startup_stm32f407xx.o(.text)
    DMA2_Stream7_IRQHandler                  0x080001b7   Thumb Code     0  startup_stm32f407xx.o(.text)
    ETH_IRQHandler                           0x080001b7   Thumb Code     0  startup_stm32f407xx.o(.text)
    ETH_WKUP_IRQHandler                      0x080001b7   Thumb Code     0  startup_stm32f407xx.o(.text)
    EXTI0_IRQHandler                         0x080001b7   Thumb Code     0  startup_stm32f407xx.o(.text)
    EXTI15_10_IRQHandler                     0x080001b7   Thumb Code     0  startup_stm32f407xx.o(.text)
    EXTI1_IRQHandler                         0x080001b7   Thumb Code     0  startup_stm32f407xx.o(.text)
    EXTI2_IRQHandler                         0x080001b7   Thumb Code     0  startup_stm32f407xx.o(.text)
    EXTI3_IRQHandler                         0x080001b7   Thumb Code     0  startup_stm32f407xx.o(.text)
    EXTI4_IRQHandler                         0x080001b7   Thumb Code     0  startup_stm32f407xx.o(.text)
    FLASH_IRQHandler                         0x080001b7   Thumb Code     0  startup_stm32f407xx.o(.text)
    FMC_IRQHandler                           0x080001b7   Thumb Code     0  startup_stm32f407xx.o(.text)
    FPU_IRQHandler                           0x080001b7   Thumb Code     0  startup_stm32f407xx.o(.text)
    HASH_RNG_IRQHandler                      0x080001b7   Thumb Code     0  startup_stm32f407xx.o(.text)
    I2C1_ER_IRQHandler                       0x080001b7   Thumb Code     0  startup_stm32f407xx.o(.text)
    I2C1_EV_IRQHandler                       0x080001b7   Thumb Code     0  startup_stm32f407xx.o(.text)
    I2C2_ER_IRQHandler                       0x080001b7   Thumb Code     0  startup_stm32f407xx.o(.text)
    I2C2_EV_IRQHandler                       0x080001b7   Thumb Code     0  startup_stm32f407xx.o(.text)
    I2C3_ER_IRQHandler                       0x080001b7   Thumb Code     0  startup_stm32f407xx.o(.text)
    I2C3_EV_IRQHandler                       0x080001b7   Thumb Code     0  startup_stm32f407xx.o(.text)
    OTG_FS_IRQHandler                        0x080001b7   Thumb Code     0  startup_stm32f407xx.o(.text)
    OTG_FS_WKUP_IRQHandler                   0x080001b7   Thumb Code     0  startup_stm32f407xx.o(.text)
    OTG_HS_EP1_IN_IRQHandler                 0x080001b7   Thumb Code     0  startup_stm32f407xx.o(.text)
    OTG_HS_EP1_OUT_IRQHandler                0x080001b7   Thumb Code     0  startup_stm32f407xx.o(.text)
    OTG_HS_IRQHandler                        0x080001b7   Thumb Code     0  startup_stm32f407xx.o(.text)
    OTG_HS_WKUP_IRQHandler                   0x080001b7   Thumb Code     0  startup_stm32f407xx.o(.text)
    PVD_IRQHandler                           0x080001b7   Thumb Code     0  startup_stm32f407xx.o(.text)
    RCC_IRQHandler                           0x080001b7   Thumb Code     0  startup_stm32f407xx.o(.text)
    RTC_Alarm_IRQHandler                     0x080001b7   Thumb Code     0  startup_stm32f407xx.o(.text)
    RTC_WKUP_IRQHandler                      0x080001b7   Thumb Code     0  startup_stm32f407xx.o(.text)
    SDIO_IRQHandler                          0x080001b7   Thumb Code     0  startup_stm32f407xx.o(.text)
    SPI1_IRQHandler                          0x080001b7   Thumb Code     0  startup_stm32f407xx.o(.text)
    SPI2_IRQHandler                          0x080001b7   Thumb Code     0  startup_stm32f407xx.o(.text)
    SPI3_IRQHandler                          0x080001b7   Thumb Code     0  startup_stm32f407xx.o(.text)
    TAMP_STAMP_IRQHandler                    0x080001b7   Thumb Code     0  startup_stm32f407xx.o(.text)
    TIM1_BRK_TIM9_IRQHandler                 0x080001b7   Thumb Code     0  startup_stm32f407xx.o(.text)
    TIM1_CC_IRQHandler                       0x080001b7   Thumb Code     0  startup_stm32f407xx.o(.text)
    TIM1_TRG_COM_TIM11_IRQHandler            0x080001b7   Thumb Code     0  startup_stm32f407xx.o(.text)
    TIM1_UP_TIM10_IRQHandler                 0x080001b7   Thumb Code     0  startup_stm32f407xx.o(.text)
    TIM2_IRQHandler                          0x080001b7   Thumb Code     0  startup_stm32f407xx.o(.text)
    TIM3_IRQHandler                          0x080001b7   Thumb Code     0  startup_stm32f407xx.o(.text)
    TIM4_IRQHandler                          0x080001b7   Thumb Code     0  startup_stm32f407xx.o(.text)
    TIM5_IRQHandler                          0x080001b7   Thumb Code     0  startup_stm32f407xx.o(.text)
    TIM6_DAC_IRQHandler                      0x080001b7   Thumb Code     0  startup_stm32f407xx.o(.text)
    TIM7_IRQHandler                          0x080001b7   Thumb Code     0  startup_stm32f407xx.o(.text)
    TIM8_BRK_TIM12_IRQHandler                0x080001b7   Thumb Code     0  startup_stm32f407xx.o(.text)
    TIM8_CC_IRQHandler                       0x080001b7   Thumb Code     0  startup_stm32f407xx.o(.text)
    TIM8_TRG_COM_TIM14_IRQHandler            0x080001b7   Thumb Code     0  startup_stm32f407xx.o(.text)
    TIM8_UP_TIM13_IRQHandler                 0x080001b7   Thumb Code     0  startup_stm32f407xx.o(.text)
    UART4_IRQHandler                         0x080001b7   Thumb Code     0  startup_stm32f407xx.o(.text)
    UART5_IRQHandler                         0x080001b7   Thumb Code     0  startup_stm32f407xx.o(.text)
    USART2_IRQHandler                        0x080001b7   Thumb Code     0  startup_stm32f407xx.o(.text)
    USART3_IRQHandler                        0x080001b7   Thumb Code     0  startup_stm32f407xx.o(.text)
    USART6_IRQHandler                        0x080001b7   Thumb Code     0  startup_stm32f407xx.o(.text)
    WWDG_IRQHandler                          0x080001b7   Thumb Code     0  startup_stm32f407xx.o(.text)
    __aeabi_dadd                             0x080001c1   Thumb Code   322  dadd.o(.text)
    __aeabi_dsub                             0x08000303   Thumb Code     6  dadd.o(.text)
    __aeabi_drsub                            0x08000309   Thumb Code     6  dadd.o(.text)
    __aeabi_dmul                             0x0800030f   Thumb Code   228  dmul.o(.text)
    __aeabi_ddiv                             0x080003f3   Thumb Code   222  ddiv.o(.text)
    __aeabi_i2d                              0x080004d1   Thumb Code    34  dflti.o(.text)
    __aeabi_ui2d                             0x080004f3   Thumb Code    26  dfltui.o(.text)
    __aeabi_d2uiz                            0x0800050d   Thumb Code    50  dfixui.o(.text)
    __aeabi_llsl                             0x0800053f   Thumb Code    30  llshl.o(.text)
    _ll_shift_l                              0x0800053f   Thumb Code     0  llshl.o(.text)
    __aeabi_llsr                             0x0800055d   Thumb Code    32  llushr.o(.text)
    _ll_ushift_r                             0x0800055d   Thumb Code     0  llushr.o(.text)
    __aeabi_lasr                             0x0800057d   Thumb Code    36  llsshr.o(.text)
    _ll_sshift_r                             0x0800057d   Thumb Code     0  llsshr.o(.text)
    __I$use$fp                               0x080005a1   Thumb Code     0  iusefp.o(.text)
    _double_round                            0x080005a1   Thumb Code    30  depilogue.o(.text)
    _double_epilogue                         0x080005bf   Thumb Code   156  depilogue.o(.text)
    __scatterload                            0x0800065d   Thumb Code    28  init.o(.text)
    __scatterload_rt2                        0x0800065d   Thumb Code     0  init.o(.text)
    BusFault_Handler                         0x08000681   Thumb Code     4  stm32f4xx_it.o(i.BusFault_Handler)
    DMA2_Stream2_IRQHandler                  0x08000685   Thumb Code    10  stm32f4xx_it.o(i.DMA2_Stream2_IRQHandler)
    DebugMon_Handler                         0x0800079f   Thumb Code     2  stm32f4xx_it.o(i.DebugMon_Handler)
    EXTI9_5_IRQHandler                       0x080007a1   Thumb Code    12  stm32f4xx_it.o(i.EXTI9_5_IRQHandler)
    FSMC_NORSRAM_Extended_Timing_Init        0x080007ad   Thumb Code    66  stm32f4xx_ll_fsmc.o(i.FSMC_NORSRAM_Extended_Timing_Init)
    FSMC_NORSRAM_Init                        0x080007f5   Thumb Code    88  stm32f4xx_ll_fsmc.o(i.FSMC_NORSRAM_Init)
    FSMC_NORSRAM_Timing_Init                 0x08000851   Thumb Code    68  stm32f4xx_ll_fsmc.o(i.FSMC_NORSRAM_Timing_Init)
    FT6206_Read_Reg                          0x08000895   Thumb Code    94  touch.o(i.FT6206_Read_Reg)
    FT6336_I2C_GPIO_Init                     0x080008f5   Thumb Code    88  touch.o(i.FT6336_I2C_GPIO_Init)
    Gui_Draw_Line                            0x08000955   Thumb Code   190  gui.o(i.Gui_Draw_Line)
    Gui_Draw_aPixel                          0x08000a15   Thumb Code    22  gui.o(i.Gui_Draw_aPixel)
    HAL_DMA_Abort_IT                         0x08000a31   Thumb Code    40  stm32f4xx_hal_dma.o(i.HAL_DMA_Abort_IT)
    HAL_DMA_IRQHandler                       0x08000a59   Thumb Code   574  stm32f4xx_hal_dma.o(i.HAL_DMA_IRQHandler)
    HAL_DMA_Init                             0x08000ca1   Thumb Code   232  stm32f4xx_hal_dma.o(i.HAL_DMA_Init)
    HAL_DMA_Start_IT                         0x08000d8d   Thumb Code   158  stm32f4xx_hal_dma.o(i.HAL_DMA_Start_IT)
    HAL_GPIO_EXTI_Callback                   0x08000ef5   Thumb Code     2  stm32f4xx_hal_gpio.o(i.HAL_GPIO_EXTI_Callback)
    HAL_GPIO_EXTI_IRQHandler                 0x08000ef9   Thumb Code    24  stm32f4xx_hal_gpio.o(i.HAL_GPIO_EXTI_IRQHandler)
    HAL_GPIO_Init                            0x08000f15   Thumb Code   466  stm32f4xx_hal_gpio.o(i.HAL_GPIO_Init)
    HAL_GPIO_ReadPin                         0x08001115   Thumb Code    16  stm32f4xx_hal_gpio.o(i.HAL_GPIO_ReadPin)
    HAL_GPIO_WritePin                        0x08001125   Thumb Code    12  stm32f4xx_hal_gpio.o(i.HAL_GPIO_WritePin)
    HAL_GetTick                              0x08001131   Thumb Code     6  stm32f4xx_hal.o(i.HAL_GetTick)
    HAL_IncTick                              0x0800113d   Thumb Code    12  stm32f4xx_hal.o(i.HAL_IncTick)
    HAL_Init                                 0x0800114d   Thumb Code    54  stm32f4xx_hal.o(i.HAL_Init)
    HAL_InitTick                             0x08001189   Thumb Code    36  stm32f4xx_hal.o(i.HAL_InitTick)
    HAL_MspInit                              0x080011b1   Thumb Code    86  stm32f4xx_hal_msp.o(i.HAL_MspInit)
    HAL_NVIC_EnableIRQ                       0x08001207   Thumb Code    26  stm32f4xx_hal_cortex.o(i.HAL_NVIC_EnableIRQ)
    HAL_NVIC_SetPriority                     0x08001221   Thumb Code   124  stm32f4xx_hal_cortex.o(i.HAL_NVIC_SetPriority)
    HAL_NVIC_SetPriorityGrouping             0x0800129d   Thumb Code    32  stm32f4xx_hal_cortex.o(i.HAL_NVIC_SetPriorityGrouping)
    HAL_RCC_ClockConfig                      0x080012c5   Thumb Code   446  stm32f4xx_hal_rcc.o(i.HAL_RCC_ClockConfig)
    HAL_RCC_GetHCLKFreq                      0x08001495   Thumb Code     6  stm32f4xx_hal_rcc.o(i.HAL_RCC_GetHCLKFreq)
    HAL_RCC_GetPCLK1Freq                     0x080014a1   Thumb Code    36  stm32f4xx_hal_rcc.o(i.HAL_RCC_GetPCLK1Freq)
    HAL_RCC_GetPCLK2Freq                     0x080014cd   Thumb Code    36  stm32f4xx_hal_rcc.o(i.HAL_RCC_GetPCLK2Freq)
    HAL_RCC_GetSysClockFreq                  0x080014f9   Thumb Code   168  stm32f4xx_hal_rcc.o(i.HAL_RCC_GetSysClockFreq)
    HAL_RCC_OscConfig                        0x080015ad   Thumb Code  1090  stm32f4xx_hal_rcc.o(i.HAL_RCC_OscConfig)
    HAL_SRAM_Init                            0x080019f9   Thumb Code    88  stm32f4xx_hal_sram.o(i.HAL_SRAM_Init)
    HAL_SRAM_MspInit                         0x08001a51   Thumb Code    10  fsmc.o(i.HAL_SRAM_MspInit)
    HAL_SYSTICK_CLKSourceConfig              0x08001a5b   Thumb Code    40  stm32f4xx_hal_cortex.o(i.HAL_SYSTICK_CLKSourceConfig)
    HAL_SYSTICK_Callback                     0x08001a83   Thumb Code     2  stm32f4xx_hal_cortex.o(i.HAL_SYSTICK_Callback)
    HAL_SYSTICK_Config                       0x08001a85   Thumb Code    52  stm32f4xx_hal_cortex.o(i.HAL_SYSTICK_Config)
    HAL_SYSTICK_IRQHandler                   0x08001ab9   Thumb Code     8  stm32f4xx_hal_cortex.o(i.HAL_SYSTICK_IRQHandler)
    HAL_UART_ErrorCallback                   0x08001ac1   Thumb Code     2  stm32f4xx_hal_uart.o(i.HAL_UART_ErrorCallback)
    HAL_UART_IRQHandler                      0x08001ac5   Thumb Code   326  stm32f4xx_hal_uart.o(i.HAL_UART_IRQHandler)
    HAL_UART_Init                            0x08001c11   Thumb Code   114  stm32f4xx_hal_uart.o(i.HAL_UART_Init)
    HAL_UART_MspInit                         0x08001c85   Thumb Code   150  usart.o(i.HAL_UART_MspInit)
    HAL_UART_Receive_DMA                     0x08001d41   Thumb Code   182  stm32f4xx_hal_uart.o(i.HAL_UART_Receive_DMA)
    HAL_UART_RxCpltCallback                  0x08001e05   Thumb Code     2  usart.o(i.HAL_UART_RxCpltCallback)
    HAL_UART_RxHalfCpltCallback              0x08001e07   Thumb Code     2  stm32f4xx_hal_uart.o(i.HAL_UART_RxHalfCpltCallback)
    HAL_UART_Transmit_IT                     0x08001e09   Thumb Code    88  stm32f4xx_hal_uart.o(i.HAL_UART_Transmit_IT)
    HAL_UART_TxCpltCallback                  0x08001e61   Thumb Code     2  usart.o(i.HAL_UART_TxCpltCallback)
    HardFault_Handler                        0x08001e63   Thumb Code     4  stm32f4xx_it.o(i.HardFault_Handler)
    I2C1_Ack                                 0x08001e69   Thumb Code    56  touch.o(i.I2C1_Ack)
    I2C1_Delay_us                            0x08001ea5   Thumb Code    14  touch.o(i.I2C1_Delay_us)
    I2C1_NoAck                               0x08001eb5   Thumb Code    56  touch.o(i.I2C1_NoAck)
    I2C1_Read_Byte                           0x08001ef1   Thumb Code    94  touch.o(i.I2C1_Read_Byte)
    I2C1_Send_Byte                           0x08001f55   Thumb Code   110  touch.o(i.I2C1_Send_Byte)
    I2C1_Start                               0x08001fc9   Thumb Code    56  touch.o(i.I2C1_Start)
    I2C1_Stop                                0x08002005   Thumb Code    56  touch.o(i.I2C1_Stop)
    I2C1_WaitAck                             0x08002041   Thumb Code    92  touch.o(i.I2C1_WaitAck)
    LCD_CTRL_GPIO_Init                       0x080020a1   Thumb Code   146  lcd_drive.o(i.LCD_CTRL_GPIO_Init)
    LCD_Initialize                           0x08002141   Thumb Code   892  lcd_drive.o(i.LCD_Initialize)
    LCD_ShowChar                             0x080024ed   Thumb Code   192  gui.o(i.LCD_ShowChar)
    LCD_delay                                0x080025bd   Thumb Code    42  lcd_drive.o(i.LCD_delay)
    Lcd_Clear_All                            0x080025e9   Thumb Code    56  lcd_drive.o(i.Lcd_Clear_All)
    Lcd_Clear_Some_Area                      0x08002625   Thumb Code   126  lcd_drive.o(i.Lcd_Clear_Some_Area)
    Lcd_Set_Region                           0x080026a9   Thumb Code   114  lcd_drive.o(i.Lcd_Set_Region)
    Lcd_Set_XY                               0x0800271b   Thumb Code    50  lcd_drive.o(i.Lcd_Set_XY)
    MX_DMA_Init                              0x0800274d   Thumb Code    52  dma.o(i.MX_DMA_Init)
    MX_FSMC_Init                             0x08002785   Thumb Code   112  fsmc.o(i.MX_FSMC_Init)
    MX_GPIO_Init                             0x0800280d   Thumb Code   444  gpio.o(i.MX_GPIO_Init)
    MX_USART1_UART_Init                      0x08002a05   Thumb Code    50  usart.o(i.MX_USART1_UART_Init)
    MemManage_Handler                        0x08002a51   Thumb Code     4  stm32f4xx_it.o(i.MemManage_Handler)
    NMI_Handler                              0x08002a55   Thumb Code     2  stm32f4xx_it.o(i.NMI_Handler)
    PendSV_Handler                           0x08002a91   Thumb Code     2  stm32f4xx_it.o(i.PendSV_Handler)
    ReadCTP                                  0x08002a95   Thumb Code   396  touch.o(i.ReadCTP)
    SVC_Handler                              0x08002c25   Thumb Code     2  stm32f4xx_it.o(i.SVC_Handler)
    SysTick_Handler                          0x08002c27   Thumb Code    12  stm32f4xx_it.o(i.SysTick_Handler)
    SystemClock_Config                       0x08002c35   Thumb Code   198  main.o(i.SystemClock_Config)
    SystemInit                               0x08002d15   Thumb Code    82  system_stm32f4xx.o(i.SystemInit)
    USART1_IRQHandler                        0x080032f1   Thumb Code    10  stm32f4xx_it.o(i.USART1_IRQHandler)
    UsageFault_Handler                       0x08003301   Thumb Code     4  stm32f4xx_it.o(i.UsageFault_Handler)
    WriteComm                                0x08003305   Thumb Code     8  lcd_drive.o(i.WriteComm)
    WriteData                                0x0800330d   Thumb Code     6  lcd_drive.o(i.WriteData)
    _Error_Handler                           0x08003319   Thumb Code     4  main.o(i._Error_Handler)
    __scatterload_copy                       0x0800331d   Thumb Code    14  handlers.o(i.__scatterload_copy)
    __scatterload_null                       0x0800332b   Thumb Code     2  handlers.o(i.__scatterload_null)
    __scatterload_zeroinit                   0x0800332d   Thumb Code    14  handlers.o(i.__scatterload_zeroinit)
    appswitch                                0x0800333d   Thumb Code   902  app.o(i.appswitch)
    delay_init                               0x080036d5   Thumb Code    16  delay.o(i.delay_init)
    delay_ms                                 0x080036e9   Thumb Code    24  delay.o(i.delay_ms)
    delay_us                                 0x08003701   Thumb Code    68  delay.o(i.delay_us)
    graphpage                                0x08003749   Thumb Code   238  page.o(i.graphpage)
    leftarrow                                0x08003837   Thumb Code    36  page.o(i.leftarrow)
    main                                     0x0800385d   Thumb Code    98  main.o(i.main)
    mainpage                                 0x080038cd   Thumb Code   428  page.o(i.mainpage)
    pageswitch                               0x08003a7d   Thumb Code    38  app.o(i.pageswitch)
    reportpage                               0x08003aa5   Thumb Code   126  page.o(i.reportpage)
    rightarrow                               0x08003b29   Thumb Code    36  page.o(i.rightarrow)
    showaxis                                 0x08003b4d   Thumb Code  1152  page.o(i.showaxis)
    showgraph                                0x08003fcd   Thumb Code   256  page.o(i.showgraph)
    showhz                                   0x08004101   Thumb Code   186  gui.o(i.showhz)
    touchwait                                0x080041cd   Thumb Code    32  app.o(i.touchwait)
    AHBPrescTable                            0x080041f0   Data          16  system_stm32f4xx.o(.constdata)
    APBPrescTable                            0x08004200   Data           8  system_stm32f4xx.o(.constdata)
    asc32                                    0x08004210   Data        6080  gui.o(.constdata)
    asc64                                    0x080059d0   Data       24320  gui.o(.constdata)
    hz80                                     0x0800b8d0   Data       12000  gui.o(.constdata)
    hz64                                     0x0800e7b0   Data       11776  gui.o(.constdata)
    Region$$Table$$Base                      0x080115b0   Number         0  anon$$obj.o(Region$$Table)
    Region$$Table$$Limit                     0x080115d0   Number         0  anon$$obj.o(Region$$Table)
    SystemCoreClock                          0x20000000   Data           4  system_stm32f4xx.o(.data)
    uwTick                                   0x20000004   Data           4  stm32f4xx_hal.o(.data)
    U1_Rec_Point                             0x20000010   Data           2  main.o(.data)
    POINT_COLOR                              0x20000012   Data           2  main.o(.data)
    BACK_COLOR                               0x20000014   Data           2  main.o(.data)
    setminute                                0x20000016   Data           1  main.o(.data)
    huart1                                   0x2000001c   Data          64  usart.o(.bss)
    hdma_usart1_rx                           0x2000005c   Data          96  usart.o(.bss)
    hsram1                                   0x200000bc   Data          80  fsmc.o(.bss)
    U1_Rec_Buffer                            0x2000010c   Data         256  main.o(.bss)
    U1_Send_Buffer                           0x2000020c   Data         100  main.o(.bss)
    ctpxy                                    0x20000270   Data          12  main.o(.bss)
    __initial_sp                             0x20004288   Data           0  startup_stm32f407xx.o(STACK)



==============================================================================

Memory Map of the image

  Image Entry point : 0x08000189

  Load Region LR_IROM1 (Base: 0x08000000, Size: 0x000115ec, Max: 0x00080000, ABSOLUTE)

    Execution Region ER_IROM1 (Base: 0x08000000, Size: 0x000115d0, Max: 0x00080000, ABSOLUTE)

    Base Addr    Size         Type   Attr      Idx    E Section Name        Object

    0x08000000   0x00000188   Data   RO            3    RESET               startup_stm32f407xx.o
    0x08000188   0x00000000   Code   RO         2615  * .ARM.Collect$$$$00000000  mc_w.l(entry.o)
    0x08000188   0x00000004   Code   RO         2636    .ARM.Collect$$$$00000001  mc_w.l(entry2.o)
    0x0800018c   0x00000004   Code   RO         2639    .ARM.Collect$$$$00000004  mc_w.l(entry5.o)
    0x08000190   0x00000000   Code   RO         2641    .ARM.Collect$$$$00000008  mc_w.l(entry7b.o)
    0x08000190   0x00000000   Code   RO         2643    .ARM.Collect$$$$0000000A  mc_w.l(entry8b.o)
    0x08000190   0x00000008   Code   RO         2644    .ARM.Collect$$$$0000000B  mc_w.l(entry9a.o)
    0x08000198   0x00000000   Code   RO         2646    .ARM.Collect$$$$0000000D  mc_w.l(entry10a.o)
    0x08000198   0x00000000   Code   RO         2648    .ARM.Collect$$$$0000000F  mc_w.l(entry11a.o)
    0x08000198   0x00000004   Code   RO         2637    .ARM.Collect$$$$00002712  mc_w.l(entry2.o)
    0x0800019c   0x00000024   Code   RO            4    .text               startup_stm32f407xx.o
    0x080001c0   0x0000014e   Code   RO         2624    .text               mf_w.l(dadd.o)
    0x0800030e   0x000000e4   Code   RO         2626    .text               mf_w.l(dmul.o)
    0x080003f2   0x000000de   Code   RO         2628    .text               mf_w.l(ddiv.o)
    0x080004d0   0x00000022   Code   RO         2630    .text               mf_w.l(dflti.o)
    0x080004f2   0x0000001a   Code   RO         2632    .text               mf_w.l(dfltui.o)
    0x0800050c   0x00000032   Code   RO         2634    .text               mf_w.l(dfixui.o)
    0x0800053e   0x0000001e   Code   RO         2650    .text               mc_w.l(llshl.o)
    0x0800055c   0x00000020   Code   RO         2652    .text               mc_w.l(llushr.o)
    0x0800057c   0x00000024   Code   RO         2654    .text               mc_w.l(llsshr.o)
    0x080005a0   0x00000000   Code   RO         2656    .text               mc_w.l(iusefp.o)
    0x080005a0   0x000000ba   Code   RO         2657    .text               mf_w.l(depilogue.o)
    0x0800065a   0x00000002   PAD
    0x0800065c   0x00000024   Code   RO         2659    .text               mc_w.l(init.o)
    0x08000680   0x00000004   Code   RO         1950    i.BusFault_Handler  stm32f4xx_it.o
    0x08000684   0x00000010   Code   RO         1951    i.DMA2_Stream2_IRQHandler  stm32f4xx_it.o
    0x08000694   0x00000034   Code   RO         1428    i.DMA_CalcBaseAndBitshift  stm32f4xx_hal_dma.o
    0x080006c8   0x000000aa   Code   RO         1429    i.DMA_CheckFifoParam  stm32f4xx_hal_dma.o
    0x08000772   0x0000002c   Code   RO         1430    i.DMA_SetConfig     stm32f4xx_hal_dma.o
    0x0800079e   0x00000002   Code   RO         1952    i.DebugMon_Handler  stm32f4xx_it.o
    0x080007a0   0x0000000c   Code   RO         1953    i.EXTI9_5_IRQHandler  stm32f4xx_it.o
    0x080007ac   0x00000048   Code   RO         1584    i.FSMC_NORSRAM_Extended_Timing_Init  stm32f4xx_ll_fsmc.o
    0x080007f4   0x0000005c   Code   RO         1585    i.FSMC_NORSRAM_Init  stm32f4xx_ll_fsmc.o
    0x08000850   0x00000044   Code   RO         1586    i.FSMC_NORSRAM_Timing_Init  stm32f4xx_ll_fsmc.o
    0x08000894   0x0000005e   Code   RO         2526    i.FT6206_Read_Reg   touch.o
    0x080008f2   0x00000002   PAD
    0x080008f4   0x00000060   Code   RO         2527    i.FT6336_I2C_GPIO_Init  touch.o
    0x08000954   0x000000be   Code   RO         2380    i.Gui_Draw_Line     gui.o
    0x08000a12   0x00000002   PAD
    0x08000a14   0x0000001c   Code   RO         2382    i.Gui_Draw_aPixel   gui.o
    0x08000a30   0x00000028   Code   RO         1432    i.HAL_DMA_Abort_IT  stm32f4xx_hal_dma.o
    0x08000a58   0x00000248   Code   RO         1436    i.HAL_DMA_IRQHandler  stm32f4xx_hal_dma.o
    0x08000ca0   0x000000ec   Code   RO         1437    i.HAL_DMA_Init      stm32f4xx_hal_dma.o
    0x08000d8c   0x0000009e   Code   RO         1441    i.HAL_DMA_Start_IT  stm32f4xx_hal_dma.o
    0x08000e2a   0x00000002   PAD
    0x08000e2c   0x000000c8   Code   RO         2072    i.HAL_FSMC_MspInit  fsmc.o
    0x08000ef4   0x00000002   Code   RO         1245    i.HAL_GPIO_EXTI_Callback  stm32f4xx_hal_gpio.o
    0x08000ef6   0x00000002   PAD
    0x08000ef8   0x0000001c   Code   RO         1246    i.HAL_GPIO_EXTI_IRQHandler  stm32f4xx_hal_gpio.o
    0x08000f14   0x00000200   Code   RO         1247    i.HAL_GPIO_Init     stm32f4xx_hal_gpio.o
    0x08001114   0x00000010   Code   RO         1249    i.HAL_GPIO_ReadPin  stm32f4xx_hal_gpio.o
    0x08001124   0x0000000c   Code   RO         1251    i.HAL_GPIO_WritePin  stm32f4xx_hal_gpio.o
    0x08001130   0x0000000c   Code   RO          313    i.HAL_GetTick       stm32f4xx_hal.o
    0x0800113c   0x00000010   Code   RO          315    i.HAL_IncTick       stm32f4xx_hal.o
    0x0800114c   0x0000003c   Code   RO          316    i.HAL_Init          stm32f4xx_hal.o
    0x08001188   0x00000028   Code   RO          317    i.HAL_InitTick      stm32f4xx_hal.o
    0x080011b0   0x00000056   Code   RO         2219    i.HAL_MspInit       stm32f4xx_hal_msp.o
    0x08001206   0x0000001a   Code   RO         1091    i.HAL_NVIC_EnableIRQ  stm32f4xx_hal_cortex.o
    0x08001220   0x0000007c   Code   RO         1097    i.HAL_NVIC_SetPriority  stm32f4xx_hal_cortex.o
    0x0800129c   0x00000028   Code   RO         1098    i.HAL_NVIC_SetPriorityGrouping  stm32f4xx_hal_cortex.o
    0x080012c4   0x000001d0   Code   RO          141    i.HAL_RCC_ClockConfig  stm32f4xx_hal_rcc.o
    0x08001494   0x0000000c   Code   RO          146    i.HAL_RCC_GetHCLKFreq  stm32f4xx_hal_rcc.o
    0x080014a0   0x0000002c   Code   RO          148    i.HAL_RCC_GetPCLK1Freq  stm32f4xx_hal_rcc.o
    0x080014cc   0x0000002c   Code   RO          149    i.HAL_RCC_GetPCLK2Freq  stm32f4xx_hal_rcc.o
    0x080014f8   0x000000b4   Code   RO          150    i.HAL_RCC_GetSysClockFreq  stm32f4xx_hal_rcc.o
    0x080015ac   0x0000044c   Code   RO          153    i.HAL_RCC_OscConfig  stm32f4xx_hal_rcc.o
    0x080019f8   0x00000058   Code   RO         1706    i.HAL_SRAM_Init     stm32f4xx_hal_sram.o
    0x08001a50   0x0000000a   Code   RO         2074    i.HAL_SRAM_MspInit  fsmc.o
    0x08001a5a   0x00000028   Code   RO         1100    i.HAL_SYSTICK_CLKSourceConfig  stm32f4xx_hal_cortex.o
    0x08001a82   0x00000002   Code   RO         1101    i.HAL_SYSTICK_Callback  stm32f4xx_hal_cortex.o
    0x08001a84   0x00000034   Code   RO         1102    i.HAL_SYSTICK_Config  stm32f4xx_hal_cortex.o
    0x08001ab8   0x00000008   Code   RO         1103    i.HAL_SYSTICK_IRQHandler  stm32f4xx_hal_cortex.o
    0x08001ac0   0x00000002   Code   RO          510    i.HAL_UART_ErrorCallback  stm32f4xx_hal_uart.o
    0x08001ac2   0x00000002   PAD
    0x08001ac4   0x0000014c   Code   RO          513    i.HAL_UART_IRQHandler  stm32f4xx_hal_uart.o
    0x08001c10   0x00000072   Code   RO          514    i.HAL_UART_Init     stm32f4xx_hal_uart.o
    0x08001c82   0x00000002   PAD
    0x08001c84   0x000000bc   Code   RO         1880    i.HAL_UART_MspInit  usart.o
    0x08001d40   0x000000c4   Code   RO          518    i.HAL_UART_Receive_DMA  stm32f4xx_hal_uart.o
    0x08001e04   0x00000002   Code   RO         1881    i.HAL_UART_RxCpltCallback  usart.o
    0x08001e06   0x00000002   Code   RO          521    i.HAL_UART_RxHalfCpltCallback  stm32f4xx_hal_uart.o
    0x08001e08   0x00000058   Code   RO          524    i.HAL_UART_Transmit_IT  stm32f4xx_hal_uart.o
    0x08001e60   0x00000002   Code   RO         1882    i.HAL_UART_TxCpltCallback  usart.o
    0x08001e62   0x00000004   Code   RO         1954    i.HardFault_Handler  stm32f4xx_it.o
    0x08001e66   0x00000002   PAD
    0x08001e68   0x0000003c   Code   RO         2529    i.I2C1_Ack          touch.o
    0x08001ea4   0x0000000e   Code   RO         2530    i.I2C1_Delay_us     touch.o
    0x08001eb2   0x00000002   PAD
    0x08001eb4   0x0000003c   Code   RO         2531    i.I2C1_NoAck        touch.o
    0x08001ef0   0x00000064   Code   RO         2532    i.I2C1_Read_Byte    touch.o
    0x08001f54   0x00000074   Code   RO         2533    i.I2C1_Send_Byte    touch.o
    0x08001fc8   0x0000003c   Code   RO         2534    i.I2C1_Start        touch.o
    0x08002004   0x0000003c   Code   RO         2535    i.I2C1_Stop         touch.o
    0x08002040   0x00000060   Code   RO         2536    i.I2C1_WaitAck      touch.o
    0x080020a0   0x000000a0   Code   RO         2444    i.LCD_CTRL_GPIO_Init  lcd_drive.o
    0x08002140   0x00000380   Code   RO         2445    i.LCD_Initialize    lcd_drive.o
    0x080024c0   0x0000002c   Code   RO         2446    i.LCD_Rst           lcd_drive.o
    0x080024ec   0x000000d0   Code   RO         2383    i.LCD_ShowChar      gui.o
    0x080025bc   0x0000002a   Code   RO         2447    i.LCD_delay         lcd_drive.o
    0x080025e6   0x00000002   PAD
    0x080025e8   0x0000003c   Code   RO         2448    i.Lcd_Clear_All     lcd_drive.o
    0x08002624   0x00000084   Code   RO         2449    i.Lcd_Clear_Some_Area  lcd_drive.o
    0x080026a8   0x00000072   Code   RO         2450    i.Lcd_Set_Region    lcd_drive.o
    0x0800271a   0x00000032   Code   RO         2451    i.Lcd_Set_XY        lcd_drive.o
    0x0800274c   0x00000038   Code   RO         2195    i.MX_DMA_Init       dma.o
    0x08002784   0x00000088   Code   RO         2075    i.MX_FSMC_Init      fsmc.o
    0x0800280c   0x000001d4   Code   RO         2047    i.MX_GPIO_Init      gpio.o
    0x080029e0   0x00000024   Code   RO         2124    i.MX_NVIC_Init      main.o
    0x08002a04   0x0000004c   Code   RO         1883    i.MX_USART1_UART_Init  usart.o
    0x08002a50   0x00000004   Code   RO         1955    i.MemManage_Handler  stm32f4xx_it.o
    0x08002a54   0x00000002   Code   RO         1956    i.NMI_Handler       stm32f4xx_it.o
    0x08002a56   0x00000002   PAD
    0x08002a58   0x00000010   Code   RO         1104    i.NVIC_GetPriorityGrouping  stm32f4xx_hal_cortex.o
    0x08002a68   0x00000028   Code   RO         1105    i.NVIC_SetPriority  stm32f4xx_hal_cortex.o
    0x08002a90   0x00000002   Code   RO         1957    i.PendSV_Handler    stm32f4xx_it.o
    0x08002a92   0x00000002   PAD
    0x08002a94   0x00000190   Code   RO         2537    i.ReadCTP           touch.o
    0x08002c24   0x00000002   Code   RO         1958    i.SVC_Handler       stm32f4xx_it.o
    0x08002c26   0x0000000c   Code   RO         1959    i.SysTick_Handler   stm32f4xx_it.o
    0x08002c32   0x00000002   PAD
    0x08002c34   0x000000e0   Code   RO         2125    i.SystemClock_Config  main.o
    0x08002d14   0x00000064   Code   RO           14    i.SystemInit        system_stm32f4xx.o
    0x08002d78   0x00000014   Code   RO          527    i.UART_DMAAbortOnError  stm32f4xx_hal_uart.o
    0x08002d8c   0x00000050   Code   RO          528    i.UART_DMAError     stm32f4xx_hal_uart.o
    0x08002ddc   0x00000046   Code   RO          529    i.UART_DMAReceiveCplt  stm32f4xx_hal_uart.o
    0x08002e22   0x0000000e   Code   RO          531    i.UART_DMARxHalfCplt  stm32f4xx_hal_uart.o
    0x08002e30   0x00000020   Code   RO          537    i.UART_EndRxTransfer  stm32f4xx_hal_uart.o
    0x08002e50   0x00000020   Code   RO          538    i.UART_EndTransmit_IT  stm32f4xx_hal_uart.o
    0x08002e70   0x00000014   Code   RO          539    i.UART_EndTxTransfer  stm32f4xx_hal_uart.o
    0x08002e84   0x0000009a   Code   RO          540    i.UART_Receive_IT   stm32f4xx_hal_uart.o
    0x08002f1e   0x00000002   PAD
    0x08002f20   0x00000368   Code   RO          541    i.UART_SetConfig    stm32f4xx_hal_uart.o
    0x08003288   0x00000068   Code   RO          542    i.UART_Transmit_IT  stm32f4xx_hal_uart.o
    0x080032f0   0x00000010   Code   RO         1960    i.USART1_IRQHandler  stm32f4xx_it.o
    0x08003300   0x00000004   Code   RO         1961    i.UsageFault_Handler  stm32f4xx_it.o
    0x08003304   0x00000008   Code   RO         2452    i.WriteComm         lcd_drive.o
    0x0800330c   0x0000000c   Code   RO         2453    i.WriteData         lcd_drive.o
    0x08003318   0x00000004   Code   RO         2126    i._Error_Handler    main.o
    0x0800331c   0x0000000e   Code   RO         2663    i.__scatterload_copy  mc_w.l(handlers.o)
    0x0800332a   0x00000002   Code   RO         2664    i.__scatterload_null  mc_w.l(handlers.o)
    0x0800332c   0x0000000e   Code   RO         2665    i.__scatterload_zeroinit  mc_w.l(handlers.o)
    0x0800333a   0x00000002   PAD
    0x0800333c   0x00000398   Code   RO         2281    i.appswitch         app.o
    0x080036d4   0x00000014   Code   RO         2243    i.delay_init        delay.o
    0x080036e8   0x00000018   Code   RO         2244    i.delay_ms          delay.o
    0x08003700   0x00000048   Code   RO         2245    i.delay_us          delay.o
    0x08003748   0x000000ee   Code   RO         2318    i.graphpage         page.o
    0x08003836   0x00000024   Code   RO         2319    i.leftarrow         page.o
    0x0800385a   0x00000002   PAD
    0x0800385c   0x00000070   Code   RO         2127    i.main              main.o
    0x080038cc   0x000001b0   Code   RO         2320    i.mainpage          page.o
    0x08003a7c   0x00000026   Code   RO         2282    i.pageswitch        app.o
    0x08003aa2   0x00000002   PAD
    0x08003aa4   0x00000084   Code   RO         2321    i.reportpage        page.o
    0x08003b28   0x00000024   Code   RO         2322    i.rightarrow        page.o
    0x08003b4c   0x00000480   Code   RO         2323    i.showaxis          page.o
    0x08003fcc   0x00000134   Code   RO         2324    i.showgraph         page.o
    0x08004100   0x000000cc   Code   RO         2384    i.showhz            gui.o
    0x080041cc   0x00000024   Code   RO         2283    i.touchwait         app.o
    0x080041f0   0x00000018   Data   RO           15    .constdata          system_stm32f4xx.o
    0x08004208   0x00000008   Data   RO         1443    .constdata          stm32f4xx_hal_dma.o
    0x08004210   0x0000d3a0   Data   RO         2385    .constdata          gui.o
    0x080115b0   0x00000020   Data   RO         2661    Region$$Table       anon$$obj.o


    Execution Region RW_IRAM1 (Base: 0x20000000, Size: 0x00004288, Max: 0x00020000, ABSOLUTE)

    Base Addr    Size         Type   Attr      Idx    E Section Name        Object

    0x20000000   0x00000004   Data   RW           16    .data               system_stm32f4xx.o
    0x20000004   0x00000004   Data   RW          322    .data               stm32f4xx_hal.o
    0x20000008   0x00000008   Data   RW         2077    .data               fsmc.o
    0x20000010   0x00000007   Data   RW         2129    .data               main.o
    0x20000017   0x00000001   PAD
    0x20000018   0x00000004   Data   RW         2246    .data               delay.o
    0x2000001c   0x000000a0   Zero   RW         1885    .bss                usart.o
    0x200000bc   0x00000050   Zero   RW         2076    .bss                fsmc.o
    0x2000010c   0x00000170   Zero   RW         2128    .bss                main.o
    0x2000027c   0x0000000c   Zero   RW         2538    .bss                touch.o
    0x20000288   0x00004000   Zero   RW            1    STACK               startup_stm32f407xx.o


==============================================================================

Image component sizes


      Code (inc. data)   RO Data    RW Data    ZI Data      Debug   Object Name

       994         22          0          0          0       2640   app.o
       116          8          0          4          0       1955   delay.o
        56          4          0          0          0        766   dma.o
       346         42          0          8         80       2363   fsmc.o
       468         24          0          0          0       1243   gpio.o
       630         40      54176          0          0       4178   gui.o
      1518         40          0          0          0       7130   lcd_drive.o
       376         40          0          7        368       4748   main.o
      2334         62          0          0          0       4280   page.o
        36          8        392          0      16384        840   startup_stm32f407xx.o
       128         20          0          4          0       3883   stm32f4xx_hal.o
       348         22          0          0          0      32685   stm32f4xx_hal_cortex.o
      1284         20          8          0          0       6198   stm32f4xx_hal_dma.o
       570         50          0          0          0       4223   stm32f4xx_hal_gpio.o
        86          0          0          0          0        522   stm32f4xx_hal_msp.o
      1844         80          0          0          0       5516   stm32f4xx_hal_rcc.o
        88          0          0          0          0       1192   stm32f4xx_hal_sram.o
      2132         28          0          0          0      11411   stm32f4xx_hal_uart.o
        80         12          0          0          0       5729   stm32f4xx_it.o
       232         10          0          0          0       2731   stm32f4xx_ll_fsmc.o
       100         18         24          4          0     662587   system_stm32f4xx.o
      1156         44          0          0         12       7241   touch.o
       268         64          0          0        160       3035   usart.o

    ----------------------------------------------------------------------
     15220        658      54632         28      17004     777096   Object Totals
         0          0         32          0          0          0   (incl. Generated)
        30          0          0          1          0          0   (incl. Padding)

    ----------------------------------------------------------------------

      Code (inc. data)   RO Data    RW Data    ZI Data      Debug   Library Member Name

         0          0          0          0          0          0   entry.o
         0          0          0          0          0          0   entry10a.o
         0          0          0          0          0          0   entry11a.o
         8          4          0          0          0          0   entry2.o
         4          0          0          0          0          0   entry5.o
         0          0          0          0          0          0   entry7b.o
         0          0          0          0          0          0   entry8b.o
         8          4          0          0          0          0   entry9a.o
        30          0          0          0          0          0   handlers.o
        36          8          0          0          0         68   init.o
         0          0          0          0          0          0   iusefp.o
        30          0          0          0          0         68   llshl.o
        36          0          0          0          0         68   llsshr.o
        32          0          0          0          0         68   llushr.o
       334          0          0          0          0        148   dadd.o
       222          0          0          0          0        100   ddiv.o
       186          0          0          0          0        176   depilogue.o
        50          0          0          0          0         76   dfixui.o
        34          0          0          0          0         76   dflti.o
        26          0          0          0          0         76   dfltui.o
       228          0          0          0          0         96   dmul.o

    ----------------------------------------------------------------------
      1268         16          0          0          0       1020   Library Totals
         4          0          0          0          0          0   (incl. Padding)

    ----------------------------------------------------------------------

      Code (inc. data)   RO Data    RW Data    ZI Data      Debug   Library Name

       184         16          0          0          0        272   mc_w.l
      1080          0          0          0          0        748   mf_w.l

    ----------------------------------------------------------------------
      1268         16          0          0          0       1020   Library Totals

    ----------------------------------------------------------------------

==============================================================================


      Code (inc. data)   RO Data    RW Data    ZI Data      Debug   

     16488        674      54632         28      17004     766852   Grand Totals
     16488        674      54632         28      17004     766852   ELF Image Totals
     16488        674      54632         28          0          0   ROM Totals

==============================================================================

    Total RO  Size (Code + RO Data)                71120 (  69.45kB)
    Total RW  Size (RW Data + ZI Data)             17032 (  16.63kB)
    Total ROM Size (Code + RO Data + RW Data)      71148 (  69.48kB)

==============================================================================

