<html>
<body>
<pre>
<h1>礦ision Build Log</h1>
<h2>Tool Versions:</h2>
IDE-Version: μVision V5.14.0.0
Copyright (C) 2015 ARM Ltd and ARM Germany GmbH. All rights reserved.
License Information: 111111 yao, 111, LIC=MGXGK-ZRUCT-YD7K5-GG6IN-Q46U8-QRSF3
 
Tool Versions:
Toolchain:       MDK-ARM Professional  Version: 5.14.0.0
Toolchain Path:  C:\Keil_v5\ARM\ARMCC\Bin
C Compiler:      Armcc.exe V5.05 update 1 (build 106)
Assembler:       Armasm.exe V5.05 update 1 (build 106)
Linker/Locator:  ArmLink.exe V5.05 update 1 (build 106)
Library Manager: ArmAr.exe V5.05 update 1 (build 106)
Hex Converter:   FromElf.exe V5.05 update 1 (build 106)
CPU DLL:         SARMCM3.DLL V5.14.0.0
Dialog DLL:      DCM.DLL V1.13.1.0
Target DLL:      Segger\JL2CM3.dll V2.99.13.0
Dialog DLL:      TCM.DLL V1.14.4.0
 
<h2>Project:</h2>
E:\研究生期间\材料学院\Spectrum_Display\MDK-ARM\test.uvprojx
Project File Date:  11/06/2018

<h2>Output:</h2>
Rebuild target 'test'
assembling startup_stm32f407xx.s...
compiling system_stm32f4xx.c...
compiling stm32f4xx_hal_rcc.c...
compiling stm32f4xx_hal_pwr_ex.c...
compiling stm32f4xx_hal.c...
compiling stm32f4xx_hal_tim.c...
compiling stm32f4xx_hal_tim_ex.c...
compiling stm32f4xx_hal_uart.c...
compiling stm32f4xx_hal_dma_ex.c...
compiling stm32f4xx_hal_flash_ex.c...
compiling stm32f4xx_hal_pwr.c...
compiling stm32f4xx_hal_cortex.c...
compiling stm32f4xx_hal_flash_ramfunc.c...
compiling stm32f4xx_hal_gpio.c...
compiling stm32f4xx_hal_flash.c...
compiling stm32f4xx_hal_dma.c...
compiling stm32f4xx_hal_rcc_ex.c...
compiling stm32f4xx_ll_fsmc.c...
compiling stm32f4xx_hal_sram.c...
compiling common.c...
compiling usart.c...
compiling stm32f4xx_it.c...
compiling gpio.c...
compiling fsmc.c...
compiling main.c...
..\app\typeselfdef.h(12): warning:  #1-D: last line of file ends without a newline
  #endif
..\page\page.h(16): warning:  #1295-D: Deprecated declaration mainpage - give arg types
  void mainpage();
..\page\page.h(17): warning:  #1295-D: Deprecated declaration graphpage - give arg types
  void graphpage();
..\page\page.h(18): warning:  #1295-D: Deprecated declaration reportpage - give arg types
  void reportpage();
..\page\page.h(34): warning:  #1-D: last line of file ends without a newline
  #endif  /* _PAGE_H_ */
..\app\displaywindows.h(22): warning:  #1-D: last line of file ends without a newline
  #endif /* _DISPLAYWINDOWS_H_ */
..\app\app.h(34): warning:  #1295-D: Deprecated declaration touchwait - give arg types
  void touchwait();
..\app\app.h(47): warning:  #1-D: last line of file ends without a newline
  #endif
../Src/main.c: 8 warnings, 0 errors
compiling dma.c...
compiling stm32f4xx_hal_msp.c...
compiling delay.c...
compiling app.c...
..\app\displaywindows.h(22): warning:  #1-D: last line of file ends without a newline
  #endif /* _DISPLAYWINDOWS_H_ */
..\app\app.h(34): warning:  #1295-D: Deprecated declaration touchwait - give arg types
  void touchwait();
..\app\app.h(47): warning:  #1-D: last line of file ends without a newline
  #endif
..\app\typeselfdef.h(12): warning:  #1-D: last line of file ends without a newline
  #endif
..\page\page.h(16): warning:  #1295-D: Deprecated declaration mainpage - give arg types
  void mainpage();
..\page\page.h(17): warning:  #1295-D: Deprecated declaration graphpage - give arg types
  void graphpage();
..\page\page.h(18): warning:  #1295-D: Deprecated declaration reportpage - give arg types
  void reportpage();
..\page\page.h(34): warning:  #1-D: last line of file ends without a newline
  #endif  /* _PAGE_H_ */
..\app\app.c(241): warning:  #1-D: last line of file ends without a newline
  }
..\app\app.c: 9 warnings, 0 errors
compiling page.c...
..\app\typeselfdef.h(12): warning:  #1-D: last line of file ends without a newline
  #endif
..\page\page.h(16): warning:  #1295-D: Deprecated declaration mainpage - give arg types
  void mainpage();
..\page\page.h(17): warning:  #1295-D: Deprecated declaration graphpage - give arg types
  void graphpage();
..\page\page.h(18): warning:  #1295-D: Deprecated declaration reportpage - give arg types
  void reportpage();
..\page\page.h(34): warning:  #1-D: last line of file ends without a newline
  #endif  /* _PAGE_H_ */
..\app\array.h(118): warning:  #1-D: last line of file ends without a newline
  #endif /* _ARRAY_H_ */
..\app\displaywindows.h(22): warning:  #1-D: last line of file ends without a newline
  #endif /* _DISPLAYWINDOWS_H_ */
..\app\app.h(34): warning:  #1295-D: Deprecated declaration touchwait - give arg types
  void touchwait();
..\app\app.h(47): warning:  #1-D: last line of file ends without a newline
  #endif
..\page\page.c: 9 warnings, 0 errors
compiling displaywindows.c...
..\app\displaywindows.h(22): warning:  #1-D: last line of file ends without a newline
  #endif /* _DISPLAYWINDOWS_H_ */
..\app\displaywindows.c(22): warning:  #1-D: last line of file ends without a newline
  }
..\app\displaywindows.c: 2 warnings, 0 errors
compiling showpicture.c...
compiling GUI.c...
..\hardware\lcd_drive\font.h(298): warning:  #1-D: last line of file ends without a newline
  #endif
..\hardware\GUI\GUI.c(201): warning:  #1-D: last line of file ends without a newline
  }
..\hardware\GUI\GUI.c: 2 warnings, 0 errors
compiling lcd_drive.c...
compiling touch.c...
linking...
Program Size: Code=14996 RO-data=138252 RW-data=4220 ZI-data=18964  
FromELF: creating hex file...
"test\test.axf" - 0 Error(s), 30 Warning(s).

<h2>Software Packages used:</h2>

Package Vendor: ARM
                http://www.keil.com/pack/ARM.CMSIS.4.2.0.pack
                ARM::CMSIS:CORE:3.40.0
                CMSIS (Cortex Microcontroller Software Interface Standard)
   * Component: CORE Version: 3.40.0

<h2>Collection of Component include folders:</h2>
  E:\研究生期间\材料学院\Spectrum_Display\MDK-ARM\RTE
  C:\Keil_v5\ARM\PACK\ARM\CMSIS\4.2.0\CMSIS\Include
  C:\Keil_v5\ARM\PACK\Keil\STM32F4xx_DFP\1.0.8\Device\Include

<h2>Collection of Component Files used:</h2>

   * Component: ARM::CMSIS:CORE:3.40.0
      Source file:   CMSIS\UserCodeTemplates\ARM\ITM_Retarget.c
</pre>
</body>
</html>
