###############################################################################
#
# IAR ELF Linker V8.30.1.114/W32 for ARM                  01/Nov/2018  16:20:24
# Copyright 2007-2018 IAR Systems AB.
#
#    Output file  =  
#        E:\研究生期间\材料学院\Spectrum_Display\IAR\Debug\Exe\Spectrum_Display.out
#    Map file     =  
#        E:\研究生期间\材料学院\Spectrum_Display\IAR\Debug\List\Spectrum_Display.map
#    Command line =  
#        -f C:\Users\yao\AppData\Local\Temp\EWA062.tmp
#        (E:\研究生期间\材料学院\Spectrum_Display\IAR\Debug\Obj\app.o
#        E:\研究生期间\材料学院\Spectrum_Display\IAR\Debug\Obj\common.o
#        E:\研究生期间\材料学院\Spectrum_Display\IAR\Debug\Obj\delay.o
#        E:\研究生期间\材料学院\Spectrum_Display\IAR\Debug\Obj\dma.o
#        E:\研究生期间\材料学院\Spectrum_Display\IAR\Debug\Obj\fsmc.o
#        E:\研究生期间\材料学院\Spectrum_Display\IAR\Debug\Obj\gpio.o
#        E:\研究生期间\材料学院\Spectrum_Display\IAR\Debug\Obj\GUI.o
#        E:\研究生期间\材料学院\Spectrum_Display\IAR\Debug\Obj\lcd_drive.o
#        E:\研究生期间\材料学院\Spectrum_Display\IAR\Debug\Obj\main.o
#        E:\研究生期间\材料学院\Spectrum_Display\IAR\Debug\Obj\page.o
#        E:\研究生期间\材料学院\Spectrum_Display\IAR\Debug\Obj\startup_stm32f407xx.o
#        E:\研究生期间\材料学院\Spectrum_Display\IAR\Debug\Obj\stm32f4xx_hal.o
#        E:\研究生期间\材料学院\Spectrum_Display\IAR\Debug\Obj\stm32f4xx_hal_cortex.o
#        E:\研究生期间\材料学院\Spectrum_Display\IAR\Debug\Obj\stm32f4xx_hal_dma.o
#        E:\研究生期间\材料学院\Spectrum_Display\IAR\Debug\Obj\stm32f4xx_hal_dma2d.o
#        E:\研究生期间\材料学院\Spectrum_Display\IAR\Debug\Obj\stm32f4xx_hal_dma_ex.o
#        E:\研究生期间\材料学院\Spectrum_Display\IAR\Debug\Obj\stm32f4xx_hal_gpio.o
#        E:\研究生期间\材料学院\Spectrum_Display\IAR\Debug\Obj\stm32f4xx_hal_i2c.o
#        E:\研究生期间\材料学院\Spectrum_Display\IAR\Debug\Obj\stm32f4xx_hal_msp.o
#        E:\研究生期间\材料学院\Spectrum_Display\IAR\Debug\Obj\stm32f4xx_hal_pwr_ex.o
#        E:\研究生期间\材料学院\Spectrum_Display\IAR\Debug\Obj\stm32f4xx_hal_rcc.o
#        E:\研究生期间\材料学院\Spectrum_Display\IAR\Debug\Obj\stm32f4xx_hal_rcc_ex.o
#        E:\研究生期间\材料学院\Spectrum_Display\IAR\Debug\Obj\stm32f4xx_hal_rtc.o
#        E:\研究生期间\材料学院\Spectrum_Display\IAR\Debug\Obj\stm32f4xx_hal_rtc_ex.o
#        E:\研究生期间\材料学院\Spectrum_Display\IAR\Debug\Obj\stm32f4xx_hal_sram.o
#        E:\研究生期间\材料学院\Spectrum_Display\IAR\Debug\Obj\stm32f4xx_hal_tim_ex.o
#        E:\研究生期间\材料学院\Spectrum_Display\IAR\Debug\Obj\stm32f4xx_hal_uart.o
#        E:\研究生期间\材料学院\Spectrum_Display\IAR\Debug\Obj\stm32f4xx_hal_usart.o
#        E:\研究生期间\材料学院\Spectrum_Display\IAR\Debug\Obj\stm32f4xx_ll_fsmc.o
#        E:\研究生期间\材料学院\Spectrum_Display\IAR\Debug\Obj\stm32f4xx_ll_rcc.o
#        E:\研究生期间\材料学院\Spectrum_Display\IAR\Debug\Obj\system_stm32f4xx.o
#        E:\研究生期间\材料学院\Spectrum_Display\IAR\Debug\Obj\touch.o
#        E:\研究生期间\材料学院\Spectrum_Display\IAR\Debug\Obj\usart.o
#        --redirect _Printf=_PrintfSmallNoMb --redirect _Scanf=_ScanfSmallNoMb
#        --no_out_extension -o
#        E:\研究生期间\材料学院\Spectrum_Display\IAR\Debug\Exe\Spectrum_Display.out
#        --map
#        E:\研究生期间\材料学院\Spectrum_Display\IAR\Debug\List\Spectrum_Display.map
#        --config D:\arm\config\linker\ST\stm32f407xE.icf --semihosting --entry
#        __iar_program_start --vfe --text_out locale)
#
###############################################################################

*******************************************************************************
*** RUNTIME MODEL ATTRIBUTES
***

CppFlavor       = *
__SystemLibrary = DLib
__dlib_version  = 6


*******************************************************************************
*** HEAP SELECTION
***

The basic heap was selected because no calls to memory allocation
functions were found in the application outside of system library
functions, and there are calls to deallocation functions in the
application.


*******************************************************************************
*** PLACEMENT SUMMARY
***

"A0":  place at 0x800'0000 { ro section .intvec };
"P1":  place in [from 0x800'0000 to 0x807'ffff] { ro };
define block CSTACK with size = 8K, alignment = 8 { };
"P3":  place in [from 0x1000'0000 to 0x1000'ffff] {
          block CSTACK, section .ccram };
define block HEAP with size = 8K, alignment = 8 { };
"P4":  place in [from 0x2000'0000 to 0x2001'bfff] |
                [from 0x2001'c000 to 0x2001'ffff] { rw, block HEAP };
initialize by copy { rw };

No sections matched the following patterns:

  ro section application_specific_ro  in "P2"
  section .backup_sram                in "P5"
  section .ccram                      in "P3"


  Section            Kind         Address     Size  Object
  -------            ----         -------     ----  ------
"A0":                                        0x188
  .intvec            ro code   0x800'0000    0x188  startup_stm32f407xx.o [1]
                             - 0x800'0188    0x188

"P1":                                      0x11120
  .rodata            const     0x800'0188   0x5f00  GUI.o [1]
  .rodata            const     0x800'6088   0x2ee0  GUI.o [1]
  .rodata            const     0x800'8f68   0x2e00  GUI.o [1]
  .rodata            const     0x800'bd68   0x17c0  GUI.o [1]
  .text              ro code   0x800'd528    0x938  page.o [1]
  .text              ro code   0x800'de60     0x22  S32ToDbl.o [3]
  .text              ro code   0x800'de82     0x3a  zero_init3.o [4]
  .text              ro code   0x800'debc    0x1a2  DblMul.o [3]
  .text              ro code   0x800'e060    0x246  DblDiv.o [3]
  .text              ro code   0x800'e2a8     0xe2  DblSub.o [3]
  .text              ro code   0x800'e38c     0x3a  DblToS32.o [3]
  .text              ro code   0x800'e3c8     0x1a  U32ToDbl.o [3]
  .text              ro code   0x800'e3e4    0x17a  DblAdd.o [3]
  .text              ro code   0x800'e560    0x2c8  GUI.o [1]
  .text              ro code   0x800'e828    0x608  lcd_drive.o [1]
  .text              ro code   0x800'ee30     0x70  delay.o [1]
  .text              ro code   0x800'eea0    0x23c  stm32f4xx_hal_gpio.o [1]
  .text              ro code   0x800'f0dc    0x140  stm32f4xx_hal_cortex.o [1]
  .text              ro code   0x800'f21c    0x56c  stm32f4xx_hal_uart.o [1]
  .text              ro code   0x800'f788     0xe8  usart.o [1]
  .text              ro code   0x800'f870    0x250  stm32f4xx_hal_dma.o [1]
  .text              ro code   0x800'fac0      0x2  stm32f4xx_hal_uart.o [1]
  .text              ro code   0x800'fac2      0x2  stm32f4xx_hal_uart.o [1]
  .text              ro code   0x800'fac4    0x27c  stm32f4xx_hal_rcc.o [1]
  .text              ro code   0x800'fd40    0x15e  main.o [1]
  .text              ro code   0x800'fea0      0xc  stm32f4xx_hal.o [1]
  .text              ro code   0x800'feac     0x28  stm32f4xx_hal.o [1]
  .text              ro code   0x800'fed4     0x34  stm32f4xx_hal.o [1]
  .text              ro code   0x800'ff08    0x19c  gpio.o [1]
  .text              ro code   0x801'00a4     0x30  dma.o [1]
  .text              ro code   0x801'00d4    0x13c  fsmc.o [1]
  .text              ro code   0x801'0210    0x488  touch.o [1]
  .text              ro code   0x801'0698    0x354  app.o [1]
  .text              ro code   0x801'09ec    0x374  stm32f4xx_hal_rcc.o [1]
  .text              ro code   0x801'0d60     0x5e  stm32f4xx_hal_msp.o [1]
  .text              ro code   0x801'0dc0     0x5c  stm32f4xx_hal_sram.o [1]
  .text              ro code   0x801'0e1c     0xe4  stm32f4xx_ll_fsmc.o [1]
  .text              ro code   0x801'0f00     0x60  system_stm32f4xx.o [1]
  .rodata            const     0x801'0f60     0x40  usart.o [1]
  .rodata            const     0x801'0fa0     0x3c  fsmc.o [1]
  .rodata            const     0x801'0fdc     0x3c  main.o [1]
  .text              ro code   0x801'1018     0x2c  copy_init3.o [4]
  .text              ro code   0x801'1044     0x28  data_init.o [4]
  .text              ro code   0x801'106c     0x22  fpinit_M.o [3]
  .iar.init_table    const     0x801'1090     0x24  - Linker created -
  .text              ro code   0x801'10b4     0x1e  cmain.o [4]
  .text              ro code   0x801'10d2      0x4  low_level_init.o [2]
  .text              ro code   0x801'10d6      0x4  exit.o [2]
  .text              ro code   0x801'10dc      0xa  cexit.o [4]
  .text              ro code   0x801'10e8     0x14  exit.o [5]
  .rodata            const     0x801'10fc     0x10  system_stm32f4xx.o [1]
  .text              ro code   0x801'110c     0x10  startup_stm32f407xx.o [1]
  .text              ro code   0x801'111c      0xc  cstartup_M.o [4]
  .rodata            const     0x801'1128      0x8  stm32f4xx_hal_dma.o [1]
  .rodata            const     0x801'1130      0x8  system_stm32f4xx.o [1]
  .text              ro code   0x801'1138      0x4  startup_stm32f407xx.o [1]
  .text              ro code   0x801'113c      0x4  startup_stm32f407xx.o [1]
  .text              ro code   0x801'1140      0x4  startup_stm32f407xx.o [1]
  .text              ro code   0x801'1144      0x4  startup_stm32f407xx.o [1]
  .text              ro code   0x801'1148      0x4  startup_stm32f407xx.o [1]
  .text              ro code   0x801'114c      0x4  startup_stm32f407xx.o [1]
  .text              ro code   0x801'1150      0x4  startup_stm32f407xx.o [1]
  .text              ro code   0x801'1154      0x4  startup_stm32f407xx.o [1]
  .text              ro code   0x801'1158      0x4  startup_stm32f407xx.o [1]
  .text              ro code   0x801'115c      0x4  startup_stm32f407xx.o [1]
  .text              ro code   0x801'1160      0x4  startup_stm32f407xx.o [1]
  .text              ro code   0x801'1164      0x4  startup_stm32f407xx.o [1]
  .text              ro code   0x801'1168      0x4  startup_stm32f407xx.o [1]
  .text              ro code   0x801'116c      0x4  startup_stm32f407xx.o [1]
  .text              ro code   0x801'1170      0x4  startup_stm32f407xx.o [1]
  .text              ro code   0x801'1174      0x4  startup_stm32f407xx.o [1]
  .text              ro code   0x801'1178      0x4  startup_stm32f407xx.o [1]
  .text              ro code   0x801'117c      0x4  startup_stm32f407xx.o [1]
  .text              ro code   0x801'1180      0x4  startup_stm32f407xx.o [1]
  .text              ro code   0x801'1184      0x4  startup_stm32f407xx.o [1]
  .text              ro code   0x801'1188      0x4  startup_stm32f407xx.o [1]
  .text              ro code   0x801'118c      0x4  startup_stm32f407xx.o [1]
  .text              ro code   0x801'1190      0x4  startup_stm32f407xx.o [1]
  .text              ro code   0x801'1194      0x4  startup_stm32f407xx.o [1]
  .text              ro code   0x801'1198      0x4  startup_stm32f407xx.o [1]
  .text              ro code   0x801'119c      0x4  startup_stm32f407xx.o [1]
  .text              ro code   0x801'11a0      0x4  startup_stm32f407xx.o [1]
  .text              ro code   0x801'11a4      0x4  startup_stm32f407xx.o [1]
  .text              ro code   0x801'11a8      0x4  startup_stm32f407xx.o [1]
  .text              ro code   0x801'11ac      0x4  startup_stm32f407xx.o [1]
  .text              ro code   0x801'11b0      0x4  startup_stm32f407xx.o [1]
  .text              ro code   0x801'11b4      0x4  startup_stm32f407xx.o [1]
  .text              ro code   0x801'11b8      0x4  startup_stm32f407xx.o [1]
  .text              ro code   0x801'11bc      0x4  startup_stm32f407xx.o [1]
  .text              ro code   0x801'11c0      0x4  startup_stm32f407xx.o [1]
  .text              ro code   0x801'11c4      0x4  startup_stm32f407xx.o [1]
  .text              ro code   0x801'11c8      0x4  startup_stm32f407xx.o [1]
  .text              ro code   0x801'11cc      0x4  startup_stm32f407xx.o [1]
  .text              ro code   0x801'11d0      0x4  startup_stm32f407xx.o [1]
  .text              ro code   0x801'11d4      0x4  startup_stm32f407xx.o [1]
  .text              ro code   0x801'11d8      0x4  startup_stm32f407xx.o [1]
  .text              ro code   0x801'11dc      0x4  startup_stm32f407xx.o [1]
  .text              ro code   0x801'11e0      0x4  startup_stm32f407xx.o [1]
  .text              ro code   0x801'11e4      0x4  startup_stm32f407xx.o [1]
  .text              ro code   0x801'11e8      0x4  startup_stm32f407xx.o [1]
  .text              ro code   0x801'11ec      0x4  startup_stm32f407xx.o [1]
  .text              ro code   0x801'11f0      0x4  startup_stm32f407xx.o [1]
  .text              ro code   0x801'11f4      0x4  startup_stm32f407xx.o [1]
  .text              ro code   0x801'11f8      0x4  startup_stm32f407xx.o [1]
  .text              ro code   0x801'11fc      0x4  startup_stm32f407xx.o [1]
  .text              ro code   0x801'1200      0x4  startup_stm32f407xx.o [1]
  .text              ro code   0x801'1204      0x4  startup_stm32f407xx.o [1]
  .text              ro code   0x801'1208      0x4  startup_stm32f407xx.o [1]
  .text              ro code   0x801'120c      0x4  startup_stm32f407xx.o [1]
  .text              ro code   0x801'1210      0x4  startup_stm32f407xx.o [1]
  .text              ro code   0x801'1214      0x4  startup_stm32f407xx.o [1]
  .text              ro code   0x801'1218      0x4  startup_stm32f407xx.o [1]
  .text              ro code   0x801'121c      0x4  startup_stm32f407xx.o [1]
  .text              ro code   0x801'1220      0x4  startup_stm32f407xx.o [1]
  .text              ro code   0x801'1224      0x4  startup_stm32f407xx.o [1]
  .text              ro code   0x801'1228      0x4  startup_stm32f407xx.o [1]
  .text              ro code   0x801'122c      0x4  startup_stm32f407xx.o [1]
  .text              ro code   0x801'1230      0x4  startup_stm32f407xx.o [1]
  .text              ro code   0x801'1234      0x4  startup_stm32f407xx.o [1]
  .text              ro code   0x801'1238      0x4  startup_stm32f407xx.o [1]
  .text              ro code   0x801'123c      0x4  startup_stm32f407xx.o [1]
  .text              ro code   0x801'1240      0x4  startup_stm32f407xx.o [1]
  .text              ro code   0x801'1244      0x4  startup_stm32f407xx.o [1]
  .text              ro code   0x801'1248      0x4  startup_stm32f407xx.o [1]
  .text              ro code   0x801'124c      0x4  startup_stm32f407xx.o [1]
  .text              ro code   0x801'1250      0x4  startup_stm32f407xx.o [1]
  .text              ro code   0x801'1254      0x4  startup_stm32f407xx.o [1]
  .text              ro code   0x801'1258      0x4  startup_stm32f407xx.o [1]
  .text              ro code   0x801'125c      0x4  startup_stm32f407xx.o [1]
  .text              ro code   0x801'1260      0x4  startup_stm32f407xx.o [1]
  .text              ro code   0x801'1264      0x4  startup_stm32f407xx.o [1]
  .text              ro code   0x801'1268      0x4  startup_stm32f407xx.o [1]
  .text              ro code   0x801'126c      0x4  startup_stm32f407xx.o [1]
  .text              ro code   0x801'1270      0x4  startup_stm32f407xx.o [1]
  .text              ro code   0x801'1274      0x4  startup_stm32f407xx.o [1]
  .text              ro code   0x801'1278      0x4  startup_stm32f407xx.o [1]
  .text              ro code   0x801'127c      0x4  startup_stm32f407xx.o [1]
  .text              ro code   0x801'1280      0x4  startup_stm32f407xx.o [1]
  .text              ro code   0x801'1284      0x4  startup_stm32f407xx.o [1]
  .text              ro code   0x801'1288      0x4  startup_stm32f407xx.o [1]
  .text              ro code   0x801'128c      0x4  startup_stm32f407xx.o [1]
  .text              ro code   0x801'1290      0x4  startup_stm32f407xx.o [1]
  .text              ro code   0x801'1294      0x4  startup_stm32f407xx.o [1]
  .text              ro code   0x801'1298      0x4  startup_stm32f407xx.o [1]
  .text              ro code   0x801'129c      0x4  startup_stm32f407xx.o [1]
  .rodata            const     0x801'12a0      0x0  zero_init3.o [4]
  .rodata            const     0x801'12a0      0x0  copy_init3.o [4]
  Initializer bytes  const     0x801'12a0      0x8  <for P4 s0>
                             - 0x801'12a8  0x11120

"P3":                                       0x2000
  CSTACK                      0x1000'0000   0x2000  <Block>
    CSTACK           uninit   0x1000'0000   0x2000  <Block tail>
                            - 0x1000'2000   0x2000

"P4", part 1 of 2:                             0x8
  P4 s0                       0x2000'0000      0x8  <Init block>
    .data            inited   0x2000'0000      0x4  system_stm32f4xx.o [1]
    .data            inited   0x2000'0004      0x2  main.o [1]
    .data            inited   0x2000'0006      0x1  main.o [1]
                            - 0x2000'0008      0x8

"P4", part 2 of 2:                           0x218
  .bss               zero     0x2000'0008    0x100  main.o [1]
  .bss               zero     0x2000'0108     0x60  usart.o [1]
  .bss               zero     0x2000'0168     0x50  fsmc.o [1]
  .bss               zero     0x2000'01b8     0x40  usart.o [1]
  .bss               zero     0x2000'01f8      0xc  main.o [1]
  .bss               zero     0x2000'0204      0xc  touch.o [1]
  .bss               zero     0x2000'0210      0x4  delay.o [1]
  .bss               zero     0x2000'0214      0x4  fsmc.o [1]
  .bss               zero     0x2000'0218      0x4  stm32f4xx_hal.o [1]
  .bss               zero     0x2000'021c      0x2  main.o [1]
                            - 0x2000'021e    0x216

Unused ranges:

         From           To      Size
         ----           --      ----
   0x801'12a8   0x807'ffff  0x6'ed58
  0x1000'2000  0x1000'ffff    0xe000
  0x2000'0220  0x2001'bfff  0x1'bde0
  0x2001'c000  0x2001'ffff    0x4000


*******************************************************************************
*** INIT TABLE
***

          Address      Size
          -------      ----
Zero (__iar_zero_init3)
    1 destination range, total size 0x216:
          0x2000'0008  0x216

Copy (__iar_copy_init3)
    1 source range, total size 0x8 (114% of destination):
           0x801'12a0    0x8
    1 destination range, total size 0x7:
          0x2000'0000    0x7



*******************************************************************************
*** MODULE SUMMARY
***

    Module                  ro code  ro data  rw data
    ------                  -------  -------  -------
command line/config:
    -------------------------------------------------
    Total:

E:\研究生期间\材料学院\Spectrum_Display\IAR\Debug\Obj: [1]
    GUI.o                       712   54 176
    app.o                       852
    delay.o                     112                 4
    dma.o                        48
    fsmc.o                      316       60       84
    gpio.o                      412
    lcd_drive.o               1 544
    main.o                      350       63      273
    page.o                    2 360
    startup_stm32f407xx.o       768
    stm32f4xx_hal.o             104                 4
    stm32f4xx_hal_cortex.o      320
    stm32f4xx_hal_dma.o         592        8
    stm32f4xx_hal_gpio.o        572
    stm32f4xx_hal_msp.o          94
    stm32f4xx_hal_rcc.o       1 520
    stm32f4xx_hal_sram.o         92
    stm32f4xx_hal_uart.o      1 392
    stm32f4xx_ll_fsmc.o         228
    system_stm32f4xx.o           96       28        4
    touch.o                   1 160                12
    usart.o                     232       64      160
    -------------------------------------------------
    Total:                   13 876   54 399      541

dl7M_tln.a: [2]
    exit.o                        4
    low_level_init.o              4
    -------------------------------------------------
    Total:                        8

m7M_tls.a: [3]
    DblAdd.o                    378
    DblDiv.o                    582
    DblMul.o                    418
    DblSub.o                    226
    DblToS32.o                   58
    S32ToDbl.o                   34
    U32ToDbl.o                   26
    fpinit_M.o                   34
    -------------------------------------------------
    Total:                    1 756

rt7M_tl.a: [4]
    cexit.o                      10
    cmain.o                      30
    copy_init3.o                 44
    cstartup_M.o                 12
    data_init.o                  40
    zero_init3.o                 58
    -------------------------------------------------
    Total:                      194

shb_l.a: [5]
    exit.o                       20
    -------------------------------------------------
    Total:                       20

    Gaps                         20        2
    Linker created                        37    8 192
-----------------------------------------------------
    Grand Total:             15 874   54 438    8 733


*******************************************************************************
*** ENTRY LIST
***

Entry                       Address    Size  Type      Object
-----                       -------    ----  ----      ------
.iar.init_table$$Base    0x801'1090           --   Gb  - Linker created -
.iar.init_table$$Limit   0x801'10b4           --   Gb  - Linker created -
?main                    0x801'10b5          Code  Gb  cmain.o [4]
AHBPrescTable            0x801'10fc    0x10  Data  Gb  system_stm32f4xx.o [1]
APBPrescTable            0x801'1130     0x8  Data  Gb  system_stm32f4xx.o [1]
BACK_COLOR              0x2000'021c     0x2  Data  Gb  main.o [1]
CSTACK$$Base            0x1000'0000           --   Gb  - Linker created -
CSTACK$$Limit           0x1000'2000           --   Gb  - Linker created -
DMA_CalcBaseAndBitshift
                         0x800'f9ff    0x30  Code  Lc  stm32f4xx_hal_dma.o [1]
DMA_CalcBaseAndBitshift::flagBitshiftOffset
                         0x801'1128     0x8  Data  Lc  stm32f4xx_hal_dma.o [1]
DMA_CheckFifoParam       0x800'fa39    0x88  Code  Lc  stm32f4xx_hal_dma.o [1]
DMA_SetConfig            0x800'f9d1    0x2e  Code  Lc  stm32f4xx_hal_dma.o [1]
FSMC_Initialized        0x2000'0214     0x4  Data  Lc  fsmc.o [1]
FSMC_NORSRAM_Extended_Timing_Init
                         0x801'0eb9    0x40  Code  Gb  stm32f4xx_ll_fsmc.o [1]
FSMC_NORSRAM_Init        0x801'0e1d    0x58  Code  Gb  stm32f4xx_ll_fsmc.o [1]
FSMC_NORSRAM_Timing_Init
                         0x801'0e75    0x44  Code  Gb  stm32f4xx_ll_fsmc.o [1]
FT6206_Read_Reg          0x801'049d    0x6c  Code  Gb  touch.o [1]
FT6336_I2C_GPIO_Init     0x801'0211    0x56  Code  Gb  touch.o [1]
Gui_Draw_Line            0x800'e575    0xe0  Code  Gb  GUI.o [1]
Gui_Draw_aPixel          0x800'e561    0x14  Code  Gb  GUI.o [1]
HAL_DMA_Init             0x800'f871    0xe0  Code  Gb  stm32f4xx_hal_dma.o [1]
HAL_DMA_Start_IT         0x800'f951    0x80  Code  Gb  stm32f4xx_hal_dma.o [1]
HAL_FSMC_MspInit         0x801'0153    0x96  Code  Lc  fsmc.o [1]
HAL_GPIO_Init            0x800'eea1   0x1dc  Code  Gb  stm32f4xx_hal_gpio.o [1]
HAL_GPIO_ReadPin         0x800'f07d    0x12  Code  Gb  stm32f4xx_hal_gpio.o [1]
HAL_GPIO_WritePin        0x800'f08f    0x14  Code  Gb  stm32f4xx_hal_gpio.o [1]
HAL_GetTick              0x800'fea1     0xc  Code  Wk  stm32f4xx_hal.o [1]
HAL_Init                 0x800'fed5    0x30  Code  Gb  stm32f4xx_hal.o [1]
HAL_InitTick             0x800'fead    0x28  Code  Wk  stm32f4xx_hal.o [1]
HAL_MspInit              0x801'0d61    0x5e  Code  Gb  stm32f4xx_hal_msp.o [1]
HAL_NVIC_EnableIRQ       0x800'f1cd     0xa  Code  Gb  stm32f4xx_hal_cortex.o [1]
HAL_NVIC_SetPriority     0x800'f1ab    0x22  Code  Gb  stm32f4xx_hal_cortex.o [1]
HAL_NVIC_SetPriorityGrouping
                         0x800'f1a3     0x8  Code  Gb  stm32f4xx_hal_cortex.o [1]
HAL_RCC_ClockConfig      0x800'fac5   0x182  Code  Gb  stm32f4xx_hal_rcc.o [1]
HAL_RCC_GetHCLKFreq      0x800'fc47     0x6  Code  Gb  stm32f4xx_hal_rcc.o [1]
HAL_RCC_GetPCLK1Freq     0x800'fc4d    0x20  Code  Gb  stm32f4xx_hal_rcc.o [1]
HAL_RCC_GetPCLK2Freq     0x800'fc6d    0x20  Code  Gb  stm32f4xx_hal_rcc.o [1]
HAL_RCC_OscConfig        0x801'09ed   0x374  Code  Wk  stm32f4xx_hal_rcc.o [1]
HAL_SRAM_Init            0x801'0dc1    0x5c  Code  Gb  stm32f4xx_hal_sram.o [1]
HAL_SRAM_MspInit         0x801'01e9     0x8  Code  Gb  fsmc.o [1]
HAL_SYSTICK_CLKSourceConfig
                         0x800'f1df    0x1c  Code  Gb  stm32f4xx_hal_cortex.o [1]
HAL_SYSTICK_Config       0x800'f1d7     0x8  Code  Gb  stm32f4xx_hal_cortex.o [1]
HAL_UART_Init            0x800'f21d    0x76  Code  Gb  stm32f4xx_hal_uart.o [1]
HAL_UART_MspInit         0x800'f7c1    0x90  Code  Gb  usart.o [1]
HAL_UART_Receive_DMA     0x800'f2e7    0xb4  Code  Gb  stm32f4xx_hal_uart.o [1]
HAL_UART_RxCpltCallback
                         0x800'f851     0x2  Code  Gb  usart.o [1]
HAL_UART_Transmit_IT     0x800'f293    0x54  Code  Gb  stm32f4xx_hal_uart.o [1]
I2C1_Ack                 0x801'02f3    0x3c  Code  Gb  touch.o [1]
I2C1_Delay_us            0x801'0267    0x14  Code  Gb  touch.o [1]
I2C1_NoAck               0x801'032f    0x3c  Code  Gb  touch.o [1]
I2C1_Read_Byte           0x801'0437    0x66  Code  Gb  touch.o [1]
I2C1_Send_Byte           0x801'03c9    0x6e  Code  Gb  touch.o [1]
I2C1_Start               0x801'027b    0x3c  Code  Gb  touch.o [1]
I2C1_Stop                0x801'02b7    0x3c  Code  Gb  touch.o [1]
I2C1_WaitAck             0x801'036b    0x5e  Code  Gb  touch.o [1]
LCD_CTRL_GPIO_Init       0x800'e829    0x8c  Code  Gb  lcd_drive.o [1]
LCD_Initialize           0x800'e91d   0x37e  Code  Gb  lcd_drive.o [1]
LCD_Rst                  0x800'e8e1    0x2c  Code  Lc  lcd_drive.o [1]
LCD_ShowChar             0x800'e655    0xe2  Code  Gb  GUI.o [1]
LCD_delay                0x800'e8b5    0x2c  Code  Gb  lcd_drive.o [1]
Lcd_Clear_All            0x800'ed6f    0x3c  Code  Gb  lcd_drive.o [1]
Lcd_Clear_Some_Area      0x800'edab    0x72  Code  Gb  lcd_drive.o [1]
Lcd_Set_Region           0x800'ecdd    0x92  Code  Gb  lcd_drive.o [1]
Lcd_Set_XY               0x800'ec9b    0x42  Code  Gb  lcd_drive.o [1]
MX_DMA_Init              0x801'00a5    0x30  Code  Gb  dma.o [1]
MX_FSMC_Init             0x801'00d5    0x7e  Code  Gb  fsmc.o [1]
MX_GPIO_Init             0x800'ff09   0x19c  Code  Gb  gpio.o [1]
MX_NVIC_Init             0x800'fe79    0x24  Code  Lc  main.o [1]
MX_USART1_UART_Init      0x800'f789    0x38  Code  Gb  usart.o [1]
NVIC_EnableIRQ           0x800'f101    0x14  Code  Lc  stm32f4xx_hal_cortex.o [1]
NVIC_EncodePriority      0x800'f139    0x3c  Code  Lc  stm32f4xx_hal_cortex.o [1]
NVIC_GetPriorityGrouping
                         0x800'f0f7     0xa  Code  Lc  stm32f4xx_hal_cortex.o [1]
NVIC_SetPriority         0x800'f115    0x24  Code  Lc  stm32f4xx_hal_cortex.o [1]
NVIC_SetPriorityGrouping
                         0x800'f0dd    0x1a  Code  Lc  stm32f4xx_hal_cortex.o [1]
POINT_COLOR             0x2000'0004     0x2  Data  Gb  main.o [1]
ReadCTP                  0x801'0509   0x182  Code  Gb  touch.o [1]
Region$$Table$$Base      0x801'1090           --   Gb  - Linker created -
Region$$Table$$Limit     0x801'10b4           --   Gb  - Linker created -
SysTick_Config           0x800'f175    0x2e  Code  Lc  stm32f4xx_hal_cortex.o [1]
SystemClock_Config       0x800'fda3    0xbe  Code  Gb  main.o [1]
SystemCoreClock         0x2000'0000     0x4  Data  Gb  system_stm32f4xx.o [1]
SystemInit               0x801'0f01    0x40  Code  Gb  system_stm32f4xx.o [1]
U1_Rec_Buffer           0x2000'0008   0x100  Data  Gb  main.o [1]
UART_DMAError            0x800'f3ed    0x56  Code  Lc  stm32f4xx_hal_uart.o [1]
UART_DMAReceiveCplt      0x800'f39d    0x42  Code  Lc  stm32f4xx_hal_uart.o [1]
UART_DMARxHalfCplt       0x800'f3e1     0xa  Code  Lc  stm32f4xx_hal_uart.o [1]
UART_EndRxTransfer       0x800'f457    0x20  Code  Lc  stm32f4xx_hal_uart.o [1]
UART_EndTxTransfer       0x800'f443    0x14  Code  Lc  stm32f4xx_hal_uart.o [1]
UART_SetConfig           0x800'f477   0x304  Code  Lc  stm32f4xx_hal_uart.o [1]
WriteComm                0x800'e90d     0x8  Code  Gb  lcd_drive.o [1]
WriteData                0x800'e915     0x8  Code  Gb  lcd_drive.o [1]
_Error_Handler           0x800'fe9d     0x2  Code  Gb  main.o [1]
__aeabi_d2iz             0x800'e38d          Code  Gb  DblToS32.o [3]
__aeabi_dadd             0x800'e3e5          Code  Gb  DblAdd.o [3]
__aeabi_ddiv             0x800'e061          Code  Gb  DblDiv.o [3]
__aeabi_dmul             0x800'debd          Code  Gb  DblMul.o [3]
__aeabi_dsub             0x800'e2a9          Code  Gb  DblSub.o [3]
__aeabi_i2d              0x800'de61          Code  Gb  S32ToDbl.o [3]
__aeabi_ui2d             0x800'e3c9          Code  Gb  U32ToDbl.o [3]
__cmain                  0x801'10b5          Code  Gb  cmain.o [4]
__exit                   0x801'10e9    0x14  Code  Gb  exit.o [5]
__iar_copy_init3         0x801'1019    0x2c  Code  Gb  copy_init3.o [4]
__iar_dadd               0x800'e2b9          Code  Gb  DblSub.o [3]
__iar_data_init3         0x801'1045    0x28  Code  Gb  data_init.o [4]
__iar_dsub               0x800'e3f5          Code  Gb  DblAdd.o [3]
__iar_dsubStart          0x800'e407          Code  Gb  DblAdd.o [3]
__iar_init_vfp           0x801'106d          Code  Gb  fpinit_M.o [3]
__iar_program_start      0x801'111d          Code  Gb  cstartup_M.o [4]
__iar_zero_init3         0x800'de83    0x3a  Code  Gb  zero_init3.o [4]
__low_level_init         0x801'10d3     0x4  Code  Gb  low_level_init.o [2]
__vector_table           0x800'0000          Data  Gb  startup_stm32f407xx.o [1]
_call_main               0x801'10c1          Code  Gb  cmain.o [4]
_exit                    0x801'10dd          Code  Gb  cexit.o [4]
_main                    0x801'10cf          Code  Gb  cmain.o [4]
appswitch                0x801'06bf   0x2fc  Code  Gb  app.o [1]
asc32                    0x800'bd68  0x17c0  Data  Gb  GUI.o [1]
asc64                    0x800'0188  0x5f00  Data  Gb  GUI.o [1]
ctplast                 0x2000'0204     0xc  Data  Lc  touch.o [1]
ctpxy                   0x2000'01f8     0xc  Data  Gb  main.o [1]
delay_init               0x800'ee31    0x12  Code  Gb  delay.o [1]
delay_ms                 0x800'ee85    0x1c  Code  Gb  delay.o [1]
delay_us                 0x800'ee43    0x36  Code  Gb  delay.o [1]
exit                     0x801'10d7     0x4  Code  Gb  exit.o [2]
fac_us                  0x2000'0210     0x4  Data  Lc  delay.o [1]
graphpage                0x800'd7b9    0xdc  Code  Gb  page.o [1]
hdma_usart1_rx          0x2000'0108    0x60  Data  Gb  usart.o [1]
hsram1                  0x2000'0168    0x50  Data  Gb  fsmc.o [1]
huart1                  0x2000'01b8    0x40  Data  Gb  usart.o [1]
hz64                     0x800'8f68  0x2e00  Data  Gb  GUI.o [1]
hz80                     0x800'6088  0x2ee0  Data  Gb  GUI.o [1]
leftarrow                0x800'de37    0x2a  Code  Gb  page.o [1]
main                     0x800'fd41    0x62  Code  Gb  main.o [1]
mainpage                 0x800'd605   0x19a  Code  Gb  page.o [1]
pageswitch               0x801'0699    0x26  Code  Gb  app.o [1]
reportpage               0x800'd895    0x86  Code  Gb  page.o [1]
rightarrow               0x800'de0d    0x2a  Code  Gb  page.o [1]
setminute               0x2000'0006     0x1  Data  Gb  main.o [1]
showaxis                 0x800'd935   0x4d8  Code  Gb  page.o [1]
showgraph                0x800'd529    0xdc  Code  Gb  page.o [1]
showhz                   0x800'e737    0xd6  Code  Gb  GUI.o [1]
touchwait                0x801'09bb    0x20  Code  Gb  app.o [1]
uwTick                  0x2000'0218     0x4  Data  Gb  stm32f4xx_hal.o [1]


[1] = E:\研究生期间\材料学院\Spectrum_Display\IAR\Debug\Obj
[2] = dl7M_tln.a
[3] = m7M_tls.a
[4] = rt7M_tl.a
[5] = shb_l.a

  15 874 bytes of readonly  code memory
  54 438 bytes of readonly  data memory
   8 733 bytes of readwrite data memory

Errors: none
Warnings: none
