###############################################################################
#
# IAR ELF Linker V8.30.1.114/W32 for ARM                  06/Nov/2018  21:37:51
# Copyright 2007-2018 IAR Systems AB.
#
#    Output file  =  
#        E:\研究生期间\材料学院\Spectrum_Display\IAR\Debug\Exe\Spectrum_Display.out
#    Map file     =  
#        E:\研究生期间\材料学院\Spectrum_Display\IAR\Debug\List\Spectrum_Display.map
#    Command line =  
#        -f C:\Users\yao\AppData\Local\Temp\EW98AC.tmp
#        (E:\研究生期间\材料学院\Spectrum_Display\IAR\Debug\Obj\app.o
#        E:\研究生期间\材料学院\Spectrum_Display\IAR\Debug\Obj\common.o
#        E:\研究生期间\材料学院\Spectrum_Display\IAR\Debug\Obj\delay.o
#        E:\研究生期间\材料学院\Spectrum_Display\IAR\Debug\Obj\displaywindows.o
#        E:\研究生期间\材料学院\Spectrum_Display\IAR\Debug\Obj\dma.o
#        E:\研究生期间\材料学院\Spectrum_Display\IAR\Debug\Obj\fsmc.o
#        E:\研究生期间\材料学院\Spectrum_Display\IAR\Debug\Obj\gpio.o
#        E:\研究生期间\材料学院\Spectrum_Display\IAR\Debug\Obj\GUI.o
#        E:\研究生期间\材料学院\Spectrum_Display\IAR\Debug\Obj\lcd_drive.o
#        E:\研究生期间\材料学院\Spectrum_Display\IAR\Debug\Obj\main.o
#        E:\研究生期间\材料学院\Spectrum_Display\IAR\Debug\Obj\page.o
#        E:\研究生期间\材料学院\Spectrum_Display\IAR\Debug\Obj\showpicture.o
#        E:\研究生期间\材料学院\Spectrum_Display\IAR\Debug\Obj\startup_stm32f407xx.o
#        E:\研究生期间\材料学院\Spectrum_Display\IAR\Debug\Obj\stm32f4xx_hal.o
#        E:\研究生期间\材料学院\Spectrum_Display\IAR\Debug\Obj\stm32f4xx_hal_cortex.o
#        E:\研究生期间\材料学院\Spectrum_Display\IAR\Debug\Obj\stm32f4xx_hal_dma.o
#        E:\研究生期间\材料学院\Spectrum_Display\IAR\Debug\Obj\stm32f4xx_hal_dma2d.o
#        E:\研究生期间\材料学院\Spectrum_Display\IAR\Debug\Obj\stm32f4xx_hal_dma_ex.o
#        E:\研究生期间\材料学院\Spectrum_Display\IAR\Debug\Obj\stm32f4xx_hal_gpio.o
#        E:\研究生期间\材料学院\Spectrum_Display\IAR\Debug\Obj\stm32f4xx_hal_i2c.o
#        E:\研究生期间\材料学院\Spectrum_Display\IAR\Debug\Obj\stm32f4xx_hal_msp.o
#        E:\研究生期间\材料学院\Spectrum_Display\IAR\Debug\Obj\stm32f4xx_hal_pwr_ex.o
#        E:\研究生期间\材料学院\Spectrum_Display\IAR\Debug\Obj\stm32f4xx_hal_rcc.o
#        E:\研究生期间\材料学院\Spectrum_Display\IAR\Debug\Obj\stm32f4xx_hal_rcc_ex.o
#        E:\研究生期间\材料学院\Spectrum_Display\IAR\Debug\Obj\stm32f4xx_hal_rtc.o
#        E:\研究生期间\材料学院\Spectrum_Display\IAR\Debug\Obj\stm32f4xx_hal_rtc_ex.o
#        E:\研究生期间\材料学院\Spectrum_Display\IAR\Debug\Obj\stm32f4xx_hal_sram.o
#        E:\研究生期间\材料学院\Spectrum_Display\IAR\Debug\Obj\stm32f4xx_hal_tim_ex.o
#        E:\研究生期间\材料学院\Spectrum_Display\IAR\Debug\Obj\stm32f4xx_hal_uart.o
#        E:\研究生期间\材料学院\Spectrum_Display\IAR\Debug\Obj\stm32f4xx_hal_usart.o
#        E:\研究生期间\材料学院\Spectrum_Display\IAR\Debug\Obj\stm32f4xx_ll_fsmc.o
#        E:\研究生期间\材料学院\Spectrum_Display\IAR\Debug\Obj\stm32f4xx_ll_rcc.o
#        E:\研究生期间\材料学院\Spectrum_Display\IAR\Debug\Obj\system_stm32f4xx.o
#        E:\研究生期间\材料学院\Spectrum_Display\IAR\Debug\Obj\touch.o
#        E:\研究生期间\材料学院\Spectrum_Display\IAR\Debug\Obj\usart.o
#        --redirect _Printf=_PrintfSmallNoMb --redirect _Scanf=_ScanfSmallNoMb
#        --no_out_extension -o
#        E:\研究生期间\材料学院\Spectrum_Display\IAR\Debug\Exe\Spectrum_Display.out
#        --map
#        E:\研究生期间\材料学院\Spectrum_Display\IAR\Debug\List\Spectrum_Display.map
#        --config D:\arm\config\linker\ST\stm32f407xE.icf --semihosting --entry
#        __iar_program_start --vfe --text_out locale)
#
###############################################################################

*******************************************************************************
*** RUNTIME MODEL ATTRIBUTES
***

CppFlavor       = *
__SystemLibrary = DLib
__dlib_version  = 6


*******************************************************************************
*** HEAP SELECTION
***

The basic heap was selected because no calls to memory allocation
functions were found in the application outside of system library
functions, and there are calls to deallocation functions in the
application.


*******************************************************************************
*** PLACEMENT SUMMARY
***

"A0":  place at 0x800'0000 { ro section .intvec };
"P1":  place in [from 0x800'0000 to 0x807'ffff] { ro };
define block CSTACK with size = 8K, alignment = 8 { };
"P3":  place in [from 0x1000'0000 to 0x1000'ffff] {
          block CSTACK, section .ccram };
define block HEAP with size = 8K, alignment = 8 { };
"P4":  place in [from 0x2000'0000 to 0x2001'bfff] |
                [from 0x2001'c000 to 0x2001'ffff] { rw, block HEAP };
initialize by copy { rw };

No sections matched the following patterns:

  ro section application_specific_ro  in "P2"
  section .backup_sram                in "P5"
  section .ccram                      in "P3"


  Section            Kind         Address    Size  Object
  -------            ----         -------    ----  ------
"A0":                                       0x188
  .intvec            ro code   0x800'0000   0x188  startup_stm32f407xx.o [1]
                             - 0x800'0188   0x188

"P1":                                      0xc965
  .rodata            const     0x800'0188  0x5f00  GUI.o [1]
  .rodata            const     0x800'6088  0x1a48  displaywindows.o [1]
  .rodata            const     0x800'7ad0  0x17c0  GUI.o [1]
  .text              ro code   0x800'9290   0x664  stm32f4xx_hal_uart.o [1]
  .text              ro code   0x800'98f4   0x1d4  usart.o [1]
  .text              ro code   0x800'9ac8     0xc  stm32f4xx_hal.o [1]
  .text              ro code   0x800'9ad4   0x250  stm32f4xx_hal_dma.o [1]
  .text              ro code   0x800'9d24     0x2  stm32f4xx_hal_uart.o [1]
  .text              ro code   0x800'9d26    0x3a  zero_init3.o [4]
  .text              ro code   0x800'9d60   0x27c  stm32f4xx_hal_rcc.o [1]
  .text              ro code   0x800'9fdc   0x176  main.o [1]
  .text              ro code   0x800'a154   0x23c  stm32f4xx_hal_gpio.o [1]
  .text              ro code   0x800'a390    0x28  stm32f4xx_hal.o [1]
  .text              ro code   0x800'a3b8    0x34  stm32f4xx_hal.o [1]
  .text              ro code   0x800'a3ec   0x19c  gpio.o [1]
  .text              ro code   0x800'a588    0x58  dma.o [1]
  .text              ro code   0x800'a5e0   0x13c  fsmc.o [1]
  .text              ro code   0x800'a71c   0x488  touch.o [1]
  .text              ro code   0x800'aba4   0x608  lcd_drive.o [1]
  .text              ro code   0x800'b1ac    0x34  displaywindows.o [1]
  .text              ro code   0x800'b1e0   0x2e8  app.o [1]
  .text              ro code   0x800'b4c8    0x60  delay.o [1]
  .text              ro code   0x800'b528   0x374  stm32f4xx_hal_rcc.o [1]
  .text              ro code   0x800'b89c   0x140  stm32f4xx_hal_cortex.o [1]
  .text              ro code   0x800'b9dc    0x5e  stm32f4xx_hal_msp.o [1]
  .text              ro code   0x800'ba3c    0x5c  stm32f4xx_hal_sram.o [1]
  .text              ro code   0x800'ba98    0xa0  showpicture.o [1]
  .text              ro code   0x800'bb38   0x56a  page.o [1]
  .text              ro code   0x800'c0a4   0x1ec  GUI.o [1]
  .text              ro code   0x800'c290    0xe4  stm32f4xx_ll_fsmc.o [1]
  .text              ro code   0x800'c374    0x36  strlen.o [4]
  .text              ro code   0x800'c3aa    0x9c  packbits_init.o [4]
  .text              ro code   0x800'c446     0x6  abort.o [2]
  .text              ro code   0x800'c44c    0x14  exit.o [5]
  .text              ro code   0x800'c460    0x60  system_stm32f4xx.o [1]
  .rodata            const     0x800'c4c0    0x40  usart.o [1]
  .rodata            const     0x800'c500    0x3c  fsmc.o [1]
  .rodata            const     0x800'c53c    0x3c  main.o [1]
  .rodata            const     0x800'c578    0x28  page.o [1]
  .text              ro code   0x800'c5a0    0x28  data_init.o [4]
  .text              ro code   0x800'c5c8    0x22  fpinit_M.o [3]
  .iar.init_table    const     0x800'c5ec    0x2c  - Linker created -
  .rodata            const     0x800'c618    0x20  app.o [1]
  .text              ro code   0x800'c638    0x1e  cmain.o [4]
  .text              ro code   0x800'c656     0x4  low_level_init.o [2]
  .text              ro code   0x800'c65a     0x4  exit.o [2]
  .text              ro code   0x800'c660     0xa  cexit.o [4]
  .rodata            const     0x800'c66c    0x14  app.o [1]
  .rodata            const     0x800'c680    0x14  app.o [1]
  .rodata            const     0x800'c694    0x10  app.o [1]
  .rodata            const     0x800'c6a4    0x10  app.o [1]
  .rodata            const     0x800'c6b4    0x10  system_stm32f4xx.o [1]
  .text              ro code   0x800'c6c4    0x10  startup_stm32f407xx.o [1]
  .rodata            const     0x800'c6d4     0xc  displaywindows.o [1]
  .rodata            const     0x800'c6e0     0xc  page.o [1]
  .text              ro code   0x800'c6ec     0xc  cstartup_M.o [4]
  .rodata            const     0x800'c6f8     0x8  page.o [1]
  .rodata            const     0x800'c700     0x8  page.o [1]
  .rodata            const     0x800'c708     0x8  stm32f4xx_hal_dma.o [1]
  .rodata            const     0x800'c710     0x8  system_stm32f4xx.o [1]
  .rodata            const     0x800'c718     0x4  page.o [1]
  .rodata            const     0x800'c71c     0x4  page.o [1]
  .rodata            const     0x800'c720     0x4  page.o [1]
  .rodata            const     0x800'c724     0x4  page.o [1]
  .rodata            const     0x800'c728     0x4  page.o [1]
  .rodata            const     0x800'c72c     0x4  page.o [1]
  .rodata            const     0x800'c730     0x4  page.o [1]
  .rodata            const     0x800'c734     0x4  page.o [1]
  .rodata            const     0x800'c738     0x4  page.o [1]
  .rodata            const     0x800'c73c     0x4  page.o [1]
  .rodata            const     0x800'c740     0x4  page.o [1]
  .rodata            const     0x800'c744     0x4  page.o [1]
  .rodata            const     0x800'c748     0x4  page.o [1]
  .rodata            const     0x800'c74c     0x4  page.o [1]
  .rodata            const     0x800'c750     0x4  page.o [1]
  .rodata            const     0x800'c754     0x4  page.o [1]
  .rodata            const     0x800'c758     0x4  page.o [1]
  .rodata            const     0x800'c75c     0x4  page.o [1]
  .rodata            const     0x800'c760     0x4  page.o [1]
  .text              ro code   0x800'c764     0x4  startup_stm32f407xx.o [1]
  .text              ro code   0x800'c768     0x4  startup_stm32f407xx.o [1]
  .text              ro code   0x800'c76c     0x4  startup_stm32f407xx.o [1]
  .text              ro code   0x800'c770     0x4  startup_stm32f407xx.o [1]
  .text              ro code   0x800'c774     0x4  startup_stm32f407xx.o [1]
  .text              ro code   0x800'c778     0x4  startup_stm32f407xx.o [1]
  .text              ro code   0x800'c77c     0x4  startup_stm32f407xx.o [1]
  .text              ro code   0x800'c780     0x4  startup_stm32f407xx.o [1]
  .text              ro code   0x800'c784     0x4  startup_stm32f407xx.o [1]
  .text              ro code   0x800'c788     0x4  startup_stm32f407xx.o [1]
  .text              ro code   0x800'c78c     0x4  startup_stm32f407xx.o [1]
  .text              ro code   0x800'c790     0x4  startup_stm32f407xx.o [1]
  .text              ro code   0x800'c794     0x4  startup_stm32f407xx.o [1]
  .text              ro code   0x800'c798     0x4  startup_stm32f407xx.o [1]
  .text              ro code   0x800'c79c     0x4  startup_stm32f407xx.o [1]
  .text              ro code   0x800'c7a0     0x4  startup_stm32f407xx.o [1]
  .text              ro code   0x800'c7a4     0x4  startup_stm32f407xx.o [1]
  .text              ro code   0x800'c7a8     0x4  startup_stm32f407xx.o [1]
  .text              ro code   0x800'c7ac     0x4  startup_stm32f407xx.o [1]
  .text              ro code   0x800'c7b0     0x4  startup_stm32f407xx.o [1]
  .text              ro code   0x800'c7b4     0x4  startup_stm32f407xx.o [1]
  .text              ro code   0x800'c7b8     0x4  startup_stm32f407xx.o [1]
  .text              ro code   0x800'c7bc     0x4  startup_stm32f407xx.o [1]
  .text              ro code   0x800'c7c0     0x4  startup_stm32f407xx.o [1]
  .text              ro code   0x800'c7c4     0x4  startup_stm32f407xx.o [1]
  .text              ro code   0x800'c7c8     0x4  startup_stm32f407xx.o [1]
  .text              ro code   0x800'c7cc     0x4  startup_stm32f407xx.o [1]
  .text              ro code   0x800'c7d0     0x4  startup_stm32f407xx.o [1]
  .text              ro code   0x800'c7d4     0x4  startup_stm32f407xx.o [1]
  .text              ro code   0x800'c7d8     0x4  startup_stm32f407xx.o [1]
  .text              ro code   0x800'c7dc     0x4  startup_stm32f407xx.o [1]
  .text              ro code   0x800'c7e0     0x4  startup_stm32f407xx.o [1]
  .text              ro code   0x800'c7e4     0x4  startup_stm32f407xx.o [1]
  .text              ro code   0x800'c7e8     0x4  startup_stm32f407xx.o [1]
  .text              ro code   0x800'c7ec     0x4  startup_stm32f407xx.o [1]
  .text              ro code   0x800'c7f0     0x4  startup_stm32f407xx.o [1]
  .text              ro code   0x800'c7f4     0x4  startup_stm32f407xx.o [1]
  .text              ro code   0x800'c7f8     0x4  startup_stm32f407xx.o [1]
  .text              ro code   0x800'c7fc     0x4  startup_stm32f407xx.o [1]
  .text              ro code   0x800'c800     0x4  startup_stm32f407xx.o [1]
  .text              ro code   0x800'c804     0x4  startup_stm32f407xx.o [1]
  .text              ro code   0x800'c808     0x4  startup_stm32f407xx.o [1]
  .text              ro code   0x800'c80c     0x4  startup_stm32f407xx.o [1]
  .text              ro code   0x800'c810     0x4  startup_stm32f407xx.o [1]
  .text              ro code   0x800'c814     0x4  startup_stm32f407xx.o [1]
  .text              ro code   0x800'c818     0x4  startup_stm32f407xx.o [1]
  .text              ro code   0x800'c81c     0x4  startup_stm32f407xx.o [1]
  .text              ro code   0x800'c820     0x4  startup_stm32f407xx.o [1]
  .text              ro code   0x800'c824     0x4  startup_stm32f407xx.o [1]
  .text              ro code   0x800'c828     0x4  startup_stm32f407xx.o [1]
  .text              ro code   0x800'c82c     0x4  startup_stm32f407xx.o [1]
  .text              ro code   0x800'c830     0x4  startup_stm32f407xx.o [1]
  .text              ro code   0x800'c834     0x4  startup_stm32f407xx.o [1]
  .text              ro code   0x800'c838     0x4  startup_stm32f407xx.o [1]
  .text              ro code   0x800'c83c     0x4  startup_stm32f407xx.o [1]
  .text              ro code   0x800'c840     0x4  startup_stm32f407xx.o [1]
  .text              ro code   0x800'c844     0x4  startup_stm32f407xx.o [1]
  .text              ro code   0x800'c848     0x4  startup_stm32f407xx.o [1]
  .text              ro code   0x800'c84c     0x4  startup_stm32f407xx.o [1]
  .text              ro code   0x800'c850     0x4  startup_stm32f407xx.o [1]
  .text              ro code   0x800'c854     0x4  startup_stm32f407xx.o [1]
  .text              ro code   0x800'c858     0x4  startup_stm32f407xx.o [1]
  .text              ro code   0x800'c85c     0x4  startup_stm32f407xx.o [1]
  .text              ro code   0x800'c860     0x4  startup_stm32f407xx.o [1]
  .text              ro code   0x800'c864     0x4  startup_stm32f407xx.o [1]
  .text              ro code   0x800'c868     0x4  startup_stm32f407xx.o [1]
  .text              ro code   0x800'c86c     0x4  startup_stm32f407xx.o [1]
  .text              ro code   0x800'c870     0x4  startup_stm32f407xx.o [1]
  .text              ro code   0x800'c874     0x4  startup_stm32f407xx.o [1]
  .text              ro code   0x800'c878     0x4  startup_stm32f407xx.o [1]
  .text              ro code   0x800'c87c     0x4  startup_stm32f407xx.o [1]
  .text              ro code   0x800'c880     0x4  startup_stm32f407xx.o [1]
  .text              ro code   0x800'c884     0x4  startup_stm32f407xx.o [1]
  .text              ro code   0x800'c888     0x4  startup_stm32f407xx.o [1]
  .text              ro code   0x800'c88c     0x4  startup_stm32f407xx.o [1]
  .text              ro code   0x800'c890     0x4  startup_stm32f407xx.o [1]
  .text              ro code   0x800'c894     0x4  startup_stm32f407xx.o [1]
  .text              ro code   0x800'c898     0x4  startup_stm32f407xx.o [1]
  .text              ro code   0x800'c89c     0x4  startup_stm32f407xx.o [1]
  .text              ro code   0x800'c8a0     0x4  startup_stm32f407xx.o [1]
  .text              ro code   0x800'c8a4     0x4  startup_stm32f407xx.o [1]
  .text              ro code   0x800'c8a8     0x4  startup_stm32f407xx.o [1]
  .text              ro code   0x800'c8ac     0x4  startup_stm32f407xx.o [1]
  .text              ro code   0x800'c8b0     0x4  startup_stm32f407xx.o [1]
  .text              ro code   0x800'c8b4     0x4  startup_stm32f407xx.o [1]
  .text              ro code   0x800'c8b8     0x4  startup_stm32f407xx.o [1]
  .text              ro code   0x800'c8bc     0x4  startup_stm32f407xx.o [1]
  .text              ro code   0x800'c8c0     0x4  startup_stm32f407xx.o [1]
  .text              ro code   0x800'c8c4     0x4  startup_stm32f407xx.o [1]
  .rodata            const     0x800'c8c8     0x0  zero_init3.o [4]
  .rodata            const     0x800'c8c8     0x0  packbits_init.o [4]
  Initializer bytes  const     0x800'c8c8   0x225  <for P4 s0>
                             - 0x800'caed  0xc965

"P3":                                      0x2000
  CSTACK                      0x1000'0000  0x2000  <Block>
    CSTACK           uninit   0x1000'0000  0x2000  <Block tail>
                            - 0x1000'2000  0x2000

"P4", part 1 of 2:                         0x105e
  P4 s0                       0x2000'0000  0x105e  <Init block>
    .data            inited   0x2000'0000  0x1000  page.o [1]
    .data            inited   0x2000'1000    0x54  page.o [1]
    .data            inited   0x2000'1054     0x4  app.o [1]
    .data            inited   0x2000'1058     0x4  system_stm32f4xx.o [1]
    .data            inited   0x2000'105c     0x2  main.o [1]
                            - 0x2000'105e  0x105e

"P4", part 2 of 2:                          0x5c4
  .bss               zero     0x2000'1060   0x408  app.o [1]
  .bss               zero     0x2000'1468    0x60  usart.o [1]
  .bss               zero     0x2000'14c8    0x60  usart.o [1]
  .bss               zero     0x2000'1528    0x50  fsmc.o [1]
  .bss               zero     0x2000'1578    0x40  usart.o [1]
  .bss               zero     0x2000'15b8    0x40  usart.o [1]
  .bss               zero     0x2000'15f8     0xc  main.o [1]
  .bss               zero     0x2000'1604     0xc  touch.o [1]
  .bss               zero     0x2000'1610     0x4  delay.o [1]
  .bss               zero     0x2000'1614     0x4  fsmc.o [1]
  .bss               zero     0x2000'1618     0x4  stm32f4xx_hal.o [1]
  .bss               zero     0x2000'161c     0x2  main.o [1]
  .bss               zero     0x2000'161e     0x1  app.o [1]
  .bss               zero     0x2000'161f     0x1  main.o [1]
  .bss               zero     0x2000'1620     0x1  main.o [1]
  .bss               zero     0x2000'1621     0x1  main.o [1]
                            - 0x2000'1622   0x5c2

Unused ranges:

         From           To      Size
         ----           --      ----
   0x800'caed   0x807'ffff  0x7'3513
  0x1000'2000  0x1000'ffff    0xe000
  0x2000'105e  0x2000'105f       0x2
  0x2000'1624  0x2001'bfff  0x1'a9dc
  0x2001'c000  0x2001'ffff    0x4000


*******************************************************************************
*** INIT TABLE
***

          Address      Size
          -------      ----
Zero (__iar_zero_init3)
    1 destination range, total size 0x5c2:
          0x2000'1060   0x5c2

Copy/packbits (__iar_packbits_init3)
    1 source range, total size 0x225 (13% of destination):
           0x800'c8c8   0x225
    1 destination range, total size 0x105e:
          0x2000'0000  0x105e



*******************************************************************************
*** MODULE SUMMARY
***

    Module                  ro code  ro data  rw data
    ------                  -------  -------  -------
command line/config:
    -------------------------------------------------
    Total:

E:\研究生期间\材料学院\Spectrum_Display\IAR\Debug\Obj: [1]
    GUI.o                       492   30 400
    app.o                       744      105    1 037
    delay.o                      96                 4
    displaywindows.o             52    6 740
    dma.o                        88
    fsmc.o                      316       60       84
    gpio.o                      412
    lcd_drive.o               1 544
    main.o                      374       61       19
    page.o                    1 386      691    4 180
    showpicture.o               160
    startup_stm32f407xx.o       764
    stm32f4xx_hal.o             104                 4
    stm32f4xx_hal_cortex.o      320
    stm32f4xx_hal_dma.o         592        8
    stm32f4xx_hal_gpio.o        572
    stm32f4xx_hal_msp.o          94
    stm32f4xx_hal_rcc.o       1 520
    stm32f4xx_hal_sram.o         92
    stm32f4xx_hal_uart.o      1 638
    stm32f4xx_ll_fsmc.o         228
    system_stm32f4xx.o           96       24        4
    touch.o                   1 160                12
    usart.o                     468       64      320
    -------------------------------------------------
    Total:                   13 312   38 153    5 664

dl7M_tln.a: [2]
    abort.o                       6
    exit.o                        4
    low_level_init.o              4
    -------------------------------------------------
    Total:                       14

m7M_tls.a: [3]
    fpinit_M.o                   34
    -------------------------------------------------
    Total:                       34

rt7M_tl.a: [4]
    cexit.o                      10
    cmain.o                      30
    cstartup_M.o                 12
    data_init.o                  40
    packbits_init.o             156
    strlen.o                     54
    zero_init3.o                 58
    -------------------------------------------------
    Total:                      360

shb_l.a: [5]
    exit.o                       20
    -------------------------------------------------
    Total:                       20

    Gaps                          8        4
    Linker created                        44    8 192
-----------------------------------------------------
    Grand Total:             13 748   38 201   13 856


*******************************************************************************
*** ENTRY LIST
***

Entry                       Address    Size  Type      Object
-----                       -------    ----  ----      ------
.iar.init_table$$Base    0x800'c5ec           --   Gb  - Linker created -
.iar.init_table$$Limit   0x800'c618           --   Gb  - Linker created -
?main                    0x800'c639          Code  Gb  cmain.o [4]
AHBPrescTable            0x800'c6b4    0x10  Data  Gb  system_stm32f4xx.o [1]
APBPrescTable            0x800'c710     0x8  Data  Gb  system_stm32f4xx.o [1]
AppEnableRecDMA          0x800'b40d    0x5e  Code  Gb  app.o [1]
AppReceiveDmaFinish     0x2000'161e     0x1  Data  Gb  app.o [1]
AppSpecRecData          0x2000'1060   0x408  Data  Gb  app.o [1]
AppSpectrumDisplay       0x800'b2eb    0x32  Code  Gb  app.o [1]
AppStartSample           0x800'b387    0x86  Code  Gb  app.o [1]
AppStartSampleArray     0x2000'1054     0x4  Data  Gb  app.o [1]
AppSwitch                0x800'b1e1   0x10a  Code  Gb  app.o [1]
App_y_axis_move          0x800'b31d    0x6a  Code  Gb  app.o [1]
BACK_COLOR              0x2000'161c     0x2  Data  Gb  main.o [1]
CSTACK$$Base            0x1000'0000           --   Gb  - Linker created -
CSTACK$$Limit           0x1000'2000           --   Gb  - Linker created -
DMA1_Stream5_IRQHandler
                         0x800'9291     0xc  Code  Gb  stm32f4xx_hal_uart.o [1]
DMA_CalcBaseAndBitshift
                         0x800'9c63    0x30  Code  Lc  stm32f4xx_hal_dma.o [1]
DMA_CalcBaseAndBitshift::flagBitshiftOffset
                         0x800'c708     0x8  Data  Lc  stm32f4xx_hal_dma.o [1]
DMA_CheckFifoParam       0x800'9c9d    0x88  Code  Lc  stm32f4xx_hal_dma.o [1]
DMA_SetConfig            0x800'9c35    0x2e  Code  Lc  stm32f4xx_hal_dma.o [1]
DisplayNumArray         0x2000'1000    0x54  Data  Gb  page.o [1]
FSMC_Initialized        0x2000'1614     0x4  Data  Lc  fsmc.o [1]
FSMC_NORSRAM_Extended_Timing_Init
                         0x800'c32d    0x40  Code  Gb  stm32f4xx_ll_fsmc.o [1]
FSMC_NORSRAM_Init        0x800'c291    0x58  Code  Gb  stm32f4xx_ll_fsmc.o [1]
FSMC_NORSRAM_Timing_Init
                         0x800'c2e9    0x44  Code  Gb  stm32f4xx_ll_fsmc.o [1]
FT6206_Read_Reg          0x800'a9a9    0x6c  Code  Gb  touch.o [1]
FT6336_I2C_GPIO_Init     0x800'a71d    0x56  Code  Gb  touch.o [1]
Gui_Draw_Line            0x800'c0b9    0xe0  Code  Gb  GUI.o [1]
Gui_Draw_aPixel          0x800'c0a5    0x14  Code  Gb  GUI.o [1]
HAL_DMA_Init             0x800'9ad5    0xe0  Code  Gb  stm32f4xx_hal_dma.o [1]
HAL_DMA_Start_IT         0x800'9bb5    0x80  Code  Gb  stm32f4xx_hal_dma.o [1]
HAL_FSMC_MspInit         0x800'a65f    0x96  Code  Lc  fsmc.o [1]
HAL_GPIO_Init            0x800'a155   0x1dc  Code  Gb  stm32f4xx_hal_gpio.o [1]
HAL_GPIO_ReadPin         0x800'a331    0x12  Code  Gb  stm32f4xx_hal_gpio.o [1]
HAL_GPIO_WritePin        0x800'a343    0x14  Code  Gb  stm32f4xx_hal_gpio.o [1]
HAL_GetTick              0x800'9ac9     0xc  Code  Wk  stm32f4xx_hal.o [1]
HAL_Init                 0x800'a3b9    0x30  Code  Gb  stm32f4xx_hal.o [1]
HAL_InitTick             0x800'a391    0x28  Code  Wk  stm32f4xx_hal.o [1]
HAL_MspInit              0x800'b9dd    0x5e  Code  Gb  stm32f4xx_hal_msp.o [1]
HAL_NVIC_EnableIRQ       0x800'b98d     0xa  Code  Gb  stm32f4xx_hal_cortex.o [1]
HAL_NVIC_SetPriority     0x800'b96b    0x22  Code  Gb  stm32f4xx_hal_cortex.o [1]
HAL_NVIC_SetPriorityGrouping
                         0x800'b963     0x8  Code  Gb  stm32f4xx_hal_cortex.o [1]
HAL_RCC_ClockConfig      0x800'9d61   0x182  Code  Gb  stm32f4xx_hal_rcc.o [1]
HAL_RCC_GetHCLKFreq      0x800'9ee3     0x6  Code  Gb  stm32f4xx_hal_rcc.o [1]
HAL_RCC_GetPCLK1Freq     0x800'9ee9    0x20  Code  Gb  stm32f4xx_hal_rcc.o [1]
HAL_RCC_GetPCLK2Freq     0x800'9f09    0x20  Code  Gb  stm32f4xx_hal_rcc.o [1]
HAL_RCC_OscConfig        0x800'b529   0x374  Code  Wk  stm32f4xx_hal_rcc.o [1]
HAL_SRAM_Init            0x800'ba3d    0x5c  Code  Gb  stm32f4xx_hal_sram.o [1]
HAL_SRAM_MspInit         0x800'a6f5     0x8  Code  Gb  fsmc.o [1]
HAL_SYSTICK_CLKSourceConfig
                         0x800'b99f    0x1c  Code  Gb  stm32f4xx_hal_cortex.o [1]
HAL_SYSTICK_Config       0x800'b997     0x8  Code  Gb  stm32f4xx_hal_cortex.o [1]
HAL_UART_Init            0x800'92a1    0x76  Code  Gb  stm32f4xx_hal_uart.o [1]
HAL_UART_MspInit         0x800'9965   0x112  Code  Gb  usart.o [1]
HAL_UART_Receive_DMA     0x800'93f3    0xb2  Code  Gb  stm32f4xx_hal_uart.o [1]
HAL_UART_RxCpltCallback
                         0x800'9a77    0x1a  Code  Gb  usart.o [1]
HAL_UART_Transmit        0x800'9317    0xdc  Code  Gb  stm32f4xx_hal_uart.o [1]
I2C1_Ack                 0x800'a7ff    0x3c  Code  Gb  touch.o [1]
I2C1_Delay_us            0x800'a773    0x14  Code  Gb  touch.o [1]
I2C1_NoAck               0x800'a83b    0x3c  Code  Gb  touch.o [1]
I2C1_Read_Byte           0x800'a943    0x66  Code  Gb  touch.o [1]
I2C1_Send_Byte           0x800'a8d5    0x6e  Code  Gb  touch.o [1]
I2C1_Start               0x800'a787    0x3c  Code  Gb  touch.o [1]
I2C1_Stop                0x800'a7c3    0x3c  Code  Gb  touch.o [1]
I2C1_WaitAck             0x800'a877    0x5e  Code  Gb  touch.o [1]
LCD_CTRL_GPIO_Init       0x800'aba5    0x8c  Code  Gb  lcd_drive.o [1]
LCD_Initialize           0x800'ac99   0x37e  Code  Gb  lcd_drive.o [1]
LCD_Rst                  0x800'ac5d    0x2c  Code  Lc  lcd_drive.o [1]
LCD_ShowChar             0x800'c199    0xe2  Code  Gb  GUI.o [1]
LCD_delay                0x800'ac31    0x2c  Code  Gb  lcd_drive.o [1]
LcdDisplayBackground     0x800'b1ad     0xc  Code  Gb  displaywindows.o [1]
LcdDisplayWindows        0x800'b1b9    0x1e  Code  Gb  displaywindows.o [1]
LcdShowIconName          0x800'badb    0x54  Code  Gb  showpicture.o [1]
LcdShowPicture           0x800'ba99    0x42  Code  Gb  showpicture.o [1]
Lcd_Clear_All            0x800'b0eb    0x3c  Code  Gb  lcd_drive.o [1]
Lcd_Clear_Some_Area      0x800'b127    0x72  Code  Gb  lcd_drive.o [1]
Lcd_Set_Region           0x800'b059    0x92  Code  Gb  lcd_drive.o [1]
Lcd_Set_XY               0x800'b017    0x42  Code  Gb  lcd_drive.o [1]
MX_DMA_Init              0x800'a589    0x58  Code  Gb  dma.o [1]
MX_FSMC_Init             0x800'a5e1    0x7e  Code  Gb  fsmc.o [1]
MX_GPIO_Init             0x800'a3ed   0x19c  Code  Gb  gpio.o [1]
MX_NVIC_Init             0x800'a11d    0x34  Code  Lc  main.o [1]
MX_USART1_UART_Init      0x800'98f5    0x38  Code  Gb  usart.o [1]
MX_USART2_UART_Init      0x800'992d    0x38  Code  Gb  usart.o [1]
MainDispalyBackground   0x2000'1620     0x1  Data  Gb  main.o [1]
MainFuntionSelect       0x2000'161f     0x1  Data  Gb  main.o [1]
NVIC_EnableIRQ           0x800'b8c1    0x14  Code  Lc  stm32f4xx_hal_cortex.o [1]
NVIC_EncodePriority      0x800'b8f9    0x3c  Code  Lc  stm32f4xx_hal_cortex.o [1]
NVIC_GetPriorityGrouping
                         0x800'b8b7     0xa  Code  Lc  stm32f4xx_hal_cortex.o [1]
NVIC_SetPriority         0x800'b8d5    0x24  Code  Lc  stm32f4xx_hal_cortex.o [1]
NVIC_SetPriorityGrouping
                         0x800'b89d    0x1a  Code  Lc  stm32f4xx_hal_cortex.o [1]
POINT_COLOR             0x2000'105c     0x2  Data  Gb  main.o [1]
PageClearAreaBelow_y_axis
                         0x800'beab    0x1a  Code  Gb  page.o [1]
PageClearSpectrumArea    0x800'bf97    0x18  Code  Gb  page.o [1]
PageDisplayBeforeSample
                         0x800'bfdd    0x24  Code  Gb  page.o [1]
PageDisplayIsSample      0x800'c001    0x26  Code  Gb  page.o [1]
PageDisplayNumBelow_y_axis
                         0x800'bdf7    0x42  Code  Gb  page.o [1]
PageDisplaySpectrum      0x800'bec5    0x4a  Code  Gb  page.o [1]
PageDisplayString        0x800'c045    0x5e  Code  Gb  page.o [1]
PageMoveNumBelow_y_axis
                         0x800'be39    0x72  Code  Gb  page.o [1]
PageMoveSpectrum         0x800'bf0f    0x88  Code  Gb  page.o [1]
PageShowAxis             0x800'bb39   0x2be  Code  Gb  page.o [1]
PageSpectrumInit         0x800'bfaf    0x2e  Code  Gb  page.o [1]
ReadCTP                  0x800'aa15   0x182  Code  Gb  touch.o [1]
Region$$Table$$Base      0x800'c5ec           --   Gb  - Linker created -
Region$$Table$$Limit     0x800'c618           --   Gb  - Linker created -
SysTick_Config           0x800'b935    0x2e  Code  Lc  stm32f4xx_hal_cortex.o [1]
SystemClock_Config       0x800'a043    0xbe  Code  Gb  main.o [1]
SystemCoreClock         0x2000'1058     0x4  Data  Gb  system_stm32f4xx.o [1]
SystemInit               0x800'c461    0x40  Code  Gb  system_stm32f4xx.o [1]
UART_DMAError            0x800'94e9    0x56  Code  Lc  stm32f4xx_hal_uart.o [1]
UART_DMAReceiveCplt      0x800'94a5    0x42  Code  Lc  stm32f4xx_hal_uart.o [1]
UART_EndRxTransfer       0x800'95c1    0x20  Code  Lc  stm32f4xx_hal_uart.o [1]
UART_EndTxTransfer       0x800'95ad    0x14  Code  Lc  stm32f4xx_hal_uart.o [1]
UART_SetConfig           0x800'95e1   0x304  Code  Lc  stm32f4xx_hal_uart.o [1]
UART_WaitOnFlagUntilTimeout
                         0x800'953f    0x6e  Code  Lc  stm32f4xx_hal_uart.o [1]
WriteComm                0x800'ac89     0x8  Code  Gb  lcd_drive.o [1]
WriteData                0x800'ac91     0x8  Code  Gb  lcd_drive.o [1]
_Error_Handler           0x800'a151     0x2  Code  Gb  main.o [1]
__cmain                  0x800'c639          Code  Gb  cmain.o [4]
__exit                   0x800'c44d    0x14  Code  Gb  exit.o [5]
__iar_data_init3         0x800'c5a1    0x28  Code  Gb  data_init.o [4]
__iar_init_vfp           0x800'c5c9          Code  Gb  fpinit_M.o [3]
__iar_packbits_init3     0x800'c3ab    0x9c  Code  Gb  packbits_init.o [4]
__iar_program_start      0x800'c6ed          Code  Gb  cstartup_M.o [4]
__iar_zero_init3         0x800'9d27    0x3a  Code  Gb  zero_init3.o [4]
__low_level_init         0x800'c657     0x4  Code  Gb  low_level_init.o [2]
__vector_table           0x800'0000          Data  Gb  startup_stm32f407xx.o [1]
_call_main               0x800'c645          Code  Gb  cmain.o [4]
_exit                    0x800'c661          Code  Gb  cexit.o [4]
_main                    0x800'c653          Code  Gb  cmain.o [4]
abort                    0x800'c447     0x6  Code  Gb  abort.o [2]
asc32                    0x800'7ad0  0x17c0  Data  Gb  GUI.o [1]
asc64                    0x800'0188  0x5f00  Data  Gb  GUI.o [1]
ctplast                 0x2000'1604     0xc  Data  Lc  touch.o [1]
ctpxy                   0x2000'15f8     0xc  Data  Gb  main.o [1]
delay_ms                 0x800'b50d    0x1c  Code  Gb  delay.o [1]
delay_us                 0x800'b4c9    0x36  Code  Gb  delay.o [1]
exit                     0x800'c65b     0x4  Code  Gb  exit.o [2]
fac_us                  0x2000'1610     0x4  Data  Lc  delay.o [1]
gImage_Spectrum          0x800'6088  0x1a48  Data  Gb  displaywindows.o [1]
hdma_usart1_rx          0x2000'1468    0x60  Data  Gb  usart.o [1]
hdma_usart2_rx          0x2000'14c8    0x60  Data  Gb  usart.o [1]
hsram1                  0x2000'1528    0x50  Data  Gb  fsmc.o [1]
huart1                  0x2000'1578    0x40  Data  Gb  usart.o [1]
huart2                  0x2000'15b8    0x40  Data  Gb  usart.o [1]
main                     0x800'9fdd    0x66  Code  Gb  main.o [1]
strlen                   0x800'c375          Code  Gb  strlen.o [4]
test_data               0x2000'0000  0x1000  Data  Gb  page.o [1]
touchoffset             0x2000'1621     0x1  Data  Gb  main.o [1]
touchwait                0x800'b46b    0x20  Code  Gb  app.o [1]
uwTick                  0x2000'1618     0x4  Data  Gb  stm32f4xx_hal.o [1]


[1] = E:\研究生期间\材料学院\Spectrum_Display\IAR\Debug\Obj
[2] = dl7M_tln.a
[3] = m7M_tls.a
[4] = rt7M_tl.a
[5] = shb_l.a

  13 748 bytes of readonly  code memory
  38 201 bytes of readonly  data memory
  13 856 bytes of readwrite data memory

Errors: none
Warnings: none
